<html>
<body>
<pre>
<h1>µVision Build Log</h1>
<h2>Tool Versions:</h2>
IDE-Version: ¦ÌVision V5.37.0.0
Copyright (C) 2022 ARM Ltd and ARM Germany GmbH. All rights reserved.
License Information: Lu Robin, USTS, LIC=9WSKC-73MZQ-BS2YX-HGFSI-74GU7-4FSRV
 
Tool Versions:
Toolchain:       MDK-ARM Plus  Version: 5.37.0.0
Toolchain Path:  C:\Keil_ARM\ARM\ARMCLANG\Bin
C Compiler:      ArmClang.exe V6.18
Assembler:       Armasm.exe V6.18
Linker/Locator:  ArmLink.exe V6.18
Library Manager: ArmAr.exe V6.18
Hex Converter:   FromElf.exe V6.18
CPU DLL:         SARMCM3.DLL V5.37.0.0
Dialog DLL:      DARMCM1.DLL V1.19.6.0
Target DLL:      CMSIS_AGDI.dll V1.33.12.0
Dialog DLL:      TARMCM1.DLL V1.14.6.0
 
<h2>Project:</h2>
D:\Projects\PCB\ESP12µç³Ø\leagcy\MDK-ARM\F.uvprojx
Project File Date:  09/07/2023

<h2>Output:</h2>
*** Using Compiler 'V6.18', folder: 'C:\Keil_ARM\ARM\ARMCLANG\Bin'
Rebuild target 'F'
assembling startup_stm32g030xx.s...
compiling stm32g0xx_hal_adc_ex.c...
compiling stm32g0xx_ll_adc.c...
compiling stm32g0xx_ll_rcc.c...
compiling SEGGER_RTT_printf.c...
compiling SEGGER_RTT.c...
compiling stm32g0xx_hal_flash.c...
compiling main.c...
compiling stm32g0xx_hal_flash_ex.c...
compiling stm32g0xx_hal_msp.c...
compiling stm32g0xx_it.c...
compiling stm32g0xx_hal_rcc_ex.c...
compiling i2c.c...
compiling stm32g0xx_hal_rcc.c...
compiling stm32g0xx_hal_adc.c...
compiling stm32g0xx_hal_gpio.c...
compiling stm32g0xx_ll_dma.c...
compiling stm32g0xx_hal_dma.c...
compiling stm32g0xx_hal_dma_ex.c...
compiling stm32g0xx_hal_pwr.c...
compiling stm32g0xx_hal_pwr_ex.c...
compiling stm32g0xx_hal_cortex.c...
compiling stm32g0xx_hal_tim.c...
compiling stm32g0xx_hal_i2c_ex.c...
compiling stm32g0xx_hal_tim_ex.c...
compiling stm32g0xx_hal_exti.c...
compiling stm32g0xx_hal.c...
compiling stm32g0xx_hal_uart_ex.c...
compiling system_stm32g0xx.c...
compiling stm32g0xx_hal_uart.c...
compiling stm32g0xx_hal_i2c.c...
linking...
Program Size: Code=25624 RO-data=1376 RW-data=28 ZI-data=3140  
FromELF: creating hex file...
".\F\F.axf" - 0 Error(s), 0 Warning(s).

<h2>Software Packages used:</h2>

Package Vendor: ARM
                http://www.keil.com/pack/ARM.CMSIS.5.9.0.pack
                ARM.CMSIS.5.9.0
                CMSIS (Common Microcontroller Software Interface Standard)
   * Component: CORE Version: 5.6.0

Package Vendor: Keil
                http://www.keil.com/pack/Keil.STM32G0xx_DFP.1.4.0.pack
                Keil.STM32G0xx_DFP.1.4.0
                STMicroelectronics STM32G0 Series Device Support

<h2>Collection of Component include folders:</h2>
  ./RTE/_F
  C:/Users/Administrator/AppData/Local/Arm/Packs/ARM/CMSIS/5.9.0/CMSIS/Core/Include
  C:/Users/Administrator/AppData/Local/Arm/Packs/Keil/STM32G0xx_DFP/1.4.0/Drivers/CMSIS/Device/ST/STM32G0xx/Include

<h2>Collection of Component Files used:</h2>

   * Component: ARM::CMSIS:CORE:5.6.0
      Include file:  CMSIS/Core/Include/tz_context.h
Build Time Elapsed:  00:00:02
</pre>
</body>
</html>
