Component: Arm Compiler for Embedded 6.18 Tool: armlink [5e4cc100]

==============================================================================

Section Cross References

    startup_stm32g030xx.o(STACK) refers (Special) to heapauxi.o(.text) for __use_two_region_memory
    startup_stm32g030xx.o(HEAP) refers (Special) to heapauxi.o(.text) for __use_two_region_memory
    startup_stm32g030xx.o(RESET) refers (Special) to heapauxi.o(.text) for __use_two_region_memory
    startup_stm32g030xx.o(RESET) refers to startup_stm32g030xx.o(STACK) for __initial_sp
    startup_stm32g030xx.o(RESET) refers to startup_stm32g030xx.o(.text) for Reset_Handler
    startup_stm32g030xx.o(RESET) refers to stm32g0xx_it.o(.text.NMI_Handler) for NMI_Handler
    startup_stm32g030xx.o(RESET) refers to stm32g0xx_it.o(.text.HardFault_Handler) for HardFault_Handler
    startup_stm32g030xx.o(RESET) refers to stm32g0xx_it.o(.text.SVC_Handler) for SVC_Handler
    startup_stm32g030xx.o(RESET) refers to stm32g0xx_it.o(.text.PendSV_Handler) for PendSV_Handler
    startup_stm32g030xx.o(RESET) refers to stm32g0xx_it.o(.text.SysTick_Handler) for SysTick_Handler
    startup_stm32g030xx.o(.text) refers (Special) to heapauxi.o(.text) for __use_two_region_memory
    startup_stm32g030xx.o(.text) refers to system_stm32g0xx.o(.text.SystemInit) for SystemInit
    startup_stm32g030xx.o(.text) refers to __main.o(!!!main) for __main
    startup_stm32g030xx.o(.text) refers to startup_stm32g030xx.o(HEAP) for Heap_Mem
    startup_stm32g030xx.o(.text) refers to startup_stm32g030xx.o(STACK) for Stack_Mem
    main.o(.text.main) refers to stm32g0xx_hal.o(.text.HAL_Init) for HAL_Init
    main.o(.text.main) refers to main.o(.text.SystemClock_Config) for SystemClock_Config
    main.o(.text.main) refers to main.o(.text.MX_GPIO_Init) for MX_GPIO_Init
    main.o(.text.main) refers to main.o(.text.MX_USART1_UART_Init) for MX_USART1_UART_Init
    main.o(.text.main) refers to main.o(.text.MX_ADC1_Init) for MX_ADC1_Init
    main.o(.text.main) refers to i2c.o(.text.I2C_Soft_Init) for I2C_Soft_Init
    main.o(.text.main) refers to segger_rtt.o(.text.SEGGER_RTT_SetTerminal) for SEGGER_RTT_SetTerminal
    main.o(.text.main) refers to segger_rtt.o(.text.SEGGER_RTT_ConfigUpBuffer) for SEGGER_RTT_ConfigUpBuffer
    main.o(.text.main) refers to segger_rtt.o(.text.SEGGER_RTT_ConfigDownBuffer) for SEGGER_RTT_ConfigDownBuffer
    main.o(.text.main) refers to i2c.o(.text.bq34z100_get_all_info) for bq34z100_get_all_info
    main.o(.text.main) refers to stm32g0xx_hal_adc.o(.text.HAL_ADC_Start) for HAL_ADC_Start
    main.o(.text.main) refers to stm32g0xx_hal_adc.o(.text.HAL_ADC_GetValue) for HAL_ADC_GetValue
    main.o(.text.main) refers to fflti.o(.text) for __aeabi_ui2f
    main.o(.text.main) refers to fdiv.o(.text) for __aeabi_fdiv
    main.o(.text.main) refers to f2d.o(.text) for __aeabi_f2d
    main.o(.text.main) refers to dmul.o(.text) for __aeabi_dmul
    main.o(.text.main) refers to daddsub.o(.text) for __aeabi_dadd
    main.o(.text.main) refers to d2f.o(.text) for __aeabi_d2f
    main.o(.text.main) refers to sprintf.o(.text) for sprintf
    main.o(.text.main) refers to segger_rtt_printf.o(.text.SEGGER_RTT_printf) for SEGGER_RTT_printf
    main.o(.text.main) refers to strlen.o(.text) for strlen
    main.o(.text.main) refers to stm32g0xx_hal_uart.o(.text.HAL_UART_Transmit) for HAL_UART_Transmit
    main.o(.text.main) refers to fmul.o(x$fpl$fmul) for __aeabi_fmul
    main.o(.text.main) refers to stm32g0xx_hal.o(.text.HAL_Delay) for HAL_Delay
    main.o(.text.main) refers to main.o(.rodata.str1.1) for [Anonymous Symbol]
    main.o(.text.main) refers to main.o(.bss.batt_info) for batt_info
    main.o(.text.main) refers to main.o(.bss.hadc1) for hadc1
    main.o(.text.main) refers to main.o(.bss.huart1) for huart1
    main.o(.ARM.exidx.text.main) refers to main.o(.text.main) for [Anonymous Symbol]
    main.o(.text.SystemClock_Config) refers to rt_memclr.o(.text) for __aeabi_memclr4
    main.o(.text.SystemClock_Config) refers to stm32g0xx_hal_pwr_ex.o(.text.HAL_PWREx_ControlVoltageScaling) for HAL_PWREx_ControlVoltageScaling
    main.o(.text.SystemClock_Config) refers to stm32g0xx_hal_rcc.o(.text.HAL_RCC_OscConfig) for HAL_RCC_OscConfig
    main.o(.text.SystemClock_Config) refers to main.o(.text.Error_Handler) for Error_Handler
    main.o(.text.SystemClock_Config) refers to stm32g0xx_hal_rcc.o(.text.HAL_RCC_ClockConfig) for HAL_RCC_ClockConfig
    main.o(.ARM.exidx.text.SystemClock_Config) refers to main.o(.text.SystemClock_Config) for [Anonymous Symbol]
    main.o(.text.MX_GPIO_Init) refers to stm32g0xx_hal_gpio.o(.text.HAL_GPIO_Init) for HAL_GPIO_Init
    main.o(.ARM.exidx.text.MX_GPIO_Init) refers to main.o(.text.MX_GPIO_Init) for [Anonymous Symbol]
    main.o(.text.MX_USART1_UART_Init) refers to stm32g0xx_hal_uart.o(.text.HAL_UART_Init) for HAL_UART_Init
    main.o(.text.MX_USART1_UART_Init) refers to main.o(.text.Error_Handler) for Error_Handler
[...]
    [Anonymous Symbol]                       0x08005592   Section        0  system_stm32g0xx.o(.text.SystemInit)
    UARTEx_SetNbDataToProcess                0x08005595   Thumb Code   140  stm32g0xx_hal_uart_ex.o(.text.UARTEx_SetNbDataToProcess)
    [Anonymous Symbol]                       0x08005594   Section        0  stm32g0xx_hal_uart_ex.o(.text.UARTEx_SetNbDataToProcess)
    __arm_cp.10_0                            0x08005620   Number         4  stm32g0xx_hal_uart_ex.o(.text.UARTEx_SetNbDataToProcess)
    __arm_cp.10_1                            0x08005624   Number         4  stm32g0xx_hal_uart_ex.o(.text.UARTEx_SetNbDataToProcess)
    [Anonymous Symbol]                       0x08005628   Section        0  stm32g0xx_hal_uart.o(.text.UART_AdvFeatureConfig)
    [Anonymous Symbol]                       0x08005784   Section        0  stm32g0xx_hal_uart.o(.text.UART_CheckIdleState)
    __arm_cp.4_0                             0x0800582c   Number         4  stm32g0xx_hal_uart.o(.text.UART_CheckIdleState)
    [Anonymous Symbol]                       0x08005830   Section        0  stm32g0xx_hal_uart.o(.text.UART_SetConfig)
    __arm_cp.2_0                             0x08005ae0   Number         4  stm32g0xx_hal_uart.o(.text.UART_SetConfig)
    __arm_cp.2_1                             0x08005ae4   Number         4  stm32g0xx_hal_uart.o(.text.UART_SetConfig)
    __arm_cp.2_2                             0x08005ae8   Number         4  stm32g0xx_hal_uart.o(.text.UART_SetConfig)
    __arm_cp.2_3                             0x08005aec   Number         4  stm32g0xx_hal_uart.o(.text.UART_SetConfig)
    __arm_cp.2_4                             0x08005af0   Number         4  stm32g0xx_hal_uart.o(.text.UART_SetConfig)
    __arm_cp.2_5                             0x08005af4   Number         4  stm32g0xx_hal_uart.o(.text.UART_SetConfig)
    __arm_cp.2_6                             0x08005af8   Number         4  stm32g0xx_hal_uart.o(.text.UART_SetConfig)
    [Anonymous Symbol]                       0x08005afc   Section        0  stm32g0xx_hal_uart.o(.text.UART_WaitOnFlagUntilTimeout)
    _DoInit                                  0x08005c91   Thumb Code   128  segger_rtt.o(.text._DoInit)
    [Anonymous Symbol]                       0x08005c90   Section        0  segger_rtt.o(.text._DoInit)
    __arm_cp.1_0                             0x08005d10   Number         4  segger_rtt.o(.text._DoInit)
    __arm_cp.1_1                             0x08005d14   Number         4  segger_rtt.o(.text._DoInit)
    __arm_cp.1_2                             0x08005d18   Number         4  segger_rtt.o(.text._DoInit)
    __arm_cp.1_3                             0x08005d1c   Number         4  segger_rtt.o(.text._DoInit)
    __arm_cp.1_4                             0x08005d20   Number         4  segger_rtt.o(.text._DoInit)
    _GetAvailWriteSpace                      0x08005d25   Thumb Code    62  segger_rtt.o(.text._GetAvailWriteSpace)
    [Anonymous Symbol]                       0x08005d24   Section        0  segger_rtt.o(.text._GetAvailWriteSpace)
    _PrintInt                                0x08005d63   Thumb Code   482  segger_rtt_printf.o(.text._PrintInt)
    [Anonymous Symbol]                       0x08005d62   Section        0  segger_rtt_printf.o(.text._PrintInt)
    _PrintUnsigned                           0x08005f45   Thumb Code   452  segger_rtt_printf.o(.text._PrintUnsigned)
    [Anonymous Symbol]                       0x08005f44   Section        0  segger_rtt_printf.o(.text._PrintUnsigned)
    __arm_cp.3_0                             0x08006108   Number         4  segger_rtt_printf.o(.text._PrintUnsigned)
    _StoreChar                               0x0800610d   Thumb Code   116  segger_rtt_printf.o(.text._StoreChar)
    [Anonymous Symbol]                       0x0800610c   Section        0  segger_rtt_printf.o(.text._StoreChar)
    _WriteBlocking                           0x08006181   Thumb Code   224  segger_rtt.o(.text._WriteBlocking)
    [Anonymous Symbol]                       0x08006180   Section        0  segger_rtt.o(.text._WriteBlocking)
    _WriteNoCheck                            0x08006261   Thumb Code   132  segger_rtt.o(.text._WriteNoCheck)
    [Anonymous Symbol]                       0x08006260   Section        0  segger_rtt.o(.text._WriteNoCheck)
    __NVIC_SetPriority                       0x080062e5   Thumb Code   124  stm32g0xx_hal_cortex.o(.text.__NVIC_SetPriority)
    [Anonymous Symbol]                       0x080062e4   Section        0  stm32g0xx_hal_cortex.o(.text.__NVIC_SetPriority)
    __arm_cp.1_0                             0x08006360   Number         4  stm32g0xx_hal_cortex.o(.text.__NVIC_SetPriority)
    __arm_cp.1_1                             0x08006364   Number         4  stm32g0xx_hal_cortex.o(.text.__NVIC_SetPriority)
    [Anonymous Symbol]                       0x08006368   Section        0  i2c.o(.text.bq34z100_get_all_info)
    __arm_cp.31_0                            0x08006544   Number         4  i2c.o(.text.bq34z100_get_all_info)
    __arm_cp.31_1                            0x08006548   Number         4  i2c.o(.text.bq34z100_get_all_info)
    __arm_cp.31_2                            0x0800654c   Number         4  i2c.o(.text.bq34z100_get_all_info)
    __arm_cp.31_3                            0x08006550   Number         4  i2c.o(.text.bq34z100_get_all_info)
    __arm_cp.31_4                            0x08006554   Number         4  i2c.o(.text.bq34z100_get_all_info)
    __arm_cp.31_5                            0x08006558   Number         4  i2c.o(.text.bq34z100_get_all_info)
    __arm_cp.31_6                            0x0800655c   Number         4  i2c.o(.text.bq34z100_get_all_info)
    __arm_cp.31_7                            0x08006560   Number         4  i2c.o(.text.bq34z100_get_all_info)
    __arm_cp.31_8                            0x08006564   Number         4  i2c.o(.text.bq34z100_get_all_info)
    __arm_cp.31_9                            0x08006568   Number         4  i2c.o(.text.bq34z100_get_all_info)
    __arm_cp.31_10                           0x0800656c   Number         4  i2c.o(.text.bq34z100_get_all_info)
    __arm_cp.31_11                           0x08006570   Number         4  i2c.o(.text.bq34z100_get_all_info)
    __arm_cp.31_12                           0x08006574   Number         4  i2c.o(.text.bq34z100_get_all_info)
    __arm_cp.31_14                           0x08006578   Number         4  i2c.o(.text.bq34z100_get_all_info)
    [Anonymous Symbol]                       0x0800657c   Section        0  i2c.o(.text.bq34z100_get_average_current)
    [Anonymous Symbol]                       0x080065a4   Section        0  i2c.o(.text.bq34z100_get_cycle_count)
    [Anonymous Symbol]                       0x080065c8   Section        0  i2c.o(.text.bq34z100_get_flags)
    [Anonymous Symbol]                       0x080065ec   Section        0  i2c.o(.text.bq34z100_get_full_charge_capacity)
    [Anonymous Symbol]                       0x08006610   Section        0  i2c.o(.text.bq34z100_get_recommended_charge_current)
    [Anonymous Symbol]                       0x08006638   Section        0  i2c.o(.text.bq34z100_get_remaining_capacity)
    [Anonymous Symbol]                       0x0800665c   Section        0  i2c.o(.text.bq34z100_get_soc)
    [Anonymous Symbol]                       0x08006680   Section        0  i2c.o(.text.bq34z100_get_soh)
    [Anonymous Symbol]                       0x080066a4   Section        0  i2c.o(.text.bq34z100_get_temperature)
    [Anonymous Symbol]                       0x080066cc   Section        0  i2c.o(.text.bq34z100_get_time_to_empty)
    [Anonymous Symbol]                       0x080066f0   Section        0  i2c.o(.text.bq34z100_get_time_to_full)
    [Anonymous Symbol]                       0x08006714   Section        0  i2c.o(.text.bq34z100_get_voltage)
    [Anonymous Symbol]                       0x08006738   Section        0  main.o(.text.main)
    __arm_cp.0_0                             0x08006844   Number         4  main.o(.text.main)
    __arm_cp.0_1                             0x08006848   Number         4  main.o(.text.main)
    __arm_cp.0_2                             0x0800684c   Number         4  main.o(.text.main)
    __arm_cp.0_3                             0x08006850   Number         4  main.o(.text.main)
    __arm_cp.0_4                             0x08006854   Number         4  main.o(.text.main)
    __arm_cp.0_5                             0x08006858   Number         4  main.o(.text.main)
    __arm_cp.0_6                             0x0800685c   Number         4  main.o(.text.main)
    __arm_cp.0_7                             0x08006860   Number         4  main.o(.text.main)
    __arm_cp.0_8                             0x08006864   Number         4  main.o(.text.main)
    __arm_cp.0_9                             0x08006868   Number         4  main.o(.text.main)
    __arm_cp.0_10                            0x0800686c   Number         4  main.o(.text.main)
    i.__ARM_common_ll_muluu                  0x08006870   Section        0  btod.o(i.__ARM_common_ll_muluu)
    i.__ARM_fpclassify                       0x080068a0   Section        0  fpclassify.o(i.__ARM_fpclassify)
    i._is_digit                              0x080068cc   Section        0  __printf_wp.o(i._is_digit)
    locale$$code                             0x080068dc   Section       44  lc_numeric_c.o(locale$$code)
    locale$$code                             0x08006908   Section       44  lc_ctype_c.o(locale$$code)
    x$fpl$fmul                               0x08006934   Section      176  fmul.o(x$fpl$fmul)
    x$fpl$printf1                            0x080069e4   Section       16  printf1.o(x$fpl$printf1)
    x$fpl$printf2                            0x080069f4   Section       16  printf2.o(x$fpl$printf2)
    fdiv_tab                                 0x08006a04   Data          64  fdiv.o(.constdata)
    .constdata                               0x08006a04   Section       64  fdiv.o(.constdata)
    x$fpl$usenofp                            0x08006a04   Section        0  usenofp.o(x$fpl$usenofp)
    initial_mbstate                          0x08006a44   Data           8  _printf_wctomb.o(.constdata)
    .constdata                               0x08006a44   Section        8  _printf_wctomb.o(.constdata)
    uc_hextab                                0x08006a4c   Data          20  _printf_hex_int_ll_ptr.o(.constdata)
    .constdata                               0x08006a4c   Section       40  _printf_hex_int_ll_ptr.o(.constdata)
    lc_hextab                                0x08006a60   Data          20  _printf_hex_int_ll_ptr.o(.constdata)
    maptable                                 0x08006a74   Data          17  __printf_flags_ss_wp.o(.constdata)
    .constdata                               0x08006a74   Section       17  __printf_flags_ss_wp.o(.constdata)
    lc_hextab                                0x08006a85   Data          19  _printf_fp_hex.o(.constdata)
    .constdata                               0x08006a85   Section       38  _printf_fp_hex.o(.constdata)
    uc_hextab                                0x08006a98   Data          19  _printf_fp_hex.o(.constdata)
    tenpwrs_x                                0x08006aac   Data          60  bigflt0.o(.constdata)
    .constdata                               0x08006aac   Section      148  bigflt0.o(.constdata)
    tenpwrs_i                                0x08006ae8   Data          64  bigflt0.o(.constdata)
    UARTEx_SetNbDataToProcess.denominator    0x08006ba0   Data           8  stm32g0xx_hal_uart_ex.o(.rodata.UARTEx_SetNbDataToProcess.denominator)
    [Anonymous Symbol]                       0x08006ba0   Section        0  stm32g0xx_hal_uart_ex.o(.rodata.UARTEx_SetNbDataToProcess.denominator)
    UARTEx_SetNbDataToProcess.numerator      0x08006ba8   Data           8  stm32g0xx_hal_uart_ex.o(.rodata.UARTEx_SetNbDataToProcess.numerator)
    [Anonymous Symbol]                       0x08006ba8   Section        0  stm32g0xx_hal_uart_ex.o(.rodata.UARTEx_SetNbDataToProcess.numerator)
    _DoInit._aInitStr                        0x08006bc8   Data          17  segger_rtt.o(.rodata._DoInit._aInitStr)
    [Anonymous Symbol]                       0x08006bc8   Section        0  segger_rtt.o(.rodata._DoInit._aInitStr)
    _PrintUnsigned._aV2C                     0x08006bd9   Data          16  segger_rtt_printf.o(.rodata._PrintUnsigned._aV2C)
    [Anonymous Symbol]                       0x08006bd9   Section        0  segger_rtt_printf.o(.rodata._PrintUnsigned._aV2C)
    [Anonymous Symbol]                       0x08006be9   Section        0  main.o(.rodata.str1.1)
    [Anonymous Symbol]                       0x08006c14   Section        0  i2c.o(.rodata.str1.1)
    [Anonymous Symbol]                       0x08006d3b   Section        0  segger_rtt.o(.rodata.str1.1)
    locale$$data                             0x08006d64   Section       28  lc_numeric_c.o(locale$$data)
    __lcnum_c_name                           0x08006d68   Data           2  lc_numeric_c.o(locale$$data)
    __lcnum_c_start                          0x08006d70   Data           0  lc_numeric_c.o(locale$$data)
    __lcnum_c_point                          0x08006d7c   Data           0  lc_numeric_c.o(locale$$data)
    __lcnum_c_thousands                      0x08006d7e   Data           0  lc_numeric_c.o(locale$$data)
    __lcnum_c_grouping                       0x08006d7f   Data           0  lc_numeric_c.o(locale$$data)
    __lcnum_c_end                            0x08006d80   Data           0  lc_numeric_c.o(locale$$data)
    locale$$data                             0x08006d80   Section      272  lc_ctype_c.o(locale$$data)
    __lcctype_c_name                         0x08006d84   Data           2  lc_ctype_c.o(locale$$data)
    __lcctype_c_start                        0x08006d8c   Data           0  lc_ctype_c.o(locale$$data)
    __lcctype_c_end                          0x08006e90   Data           0  lc_ctype_c.o(locale$$data)
    _aTerminalId                             0x20000004   Data          16  segger_rtt.o(.data._aTerminalId)
    [Anonymous Symbol]                       0x20000004   Section        0  segger_rtt.o(.data._aTerminalId)
    .bss                                     0x20000020   Section       96  libspace.o(.bss)
    _ActiveTerminal                          0x20000080   Data           1  segger_rtt.o(.bss._ActiveTerminal)
    [Anonymous Symbol]                       0x20000080   Section        0  segger_rtt.o(.bss._ActiveTerminal)
    _acDownBuffer                            0x2000012c   Data          16  segger_rtt.o(.bss._acDownBuffer)
    [Anonymous Symbol]                       0x2000012c   Section        0  segger_rtt.o(.bss._acDownBuffer)
    _acUpBuffer                              0x2000013c   Data        1024  segger_rtt.o(.bss._acUpBuffer)
    [Anonymous Symbol]                       0x2000013c   Section        0  segger_rtt.o(.bss._acUpBuffer)
    Heap_Mem                                 0x20000650   Data         512  startup_stm32g030xx.o(HEAP)
    HEAP                                     0x20000650   Section      512  startup_stm32g030xx.o(HEAP)
    Stack_Mem                                0x20000850   Data        1024  startup_stm32g030xx.o(STACK)
    STACK                                    0x20000850   Section     1024  startup_stm32g030xx.o(STACK)
    __initial_sp                             0x20000c50   Data           0  startup_stm32g030xx.o(STACK)

    Global Symbols

    Symbol Name                              Value     Ov Type        Size  Object(Section)

    BuildAttributes$$THM_ISAv3M$S$PE$A:L22$X:L11$S22$IEEE1$IW$~IW$USESV6$~STKCKD$USESV7$~SHL$OTIME$ROPI$IEEEJ$EBA8$UX$STANDARDLIB$REQ8$PRES8$EABIv2 0x00000000   Number         0  anon$$obj.o ABSOLUTE
    _printf_flags                            0x00000000   Number         0  printf_stubs.o ABSOLUTE
    _printf_return_value                     0x00000000   Number         0  printf_stubs.o ABSOLUTE
    _printf_sizespec                         0x00000000   Number         0  printf_stubs.o ABSOLUTE
    _printf_widthprec                        0x00000000   Number         0  printf_stubs.o ABSOLUTE
    __ARM_exceptions_init                     - Undefined Weak Reference
    __alloca_initialize                       - Undefined Weak Reference
    __arm_preinit_                            - Undefined Weak Reference
    __arm_relocate_pie_                       - Undefined Weak Reference
    __cpp_initialize__aeabi_                  - Undefined Weak Reference
    __cxa_finalize                            - Undefined Weak Reference
    __sigvec_lookup                           - Undefined Weak Reference
    _atexit_init                              - Undefined Weak Reference
    _call_atexit_fns                          - Undefined Weak Reference
    _clock_init                               - Undefined Weak Reference
    _fp_trap_init                             - Undefined Weak Reference
    _fp_trap_shutdown                         - Undefined Weak Reference
    _get_lc_collate                           - Undefined Weak Reference
    _get_lc_monetary                          - Undefined Weak Reference
    _get_lc_time                              - Undefined Weak Reference
    _getenv_init                              - Undefined Weak Reference
    _handle_redirection                       - Undefined Weak Reference
    _init_alloc                               - Undefined Weak Reference
    _init_user_alloc                          - Undefined Weak Reference
    _initio                                   - Undefined Weak Reference
    _printf_mbtowc                            - Undefined Weak Reference
    _printf_wc                                - Undefined Weak Reference
    _rand_init                                - Undefined Weak Reference
    _signal_finish                            - Undefined Weak Reference
    _signal_init                              - Undefined Weak Reference
    _terminate_alloc                          - Undefined Weak Reference
    _terminate_user_alloc                     - Undefined Weak Reference
    _terminateio                              - Undefined Weak Reference
    __Vectors_Size                           0x000000c0   Number         0  startup_stm32g030xx.o ABSOLUTE
    __Vectors                                0x08000000   Data           4  startup_stm32g030xx.o(RESET)
    __Vectors_End                            0x080000c0   Data           0  startup_stm32g030xx.o(RESET)
    __main                                   0x080000c1   Thumb Code     8  __main.o(!!!main)
    __scatterload                            0x080000c9   Thumb Code     0  __scatter.o(!!!scatter)
    __scatterload_rt2                        0x080000c9   Thumb Code    52  __scatter.o(!!!scatter)
    __scatterload_rt2_thumb_only             0x080000c9   Thumb Code     0  __scatter.o(!!!scatter)
    __scatterload_null                       0x080000d9   Thumb Code     0  __scatter.o(!!!scatter)
    __scatterload_copy                       0x08000105   Thumb Code    26  __scatter_copy.o(!!handler_copy)
    __scatterload_zeroinit                   0x08000121   Thumb Code    28  __scatter_zi.o(!!handler_zi)
    _printf_percent                          0x0800013d   Thumb Code     0  _printf_percent.o(.ARM.Collect$$_printf_percent$$00000000)
    _printf_n                                0x0800013f   Thumb Code     0  _printf_n.o(.ARM.Collect$$_printf_percent$$00000001)
    _printf_p                                0x08000149   Thumb Code     0  _printf_p.o(.ARM.Collect$$_printf_percent$$00000002)
    _printf_f                                0x08000153   Thumb Code     0  _printf_f.o(.ARM.Collect$$_printf_percent$$00000003)
    _printf_e                                0x0800015d   Thumb Code     0  _printf_e.o(.ARM.Collect$$_printf_percent$$00000004)
    _printf_g                                0x08000167   Thumb Code     0  _printf_g.o(.ARM.Collect$$_printf_percent$$00000005)
    _printf_a                                0x08000171   Thumb Code     0  _printf_a.o(.ARM.Collect$$_printf_percent$$00000006)
    _printf_ll                               0x0800017b   Thumb Code     0  _printf_ll.o(.ARM.Collect$$_printf_percent$$00000007)
    _printf_i                                0x08000185   Thumb Code     0  _printf_i.o(.ARM.Collect$$_printf_percent$$00000008)
    _printf_d                                0x0800018f   Thumb Code     0  _printf_d.o(.ARM.Collect$$_printf_percent$$00000009)
    _printf_u                                0x08000199   Thumb Code     0  _printf_u.o(.ARM.Collect$$_printf_percent$$0000000A)
    _printf_o                                0x080001a3   Thumb Code     0  _printf_o.o(.ARM.Collect$$_printf_percent$$0000000B)
    _printf_x                                0x080001ad   Thumb Code     0  _printf_x.o(.ARM.Collect$$_printf_percent$$0000000C)
    _printf_lli                              0x080001b7   Thumb Code     0  _printf_lli.o(.ARM.Collect$$_printf_percent$$0000000D)
    _printf_lld                              0x080001c1   Thumb Code     0  _printf_lld.o(.ARM.Collect$$_printf_percent$$0000000E)
    _printf_llu                              0x080001cb   Thumb Code     0  _printf_llu.o(.ARM.Collect$$_printf_percent$$0000000F)
    _printf_llo                              0x080001d5   Thumb Code     0  _printf_llo.o(.ARM.Collect$$_printf_percent$$00000010)
    _printf_llx                              0x080001df   Thumb Code     0  _printf_llx.o(.ARM.Collect$$_printf_percent$$00000011)
    _printf_l                                0x080001e9   Thumb Code     0  _printf_l.o(.ARM.Collect$$_printf_percent$$00000012)
    _printf_c                                0x080001f3   Thumb Code     0  _printf_c.o(.ARM.Collect$$_printf_percent$$00000013)
    _printf_s                                0x080001fd   Thumb Code     0  _printf_s.o(.ARM.Collect$$_printf_percent$$00000014)
    _printf_lc                               0x08000207   Thumb Code     0  _printf_lc.o(.ARM.Collect$$_printf_percent$$00000015)
    _printf_ls                               0x08000211   Thumb Code     0  _printf_ls.o(.ARM.Collect$$_printf_percent$$00000016)
    _printf_percent_end                      0x0800021b   Thumb Code     0  _printf_percent_end.o(.ARM.Collect$$_printf_percent$$00000017)
    __rt_lib_init                            0x0800021f   Thumb Code     0  libinit.o(.ARM.Collect$$libinit$$00000000)
    __rt_lib_init_fp_1                       0x08000221   Thumb Code     0  libinit2.o(.ARM.Collect$$libinit$$00000002)
    __rt_lib_init_heap_1                     0x08000221   Thumb Code     0  libinit2.o(.ARM.Collect$$libinit$$0000000C)
    __rt_lib_init_lc_common                  0x08000221   Thumb Code     0  libinit2.o(.ARM.Collect$$libinit$$00000011)
    __rt_lib_init_preinit_1                  0x08000221   Thumb Code     0  libinit2.o(.ARM.Collect$$libinit$$00000006)
    __rt_lib_init_rand_1                     0x08000221   Thumb Code     0  libinit2.o(.ARM.Collect$$libinit$$00000010)
    __rt_lib_init_relocate_pie_1             0x08000221   Thumb Code     0  libinit2.o(.ARM.Collect$$libinit$$00000004)
    __rt_lib_init_user_alloc_1               0x08000221   Thumb Code     0  libinit2.o(.ARM.Collect$$libinit$$0000000E)
    __rt_lib_init_lc_collate_1               0x08000227   Thumb Code     0  libinit2.o(.ARM.Collect$$libinit$$00000013)
    __rt_lib_init_lc_ctype_2                 0x08000227   Thumb Code     0  libinit2.o(.ARM.Collect$$libinit$$00000014)
    __rt_lib_init_lc_ctype_1                 0x08000233   Thumb Code     0  libinit2.o(.ARM.Collect$$libinit$$00000015)
    __rt_lib_init_lc_monetary_1              0x08000233   Thumb Code     0  libinit2.o(.ARM.Collect$$libinit$$00000017)
    __rt_lib_init_lc_numeric_2               0x08000233   Thumb Code     0  libinit2.o(.ARM.Collect$$libinit$$00000018)
    __rt_lib_init_alloca_1                   0x0800023d   Thumb Code     0  libinit2.o(.ARM.Collect$$libinit$$00000030)
    __rt_lib_init_argv_1                     0x0800023d   Thumb Code     0  libinit2.o(.ARM.Collect$$libinit$$0000002E)
    __rt_lib_init_atexit_1                   0x0800023d   Thumb Code     0  libinit2.o(.ARM.Collect$$libinit$$0000001D)
    __rt_lib_init_clock_1                    0x0800023d   Thumb Code     0  libinit2.o(.ARM.Collect$$libinit$$00000023)
    __rt_lib_init_cpp_1                      0x0800023d   Thumb Code     0  libinit2.o(.ARM.Collect$$libinit$$00000034)
    __rt_lib_init_exceptions_1               0x0800023d   Thumb Code     0  libinit2.o(.ARM.Collect$$libinit$$00000032)
    __rt_lib_init_fp_trap_1                  0x0800023d   Thumb Code     0  libinit2.o(.ARM.Collect$$libinit$$00000021)
    __rt_lib_init_getenv_1                   0x0800023d   Thumb Code     0  libinit2.o(.ARM.Collect$$libinit$$00000025)
    __rt_lib_init_lc_numeric_1               0x0800023d   Thumb Code     0  libinit2.o(.ARM.Collect$$libinit$$00000019)
    __rt_lib_init_lc_time_1                  0x0800023d   Thumb Code     0  libinit2.o(.ARM.Collect$$libinit$$0000001B)
    __rt_lib_init_return                     0x0800023d   Thumb Code     0  libinit2.o(.ARM.Collect$$libinit$$00000035)
    __rt_lib_init_signal_1                   0x0800023d   Thumb Code     0  libinit2.o(.ARM.Collect$$libinit$$0000001F)
    __rt_lib_init_stdio_1                    0x0800023d   Thumb Code     0  libinit2.o(.ARM.Collect$$libinit$$00000027)
    __rt_lib_shutdown                        0x0800023f   Thumb Code     0  libshutdown.o(.ARM.Collect$$libshutdown$$00000000)
    __rt_lib_shutdown_cpp_1                  0x08000241   Thumb Code     0  libshutdown2.o(.ARM.Collect$$libshutdown$$00000002)
    __rt_lib_shutdown_fp_trap_1              0x08000241   Thumb Code     0  libshutdown2.o(.ARM.Collect$$libshutdown$$00000007)
    __rt_lib_shutdown_heap_1                 0x08000241   Thumb Code     0  libshutdown2.o(.ARM.Collect$$libshutdown$$0000000F)
    __rt_lib_shutdown_return                 0x08000241   Thumb Code     0  libshutdown2.o(.ARM.Collect$$libshutdown$$00000010)
    __rt_lib_shutdown_signal_1               0x08000241   Thumb Code     0  libshutdown2.o(.ARM.Collect$$libshutdown$$0000000A)
    __rt_lib_shutdown_stdio_1                0x08000241   Thumb Code     0  libshutdown2.o(.ARM.Collect$$libshutdown$$00000004)
    __rt_lib_shutdown_user_alloc_1           0x08000241   Thumb Code     0  libshutdown2.o(.ARM.Collect$$libshutdown$$0000000C)
    __rt_entry                               0x08000243   Thumb Code     0  __rtentry.o(.ARM.Collect$$rtentry$$00000000)
    __rt_entry_presh_1                       0x08000243   Thumb Code     0  __rtentry2.o(.ARM.Collect$$rtentry$$00000002)
    __rt_entry_sh                            0x08000243   Thumb Code     0  __rtentry4.o(.ARM.Collect$$rtentry$$00000004)
    __rt_entry_li                            0x08000249   Thumb Code     0  __rtentry2.o(.ARM.Collect$$rtentry$$0000000A)
    __rt_entry_postsh_1                      0x08000249   Thumb Code     0  __rtentry2.o(.ARM.Collect$$rtentry$$00000009)
    __rt_entry_main                          0x0800024d   Thumb Code     0  __rtentry2.o(.ARM.Collect$$rtentry$$0000000D)
    __rt_entry_postli_1                      0x0800024d   Thumb Code     0  __rtentry2.o(.ARM.Collect$$rtentry$$0000000C)
    __rt_exit                                0x08000255   Thumb Code     0  rtexit.o(.ARM.Collect$$rtexit$$00000000)
    __rt_exit_ls                             0x08000257   Thumb Code     0  rtexit2.o(.ARM.Collect$$rtexit$$00000003)
    __rt_exit_prels_1                        0x08000257   Thumb Code     0  rtexit2.o(.ARM.Collect$$rtexit$$00000002)
    __rt_exit_exit                           0x0800025b   Thumb Code     0  rtexit2.o(.ARM.Collect$$rtexit$$00000004)
    __aeabi_memcpy4                          0x08000261   Thumb Code    56  rt_memcpy.o(.emb_text)
    __aeabi_memcpy8                          0x08000261   Thumb Code     0  rt_memcpy.o(.emb_text)
    Reset_Handler                            0x08000299   Thumb Code     8  startup_stm32g030xx.o(.text)
    ADC1_IRQHandler                          0x080002ab   Thumb Code     0  startup_stm32g030xx.o(.text)
    DMA1_Ch4_5_DMAMUX1_OVR_IRQHandler        0x080002ab   Thumb Code     0  startup_stm32g030xx.o(.text)
    DMA1_Channel1_IRQHandler                 0x080002ab   Thumb Code     0  startup_stm32g030xx.o(.text)
    DMA1_Channel2_3_IRQHandler               0x080002ab   Thumb Code     0  startup_stm32g030xx.o(.text)
    EXTI0_1_IRQHandler                       0x080002ab   Thumb Code     0  startup_stm32g030xx.o(.text)
    EXTI2_3_IRQHandler                       0x080002ab   Thumb Code     0  startup_stm32g030xx.o(.text)
    EXTI4_15_IRQHandler                      0x080002ab   Thumb Code     0  startup_stm32g030xx.o(.text)
    FLASH_IRQHandler                         0x080002ab   Thumb Code     0  startup_stm32g030xx.o(.text)
    I2C1_IRQHandler                          0x080002ab   Thumb Code     0  startup_stm32g030xx.o(.text)
    I2C2_IRQHandler                          0x080002ab   Thumb Code     0  startup_stm32g030xx.o(.text)
    RCC_IRQHandler                           0x080002ab   Thumb Code     0  startup_stm32g030xx.o(.text)
    RTC_TAMP_IRQHandler                      0x080002ab   Thumb Code     0  startup_stm32g030xx.o(.text)
    SPI1_IRQHandler                          0x080002ab   Thumb Code     0  startup_stm32g030xx.o(.text)
    SPI2_IRQHandler                          0x080002ab   Thumb Code     0  startup_stm32g030xx.o(.text)
    TIM14_IRQHandler                         0x080002ab   Thumb Code     0  startup_stm32g030xx.o(.text)
    TIM16_IRQHandler                         0x080002ab   Thumb Code     0  startup_stm32g030xx.o(.text)
    TIM17_IRQHandler                         0x080002ab   Thumb Code     0  startup_stm32g030xx.o(.text)
    TIM1_BRK_UP_TRG_COM_IRQHandler           0x080002ab   Thumb Code     0  startup_stm32g030xx.o(.text)
    TIM1_CC_IRQHandler                       0x080002ab   Thumb Code     0  startup_stm32g030xx.o(.text)
    TIM3_IRQHandler                          0x080002ab   Thumb Code     0  startup_stm32g030xx.o(.text)
    USART1_IRQHandler                        0x080002ab   Thumb Code     0  startup_stm32g030xx.o(.text)
    USART2_IRQHandler                        0x080002ab   Thumb Code     0  startup_stm32g030xx.o(.text)
    WWDG_IRQHandler                          0x080002ab   Thumb Code     0  startup_stm32g030xx.o(.text)
    __user_initial_stackheap                 0x080002ad   Thumb Code     0  startup_stm32g030xx.o(.text)
    sprintf                                  0x080002d1   Thumb Code    40  sprintf.o(.text)
    strlen                                   0x080002fd   Thumb Code    62  strlen.o(.text)
    __aeabi_memcpy                           0x08000341   Thumb Code   130  rt_memcpy.o(.text)
    __rt_memcpy                              0x08000341   Thumb Code     0  rt_memcpy.o(.text)
    _memset_w                                0x080003c3   Thumb Code    26  rt_memclr.o(.text)
    _memset                                  0x080003dd   Thumb Code    30  rt_memclr.o(.text)
    __aeabi_memclr                           0x080003fb   Thumb Code     4  rt_memclr.o(.text)
    __rt_memclr                              0x080003fb   Thumb Code     0  rt_memclr.o(.text)
    __aeabi_memclr4                          0x080003ff   Thumb Code     0  rt_memclr.o(.text)
    __aeabi_memclr8                          0x080003ff   Thumb Code     0  rt_memclr.o(.text)
    __rt_memclr_w                            0x080003ff   Thumb Code     4  rt_memclr.o(.text)
    __aeabi_uidiv                            0x08000405   Thumb Code     0  aeabi_sdiv.o(.text)
    __aeabi_uidivmod                         0x08000405   Thumb Code    20  aeabi_sdiv.o(.text)
    __aeabi_idiv                             0x08000419   Thumb Code     0  aeabi_sdiv.o(.text)
    __aeabi_idivmod                          0x08000419   Thumb Code   338  aeabi_sdiv.o(.text)
    __use_two_region_memory                  0x08000571   Thumb Code     2  heapauxi.o(.text)
    __rt_heap_escrow$2region                 0x08000573   Thumb Code     2  heapauxi.o(.text)
    __rt_heap_expand$2region                 0x08000575   Thumb Code     2  heapauxi.o(.text)
    __aeabi_d2f                              0x08000579   Thumb Code     0  d2f.o(.text)
    _d2f                                     0x08000579   Thumb Code   120  d2f.o(.text)
    __aeabi_dadd                             0x080008ed   Thumb Code     0  daddsub.o(.text)
    _dadd                                    0x080008ed   Thumb Code    26  daddsub.o(.text)
    __aeabi_dsub                             0x08000907   Thumb Code     0  daddsub.o(.text)
    _dsub                                    0x08000907   Thumb Code    22  daddsub.o(.text)
    __aeabi_drsub                            0x0800091d   Thumb Code     0  daddsub.o(.text)
    _drsb                                    0x0800091d   Thumb Code    28  daddsub.o(.text)
    __aeabi_dmul                             0x0800094d   Thumb Code     0  dmul.o(.text)
    _dmul                                    0x0800094d   Thumb Code   558  dmul.o(.text)
    __aeabi_f2d                              0x08000b95   Thumb Code     0  f2d.o(.text)
    _f2d                                     0x08000b95   Thumb Code    80  f2d.o(.text)
    __aeabi_fdiv                             0x08000be9   Thumb Code     0  fdiv.o(.text)
    _fdiv                                    0x08000be9   Thumb Code   334  fdiv.o(.text)
    _frdiv                                   0x08000d37   Thumb Code     8  fdiv.o(.text)
    __aeabi_i2f_normalise                    0x08000d49   Thumb Code    72  fflti.o(.text)
    __aeabi_i2f                              0x08000d91   Thumb Code    16  fflti.o(.text)
    _fflt                                    0x08000d91   Thumb Code     0  fflti.o(.text)
    __aeabi_ui2f                             0x08000da1   Thumb Code     6  fflti.o(.text)
    _ffltu                                   0x08000da1   Thumb Code     0  fflti.o(.text)
    _printf_pre_padding                      0x08000da7   Thumb Code    44  _printf_pad.o(.text)
    _printf_post_padding                     0x08000dd3   Thumb Code    34  _printf_pad.o(.text)
    _printf_truncate_signed                  0x08000df5   Thumb Code    18  _printf_truncate.o(.text)
    _printf_truncate_unsigned                0x08000e07   Thumb Code    18  _printf_truncate.o(.text)
    _printf_str                              0x08000e19   Thumb Code    82  _printf_str.o(.text)
    _printf_int_dec                          0x08000e6d   Thumb Code    90  _printf_dec.o(.text)
    _printf_charcount                        0x08000ed9   Thumb Code    38  _printf_charcount.o(.text)
    _printf_char_common                      0x08000f0b   Thumb Code    32  _printf_char_common.o(.text)
    _sputc                                   0x08000f31   Thumb Code    10  _sputc.o(.text)
    _printf_wctomb                           0x08000f3d   Thumb Code   182  _printf_wctomb.o(.text)
    _printf_longlong_dec                     0x08000ff9   Thumb Code    94  _printf_longlong_dec.o(.text)
    _printf_longlong_oct                     0x08001069   Thumb Code    68  _printf_oct_int_ll.o(.text)
    _printf_int_oct                          0x080010ad   Thumb Code    24  _printf_oct_int_ll.o(.text)
    _printf_ll_oct                           0x080010c5   Thumb Code    10  _printf_oct_int_ll.o(.text)
    _printf_longlong_hex                     0x080010d9   Thumb Code    88  _printf_hex_int_ll_ptr.o(.text)
    _printf_int_hex                          0x08001131   Thumb Code    28  _printf_hex_int_ll_ptr.o(.text)
    _printf_ll_hex                           0x0800114d   Thumb Code    10  _printf_hex_int_ll_ptr.o(.text)
    _printf_hex_ptr                          0x08001157   Thumb Code    22  _printf_hex_int_ll_ptr.o(.text)
    __printf                                 0x08001171   Thumb Code   386  __printf_flags_ss_wp.o(.text)
    _ll_udiv10                               0x080012f9   Thumb Code   122  lludiv10.o(.text)
    _printf_int_common                       0x08001373   Thumb Code   176  _printf_intcommon.o(.text)
    _printf_fp_dec_real                      0x080015c1   Thumb Code   620  _printf_fp_dec.o(.text)
    _printf_fp_hex_real                      0x08001839   Thumb Code   718  _printf_fp_hex.o(.text)
    _printf_cs_common                        0x08001b11   Thumb Code    22  _printf_char.o(.text)
    _printf_char                             0x08001b27   Thumb Code    16  _printf_char.o(.text)
    _printf_string                           0x08001b37   Thumb Code     8  _printf_char.o(.text)
    _printf_lcs_common                       0x08001b3f   Thumb Code    22  _printf_wchar.o(.text)
    _printf_wchar                            0x08001b55   Thumb Code    16  _printf_wchar.o(.text)
    _printf_wstring                          0x08001b65   Thumb Code     8  _printf_wchar.o(.text)
    _c16rtomb                                0x08001b6d   Thumb Code    66  _c16rtomb.o(.text)
    _wcrtomb                                 0x08001b6d   Thumb Code     0  _c16rtomb.o(.text)
    __rt_udiv10                              0x08001baf   Thumb Code    40  rtudiv10.o(.text)
    __user_setup_stackheap                   0x08001bd7   Thumb Code    62  sys_stackheap_outer.o(.text)
    __rt_ctype_table                         0x08001c15   Thumb Code    16  rt_ctype_table.o(.text)
    __rt_locale                              0x08001c25   Thumb Code     8  rt_locale_intlibspace.o(.text)
    _printf_fp_infnan                        0x08001c2d   Thumb Code   120  _printf_fp_infnan.o(.text)
    _btod_etento                             0x08001cb5   Thumb Code   210  bigflt0.o(.text)
    _btod_d2e                                0x08001d8d   Thumb Code    64  btod.o(.text)
    _btod_emul                               0x080021c1   Thumb Code    28  btod.o(.text)
    _btod_emuld                              0x080021dd   Thumb Code   144  btod.o(.text)
    _btod_ediv                               0x0800226d   Thumb Code    26  btod.o(.text)
    _btod_edivd                              0x08002287   Thumb Code   124  btod.o(.text)
    exit                                     0x0800230d   Thumb Code    16  exit.o(.text)
    __user_libspace                          0x0800231d   Thumb Code     8  libspace.o(.text)
    __user_perproc_libspace                  0x0800231d   Thumb Code     0  libspace.o(.text)
    __user_perthread_libspace                0x0800231d   Thumb Code     0  libspace.o(.text)
    strcmp                                   0x08002325   Thumb Code   132  strcmp.o(.text)
    _sys_exit                                0x080023ad   Thumb Code     8  sys_exit.o(.text)
    __I$use$semihosting                      0x080023b9   Thumb Code     0  use_no_semi.o(.text)
    __use_no_semihosting_swi                 0x080023b9   Thumb Code     2  use_no_semi.o(.text)
    ADC_Disable                              0x080023bb   Thumb Code   196  stm32g0xx_hal_adc.o(.text.ADC_Disable)
    __semihosting_library_function           0x080023bb   Thumb Code     0  indicate_semi.o(.text)
    ADC_Enable                               0x08002481   Thumb Code   256  stm32g0xx_hal_adc.o(.text.ADC_Enable)
    Error_Handler                            0x08002591   Thumb Code    14  main.o(.text.Error_Handler)
    HAL_ADCEx_Calibration_Start              0x080025a1   Thumb Code   416  stm32g0xx_hal_adc_ex.o(.text.HAL_ADCEx_Calibration_Start)
    HAL_ADC_ConfigChannel                    0x0800274d   Thumb Code  1120  stm32g0xx_hal_adc.o(.text.HAL_ADC_ConfigChannel)
    HAL_ADC_GetValue                         0x08002bc9   Thumb Code    14  stm32g0xx_hal_adc.o(.text.HAL_ADC_GetValue)
    HAL_ADC_Init                             0x08002bd9   Thumb Code   832  stm32g0xx_hal_adc.o(.text.HAL_ADC_Init)
    HAL_ADC_MspInit                          0x08002f31   Thumb Code   104  stm32g0xx_hal_msp.o(.text.HAL_ADC_MspInit)
    HAL_ADC_Start                            0x08002fa5   Thumb Code   168  stm32g0xx_hal_adc.o(.text.HAL_ADC_Start)
    HAL_Delay                                0x08003051   Thumb Code    64  stm32g0xx_hal.o(.text.HAL_Delay)
    HAL_GPIO_Init                            0x08003091   Thumb Code   688  stm32g0xx_hal_gpio.o(.text.HAL_GPIO_Init)
    HAL_GPIO_ReadPin                         0x08003361   Thumb Code    50  stm32g0xx_hal_gpio.o(.text.HAL_GPIO_ReadPin)
    HAL_GetTick                              0x08003395   Thumb Code     8  stm32g0xx_hal.o(.text.HAL_GetTick)
    HAL_IncTick                              0x0800339d   Thumb Code    16  stm32g0xx_hal.o(.text.HAL_IncTick)
    HAL_Init                                 0x080033b5   Thumb Code    56  stm32g0xx_hal.o(.text.HAL_Init)
    HAL_InitTick                             0x080033f1   Thumb Code   120  stm32g0xx_hal.o(.text.HAL_InitTick)
    HAL_MspInit                              0x08003471   Thumb Code    52  stm32g0xx_hal_msp.o(.text.HAL_MspInit)
    HAL_NVIC_SetPriority                     0x080034a9   Thumb Code    28  stm32g0xx_hal_cortex.o(.text.HAL_NVIC_SetPriority)
    HAL_PWREx_ControlVoltageScaling          0x080034c5   Thumb Code   112  stm32g0xx_hal_pwr_ex.o(.text.HAL_PWREx_ControlVoltageScaling)
    HAL_RCCEx_PeriphCLKConfig                0x08003541   Thumb Code   536  stm32g0xx_hal_rcc_ex.o(.text.HAL_RCCEx_PeriphCLKConfig)
    HAL_RCC_ClockConfig                      0x08003769   Thumb Code   572  stm32g0xx_hal_rcc.o(.text.HAL_RCC_ClockConfig)
    HAL_RCC_GetHCLKFreq                      0x080039bd   Thumb Code     8  stm32g0xx_hal_rcc.o(.text.HAL_RCC_GetHCLKFreq)
    HAL_RCC_GetPCLK1Freq                     0x080039c9   Thumb Code    36  stm32g0xx_hal_rcc.o(.text.HAL_RCC_GetPCLK1Freq)
    HAL_RCC_GetSysClockFreq                  0x080039f1   Thumb Code   268  stm32g0xx_hal_rcc.o(.text.HAL_RCC_GetSysClockFreq)
    HAL_RCC_OscConfig                        0x08003b11   Thumb Code  1652  stm32g0xx_hal_rcc.o(.text.HAL_RCC_OscConfig)
    HAL_SYSTICK_Config                       0x080041ad   Thumb Code    16  stm32g0xx_hal_cortex.o(.text.HAL_SYSTICK_Config)
    HAL_UARTEx_DisableFifoMode               0x080041bd   Thumb Code   122  stm32g0xx_hal_uart_ex.o(.text.HAL_UARTEx_DisableFifoMode)
    HAL_UARTEx_SetRxFifoThreshold            0x08004237   Thumb Code   144  stm32g0xx_hal_uart_ex.o(.text.HAL_UARTEx_SetRxFifoThreshold)
    HAL_UARTEx_SetTxFifoThreshold            0x080042c7   Thumb Code   144  stm32g0xx_hal_uart_ex.o(.text.HAL_UARTEx_SetTxFifoThreshold)
    HAL_UART_Init                            0x08004357   Thumb Code   180  stm32g0xx_hal_uart.o(.text.HAL_UART_Init)
    HAL_UART_MspInit                         0x0800440d   Thumb Code   148  stm32g0xx_hal_msp.o(.text.HAL_UART_MspInit)
    HAL_UART_Transmit                        0x080044b1   Thumb Code   348  stm32g0xx_hal_uart.o(.text.HAL_UART_Transmit)
    HardFault_Handler                        0x08004611   Thumb Code     4  stm32g0xx_it.o(.text.HardFault_Handler)
    I2C_Ack                                  0x08004615   Thumb Code    76  i2c.o(.text.I2C_Ack)
    I2C_Delay                                0x08004661   Thumb Code    56  i2c.o(.text.I2C_Delay)
    I2C_NAck                                 0x08004699   Thumb Code    64  i2c.o(.text.I2C_NAck)
    I2C_Read_Byte                            0x080046dd   Thumb Code   120  i2c.o(.text.I2C_Read_Byte)
    I2C_Read_NByte                           0x08004755   Thumb Code   240  i2c.o(.text.I2C_Read_NByte)
    I2C_Send_Byte                            0x08004845   Thumb Code   124  i2c.o(.text.I2C_Send_Byte)
    I2C_Soft_Init                            0x080048c1   Thumb Code    76  i2c.o(.text.I2C_Soft_Init)
    I2C_Start                                0x08004911   Thumb Code   104  i2c.o(.text.I2C_Start)
    I2C_Stop                                 0x08004981   Thumb Code   132  i2c.o(.text.I2C_Stop)
    I2C_Wait_Ack                             0x08004a05   Thumb Code   128  i2c.o(.text.I2C_Wait_Ack)
    NMI_Handler                              0x08004e4d   Thumb Code     4  stm32g0xx_it.o(.text.NMI_Handler)
    PendSV_Handler                           0x08004e51   Thumb Code     2  stm32g0xx_it.o(.text.PendSV_Handler)
    SEGGER_RTT_ConfigDownBuffer              0x08004e55   Thumb Code   148  segger_rtt.o(.text.SEGGER_RTT_ConfigDownBuffer)
    SEGGER_RTT_ConfigUpBuffer                0x08004ee9   Thumb Code   148  segger_rtt.o(.text.SEGGER_RTT_ConfigUpBuffer)
    SEGGER_RTT_SetTerminal                   0x08004f7d   Thumb Code   180  segger_rtt.o(.text.SEGGER_RTT_SetTerminal)
    SEGGER_RTT_Write                         0x08005039   Thumb Code    72  segger_rtt.o(.text.SEGGER_RTT_Write)
    SEGGER_RTT_WriteNoLock                   0x08005081   Thumb Code   172  segger_rtt.o(.text.SEGGER_RTT_WriteNoLock)
    SEGGER_RTT_WriteString                   0x08005131   Thumb Code    30  segger_rtt.o(.text.SEGGER_RTT_WriteString)
    SEGGER_RTT_printf                        0x0800514f   Thumb Code    44  segger_rtt_printf.o(.text.SEGGER_RTT_printf)
    SEGGER_RTT_vprintf                       0x0800517d   Thumb Code   830  segger_rtt_printf.o(.text.SEGGER_RTT_vprintf)
    SVC_Handler                              0x080054bb   Thumb Code     2  stm32g0xx_it.o(.text.SVC_Handler)
    SysTick_Handler                          0x0800550d   Thumb Code     8  stm32g0xx_it.o(.text.SysTick_Handler)
    SystemClock_Config                       0x08005515   Thumb Code   126  main.o(.text.SystemClock_Config)
    SystemInit                               0x08005593   Thumb Code     2  system_stm32g0xx.o(.text.SystemInit)
    UART_AdvFeatureConfig                    0x08005629   Thumb Code   346  stm32g0xx_hal_uart.o(.text.UART_AdvFeatureConfig)
    UART_CheckIdleState                      0x08005785   Thumb Code   168  stm32g0xx_hal_uart.o(.text.UART_CheckIdleState)
    UART_SetConfig                           0x08005831   Thumb Code   688  stm32g0xx_hal_uart.o(.text.UART_SetConfig)
    UART_WaitOnFlagUntilTimeout              0x08005afd   Thumb Code   402  stm32g0xx_hal_uart.o(.text.UART_WaitOnFlagUntilTimeout)
    bq34z100_get_all_info                    0x08006369   Thumb Code   476  i2c.o(.text.bq34z100_get_all_info)
    bq34z100_get_average_current             0x0800657d   Thumb Code    40  i2c.o(.text.bq34z100_get_average_current)
    bq34z100_get_cycle_count                 0x080065a5   Thumb Code    36  i2c.o(.text.bq34z100_get_cycle_count)
    bq34z100_get_flags                       0x080065c9   Thumb Code    36  i2c.o(.text.bq34z100_get_flags)
    bq34z100_get_full_charge_capacity        0x080065ed   Thumb Code    36  i2c.o(.text.bq34z100_get_full_charge_capacity)
    bq34z100_get_recommended_charge_current  0x08006611   Thumb Code    40  i2c.o(.text.bq34z100_get_recommended_charge_current)
    bq34z100_get_remaining_capacity          0x08006639   Thumb Code    36  i2c.o(.text.bq34z100_get_remaining_capacity)
    bq34z100_get_soc                         0x0800665d   Thumb Code    36  i2c.o(.text.bq34z100_get_soc)
    bq34z100_get_soh                         0x08006681   Thumb Code    36  i2c.o(.text.bq34z100_get_soh)
    bq34z100_get_temperature                 0x080066a5   Thumb Code    40  i2c.o(.text.bq34z100_get_temperature)
    bq34z100_get_time_to_empty               0x080066cd   Thumb Code    36  i2c.o(.text.bq34z100_get_time_to_empty)
    bq34z100_get_time_to_full                0x080066f1   Thumb Code    36  i2c.o(.text.bq34z100_get_time_to_full)
    bq34z100_get_voltage                     0x08006715   Thumb Code    36  i2c.o(.text.bq34z100_get_voltage)
    main                                     0x08006739   Thumb Code   268  main.o(.text.main)
    __ARM_common_ll_muluu                    0x08006871   Thumb Code    48  btod.o(i.__ARM_common_ll_muluu)
    __ARM_fpclassify                         0x080068a1   Thumb Code    40  fpclassify.o(i.__ARM_fpclassify)
    _is_digit                                0x080068cd   Thumb Code    14  __printf_wp.o(i._is_digit)
    _get_lc_numeric                          0x080068dd   Thumb Code    44  lc_numeric_c.o(locale$$code)
    _get_lc_ctype                            0x08006909   Thumb Code    44  lc_ctype_c.o(locale$$code)
    __aeabi_fmul                             0x08006935   Thumb Code     0  fmul.o(x$fpl$fmul)
    _fmul                                    0x08006935   Thumb Code   172  fmul.o(x$fpl$fmul)
    _printf_fp_dec                           0x080069e5   Thumb Code    16  printf1.o(x$fpl$printf1)
    _printf_fp_hex                           0x080069f5   Thumb Code    16  printf2.o(x$fpl$printf2)
    __I$use$fp                               0x08006a04   Number         0  usenofp.o(x$fpl$usenofp)
    AHBPrescTable                            0x08006b40   Data          64  system_stm32g0xx.o(.rodata.AHBPrescTable)
    APBPrescTable                            0x08006b80   Data          32  system_stm32g0xx.o(.rodata.APBPrescTable)
    UARTPrescTable                           0x08006bb0   Data          24  stm32g0xx_hal_uart.o(.rodata.UARTPrescTable)
    Region$$Table$$Base                      0x08006d44   Number         0  anon$$obj.o(Region$$Table)
    Region$$Table$$Limit                     0x08006d64   Number         0  anon$$obj.o(Region$$Table)
    __ctype                                  0x08006d8d   Data           0  lc_ctype_c.o(locale$$data)
    SystemCoreClock                          0x20000000   Data           4  system_stm32g0xx.o(.data.SystemCoreClock)
    uwTickFreq                               0x20000014   Data           1  stm32g0xx_hal.o(.data.uwTickFreq)
    uwTickPrio                               0x20000018   Data           4  stm32g0xx_hal.o(.data.uwTickPrio)
    __libspace_start                         0x20000020   Data          96  libspace.o(.bss)
    __temporary_stack_top$libspace           0x20000080   Data           0  libspace.o(.bss)
    _SEGGER_RTT                              0x20000084   Data         168  segger_rtt.o(.bss._SEGGER_RTT)
    batt_info                                0x2000053c   Data          24  main.o(.bss.batt_info)
    hadc1                                    0x20000554   Data         100  main.o(.bss.hadc1)
    huart1                                   0x200005b8   Data         148  main.o(.bss.huart1)
    uwTick                                   0x2000064c   Data           4  stm32g0xx_hal.o(.bss.uwTick)



==============================================================================

Memory Map of the image

  Image Entry point : 0x080000c1

  Load Region LR_IROM1 (Base: 0x08000000, Size: 0x00006eb0, Max: 0x00008000, ABSOLUTE)

    Execution Region ER_IROM1 (Exec base: 0x08000000, Load base: 0x08000000, Size: 0x00006e90, Max: 0x00008000, ABSOLUTE)

    Exec Addr    Load Addr    Size         Type   Attr      Idx    E Section Name        Object

    0x08000000   0x08000000   0x000000c0   Data   RO            3    RESET               startup_stm32g030xx.o
    0x080000c0   0x080000c0   0x00000008   Code   RO         1263  * !!!main             c_p.l(__main.o)
    0x080000c8   0x080000c8   0x0000003c   Code   RO         1611    !!!scatter          c_p.l(__scatter.o)
    0x08000104   0x08000104   0x0000001a   Code   RO         1613    !!handler_copy      c_p.l(__scatter_copy.o)
    0x0800011e   0x0800011e   0x00000002   PAD
    0x08000120   0x08000120   0x0000001c   Code   RO         1615    !!handler_zi        c_p.l(__scatter_zi.o)
    0x0800013c   0x0800013c   0x00000002   Code   RO         1366    .ARM.Collect$$_printf_percent$$00000000  c_p.l(_printf_percent.o)
    0x0800013e   0x0800013e   0x0000000a   Code   RO         1355    .ARM.Collect$$_printf_percent$$00000001  c_p.l(_printf_n.o)
    0x08000148   0x08000148   0x0000000a   Code   RO         1357    .ARM.Collect$$_printf_percent$$00000002  c_p.l(_printf_p.o)
    0x08000152   0x08000152   0x0000000a   Code   RO         1362    .ARM.Collect$$_printf_percent$$00000003  c_p.l(_printf_f.o)
    0x0800015c   0x0800015c   0x0000000a   Code   RO         1363    .ARM.Collect$$_printf_percent$$00000004  c_p.l(_printf_e.o)
    0x08000166   0x08000166   0x0000000a   Code   RO         1364    .ARM.Collect$$_printf_percent$$00000005  c_p.l(_printf_g.o)
    0x08000170   0x08000170   0x0000000a   Code   RO         1365    .ARM.Collect$$_printf_percent$$00000006  c_p.l(_printf_a.o)
    0x0800017a   0x0800017a   0x0000000a   Code   RO         1370    .ARM.Collect$$_printf_percent$$00000007  c_p.l(_printf_ll.o)
    0x08000184   0x08000184   0x0000000a   Code   RO         1359    .ARM.Collect$$_printf_percent$$00000008  c_p.l(_printf_i.o)
    0x0800018e   0x0800018e   0x0000000a   Code   RO         1360    .ARM.Collect$$_printf_percent$$00000009  c_p.l(_printf_d.o)
    0x08000198   0x08000198   0x0000000a   Code   RO         1361    .ARM.Collect$$_printf_percent$$0000000A  c_p.l(_printf_u.o)
    0x080001a2   0x080001a2   0x0000000a   Code   RO         1358    .ARM.Collect$$_printf_percent$$0000000B  c_p.l(_printf_o.o)
    0x080001ac   0x080001ac   0x0000000a   Code   RO         1356    .ARM.Collect$$_printf_percent$$0000000C  c_p.l(_printf_x.o)
    0x080001b6   0x080001b6   0x0000000a   Code   RO         1367    .ARM.Collect$$_printf_percent$$0000000D  c_p.l(_printf_lli.o)
    0x080001c0   0x080001c0   0x0000000a   Code   RO         1368    .ARM.Collect$$_printf_percent$$0000000E  c_p.l(_printf_lld.o)
    0x080001ca   0x080001ca   0x0000000a   Code   RO         1369    .ARM.Collect$$_printf_percent$$0000000F  c_p.l(_printf_llu.o)
    0x080001d4   0x080001d4   0x0000000a   Code   RO         1374    .ARM.Collect$$_printf_percent$$00000010  c_p.l(_printf_llo.o)
    0x080001de   0x080001de   0x0000000a   Code   RO         1375    .ARM.Collect$$_printf_percent$$00000011  c_p.l(_printf_llx.o)
    0x080001e8   0x080001e8   0x0000000a   Code   RO         1371    .ARM.Collect$$_printf_percent$$00000012  c_p.l(_printf_l.o)
    0x080001f2   0x080001f2   0x0000000a   Code   RO         1353    .ARM.Collect$$_printf_percent$$00000013  c_p.l(_printf_c.o)
    0x080001fc   0x080001fc   0x0000000a   Code   RO         1354    .ARM.Collect$$_printf_percent$$00000014  c_p.l(_printf_s.o)
    0x08000206   0x08000206   0x0000000a   Code   RO         1372    .ARM.Collect$$_printf_percent$$00000015  c_p.l(_printf_lc.o)
    0x08000210   0x08000210   0x0000000a   Code   RO         1373    .ARM.Collect$$_printf_percent$$00000016  c_p.l(_printf_ls.o)
    0x0800021a   0x0800021a   0x00000004   Code   RO         1419    .ARM.Collect$$_printf_percent$$00000017  c_p.l(_printf_percent_end.o)
    0x0800021e   0x0800021e   0x00000002   Code   RO         1459    .ARM.Collect$$libinit$$00000000  c_p.l(libinit.o)
    0x08000220   0x08000220   0x00000000   Code   RO         1484    .ARM.Collect$$libinit$$00000002  c_p.l(libinit2.o)
    0x08000220   0x08000220   0x00000000   Code   RO         1486    .ARM.Collect$$libinit$$00000004  c_p.l(libinit2.o)
    0x08000220   0x08000220   0x00000000   Code   RO         1488    .ARM.Collect$$libinit$$00000006  c_p.l(libinit2.o)
    0x08000220   0x08000220   0x00000000   Code   RO         1491    .ARM.Collect$$libinit$$0000000C  c_p.l(libinit2.o)
    0x08000220   0x08000220   0x00000000   Code   RO         1493    .ARM.Collect$$libinit$$0000000E  c_p.l(libinit2.o)
    0x08000220   0x08000220   0x00000000   Code   RO         1495    .ARM.Collect$$libinit$$00000010  c_p.l(libinit2.o)
    0x08000220   0x08000220   0x00000006   Code   RO         1496    .ARM.Collect$$libinit$$00000011  c_p.l(libinit2.o)
    0x08000226   0x08000226   0x00000000   Code   RO         1498    .ARM.Collect$$libinit$$00000013  c_p.l(libinit2.o)
    0x08000226   0x08000226   0x0000000c   Code   RO         1499    .ARM.Collect$$libinit$$00000014  c_p.l(libinit2.o)
    0x08000232   0x08000232   0x00000000   Code   RO         1500    .ARM.Collect$$libinit$$00000015  c_p.l(libinit2.o)
    0x08000232   0x08000232   0x00000000   Code   RO         1502    .ARM.Collect$$libinit$$00000017  c_p.l(libinit2.o)
    0x08000232   0x08000232   0x0000000a   Code   RO         1503    .ARM.Collect$$libinit$$00000018  c_p.l(libinit2.o)
    0x0800023c   0x0800023c   0x00000000   Code   RO         1504    .ARM.Collect$$libinit$$00000019  c_p.l(libinit2.o)
    0x0800023c   0x0800023c   0x00000000   Code   RO         1506    .ARM.Collect$$libinit$$0000001B  c_p.l(libinit2.o)
    0x0800023c   0x0800023c   0x00000000   Code   RO         1508    .ARM.Collect$$libinit$$0000001D  c_p.l(libinit2.o)
    0x0800023c   0x0800023c   0x00000000   Code   RO         1510    .ARM.Collect$$libinit$$0000001F  c_p.l(libinit2.o)
    0x0800023c   0x0800023c   0x00000000   Code   RO         1512    .ARM.Collect$$libinit$$00000021  c_p.l(libinit2.o)
    0x0800023c   0x0800023c   0x00000000   Code   RO         1514    .ARM.Collect$$libinit$$00000023  c_p.l(libinit2.o)
    0x0800023c   0x0800023c   0x00000000   Code   RO         1516    .ARM.Collect$$libinit$$00000025  c_p.l(libinit2.o)
    0x0800023c   0x0800023c   0x00000000   Code   RO         1518    .ARM.Collect$$libinit$$00000027  c_p.l(libinit2.o)
    0x0800023c   0x0800023c   0x00000000   Code   RO         1522    .ARM.Collect$$libinit$$0000002E  c_p.l(libinit2.o)
    0x0800023c   0x0800023c   0x00000000   Code   RO         1524    .ARM.Collect$$libinit$$00000030  c_p.l(libinit2.o)
    0x0800023c   0x0800023c   0x00000000   Code   RO         1526    .ARM.Collect$$libinit$$00000032  c_p.l(libinit2.o)
    0x0800023c   0x0800023c   0x00000000   Code   RO         1528    .ARM.Collect$$libinit$$00000034  c_p.l(libinit2.o)
    0x0800023c   0x0800023c   0x00000002   Code   RO         1529    .ARM.Collect$$libinit$$00000035  c_p.l(libinit2.o)
    0x0800023e   0x0800023e   0x00000002   Code   RO         1566    .ARM.Collect$$libshutdown$$00000000  c_p.l(libshutdown.o)
    0x08000240   0x08000240   0x00000000   Code   RO         1594    .ARM.Collect$$libshutdown$$00000002  c_p.l(libshutdown2.o)
    0x08000240   0x08000240   0x00000000   Code   RO         1596    .ARM.Collect$$libshutdown$$00000004  c_p.l(libshutdown2.o)
    0x08000240   0x08000240   0x00000000   Code   RO         1599    .ARM.Collect$$libshutdown$$00000007  c_p.l(libshutdown2.o)
    0x08000240   0x08000240   0x00000000   Code   RO         1602    .ARM.Collect$$libshutdown$$0000000A  c_p.l(libshutdown2.o)
    0x08000240   0x08000240   0x00000000   Code   RO         1604    .ARM.Collect$$libshutdown$$0000000C  c_p.l(libshutdown2.o)
    0x08000240   0x08000240   0x00000000   Code   RO         1607    .ARM.Collect$$libshutdown$$0000000F  c_p.l(libshutdown2.o)
    0x08000240   0x08000240   0x00000002   Code   RO         1608    .ARM.Collect$$libshutdown$$00000010  c_p.l(libshutdown2.o)
    0x08000242   0x08000242   0x00000000   Code   RO         1280    .ARM.Collect$$rtentry$$00000000  c_p.l(__rtentry.o)
    0x08000242   0x08000242   0x00000000   Code   RO         1386    .ARM.Collect$$rtentry$$00000002  c_p.l(__rtentry2.o)
    0x08000242   0x08000242   0x00000006   Code   RO         1398    .ARM.Collect$$rtentry$$00000004  c_p.l(__rtentry4.o)
    0x08000248   0x08000248   0x00000000   Code   RO         1388    .ARM.Collect$$rtentry$$00000009  c_p.l(__rtentry2.o)
    0x08000248   0x08000248   0x00000004   Code   RO         1389    .ARM.Collect$$rtentry$$0000000A  c_p.l(__rtentry2.o)
    0x0800024c   0x0800024c   0x00000000   Code   RO         1391    .ARM.Collect$$rtentry$$0000000C  c_p.l(__rtentry2.o)
    0x0800024c   0x0800024c   0x00000008   Code   RO         1392    .ARM.Collect$$rtentry$$0000000D  c_p.l(__rtentry2.o)
    0x08000254   0x08000254   0x00000002   Code   RO         1468    .ARM.Collect$$rtexit$$00000000  c_p.l(rtexit.o)
    0x08000256   0x08000256   0x00000000   Code   RO         1535    .ARM.Collect$$rtexit$$00000002  c_p.l(rtexit2.o)
    0x08000256   0x08000256   0x00000004   Code   RO         1536    .ARM.Collect$$rtexit$$00000003  c_p.l(rtexit2.o)
    0x0800025a   0x0800025a   0x00000006   Code   RO         1537    .ARM.Collect$$rtexit$$00000004  c_p.l(rtexit2.o)
    0x08000260   0x08000260   0x00000038   Code   RO         1251    .emb_text           c_p.l(rt_memcpy.o)
    0x08000298   0x08000298   0x00000038   Code   RO            4    .text               startup_stm32g030xx.o
    0x080002d0   0x080002d0   0x0000002c   Code   RO         1247    .text               c_p.l(sprintf.o)
    0x080002fc   0x080002fc   0x00000044   Code   RO         1249    .text               c_p.l(strlen.o)
    0x08000340   0x08000340   0x00000082   Code   RO         1252    .text               c_p.l(rt_memcpy.o)
    0x080003c2   0x080003c2   0x00000040   Code   RO         1255    .text               c_p.l(rt_memclr.o)
    0x08000402   0x08000402   0x00000002   PAD
    0x08000404   0x08000404   0x0000016c   Code   RO         1257    .text               c_p.l(aeabi_sdiv.o)
    0x08000570   0x08000570   0x00000006   Code   RO         1261    .text               c_p.l(heapauxi.o)
    0x08000576   0x08000576   0x00000002   PAD
    0x08000578   0x08000578   0x0000007c   Code   RO         1265    .text               fz_ps.l(d2f.o)
    0x080005f4   0x080005f4   0x00000358   Code   RO         1267    .text               fz_ps.l(daddsub.o)
    0x0800094c   0x0800094c   0x00000248   Code   RO         1269    .text               fz_ps.l(dmul.o)
    0x08000b94   0x08000b94   0x00000054   Code   RO         1271    .text               fz_ps.l(f2d.o)
    0x08000be8   0x08000be8   0x00000160   Code   RO         1273    .text               fz_ps.l(fdiv.o)
    0x08000d48   0x08000d48   0x0000005e   Code   RO         1276    .text               fz_ps.l(fflti.o)
    0x08000da6   0x08000da6   0x0000004e   Code   RO         1287    .text               c_p.l(_printf_pad.o)
    0x08000df4   0x08000df4   0x00000024   Code   RO         1289    .text               c_p.l(_printf_truncate.o)
    0x08000e18   0x08000e18   0x00000052   Code   RO         1291    .text               c_p.l(_printf_str.o)
    0x08000e6a   0x08000e6a   0x00000002   PAD
    0x08000e6c   0x08000e6c   0x0000006c   Code   RO         1293    .text               c_p.l(_printf_dec.o)
    0x08000ed8   0x08000ed8   0x00000026   Code   RO         1295    .text               c_p.l(_printf_charcount.o)
    0x08000efe   0x08000efe   0x00000002   PAD
    0x08000f00   0x08000f00   0x00000030   Code   RO         1297    .text               c_p.l(_printf_char_common.o)
    0x08000f30   0x08000f30   0x0000000a   Code   RO         1299    .text               c_p.l(_sputc.o)
    0x08000f3a   0x08000f3a   0x00000002   PAD
    0x08000f3c   0x08000f3c   0x000000bc   Code   RO         1301    .text               c_p.l(_printf_wctomb.o)
    0x08000ff8   0x08000ff8   0x00000070   Code   RO         1304    .text               c_p.l(_printf_longlong_dec.o)
    0x08001068   0x08001068   0x00000070   Code   RO         1310    .text               c_p.l(_printf_oct_int_ll.o)
    0x080010d8   0x080010d8   0x00000098   Code   RO         1330    .text               c_p.l(_printf_hex_int_ll_ptr.o)
    0x08001170   0x08001170   0x00000188   Code   RO         1350    .text               c_p.l(__printf_flags_ss_wp.o)
    0x080012f8   0x080012f8   0x0000007a   Code   RO         1402    .text               c_p.l(lludiv10.o)
    0x08001372   0x08001372   0x000000b0   Code   RO         1404    .text               c_p.l(_printf_intcommon.o)
    0x08001422   0x08001422   0x00000002   PAD
    0x08001424   0x08001424   0x00000414   Code   RO         1406    .text               c_p.l(_printf_fp_dec.o)
    0x08001838   0x08001838   0x000002d8   Code   RO         1410    .text               c_p.l(_printf_fp_hex.o)
    0x08001b10   0x08001b10   0x0000002e   Code   RO         1415    .text               c_p.l(_printf_char.o)
    0x08001b3e   0x08001b3e   0x0000002e   Code   RO         1417    .text               c_p.l(_printf_wchar.o)
    0x08001b6c   0x08001b6c   0x00000042   Code   RO         1420    .text               c_p.l(_c16rtomb.o)
    0x08001bae   0x08001bae   0x00000028   Code   RO         1422    .text               c_p.l(rtudiv10.o)
    0x08001bd6   0x08001bd6   0x0000003e   Code   RO         1424    .text               c_p.l(sys_stackheap_outer.o)
    0x08001c14   0x08001c14   0x00000010   Code   RO         1427    .text               c_p.l(rt_ctype_table.o)
    0x08001c24   0x08001c24   0x00000008   Code   RO         1432    .text               c_p.l(rt_locale_intlibspace.o)
    0x08001c2c   0x08001c2c   0x00000088   Code   RO         1434    .text               c_p.l(_printf_fp_infnan.o)
    0x08001cb4   0x08001cb4   0x000000d8   Code   RO         1436    .text               c_p.l(bigflt0.o)
    0x08001d8c   0x08001d8c   0x00000580   Code   RO         1439    .text               c_p.l(btod.o)
    0x0800230c   0x0800230c   0x00000010   Code   RO         1448    .text               c_p.l(exit.o)
    0x0800231c   0x0800231c   0x00000008   Code   RO         1464    .text               c_p.l(libspace.o)
    0x08002324   0x08002324   0x00000088   Code   RO         1481    .text               c_p.l(strcmp.o)
    0x080023ac   0x080023ac   0x0000000c   Code   RO         1530    .text               c_p.l(sys_exit.o)
    0x080023b8   0x080023b8   0x00000002   Code   RO         1555    .text               c_p.l(use_no_semi.o)
    0x080023ba   0x080023ba   0x00000000   Code   RO         1557    .text               c_p.l(indicate_semi.o)
    0x080023ba   0x080023ba   0x000000c4   Code   RO          274    .text.ADC_Disable   stm32g0xx_hal_adc.o
    0x0800247e   0x0800247e   0x00000002   PAD
    0x08002480   0x08002480   0x00000110   Code   RO          282    .text.ADC_Enable    stm32g0xx_hal_adc.o
    0x08002590   0x08002590   0x0000000e   Code   RO           21    .text.Error_Handler  main.o
    0x0800259e   0x0800259e   0x00000002   PAD
    0x080025a0   0x080025a0   0x000001ac   Code   RO          379    .text.HAL_ADCEx_Calibration_Start  stm32g0xx_hal_adc_ex.o
    0x0800274c   0x0800274c   0x0000047c   Code   RO          324    .text.HAL_ADC_ConfigChannel  stm32g0xx_hal_adc.o
    0x08002bc8   0x08002bc8   0x0000000e   Code   RO          310    .text.HAL_ADC_GetValue  stm32g0xx_hal_adc.o
    0x08002bd6   0x08002bd6   0x00000002   PAD
    0x08002bd8   0x08002bd8   0x00000358   Code   RO          254    .text.HAL_ADC_Init  stm32g0xx_hal_adc.o
    0x08002f30   0x08002f30   0x00000074   Code   RO           57    .text.HAL_ADC_MspInit  stm32g0xx_hal_msp.o
    0x08002fa4   0x08002fa4   0x000000ac   Code   RO          280    .text.HAL_ADC_Start  stm32g0xx_hal_adc.o
    0x08003050   0x08003050   0x00000040   Code   RO          776    .text.HAL_Delay     stm32g0xx_hal.o
    0x08003090   0x08003090   0x000002d0   Code   RO          551    .text.HAL_GPIO_Init  stm32g0xx_hal_gpio.o
    0x08003360   0x08003360   0x00000032   Code   RO          555    .text.HAL_GPIO_ReadPin  stm32g0xx_hal_gpio.o
    0x08003392   0x08003392   0x00000002   PAD
    0x08003394   0x08003394   0x00000008   Code   RO          768    .text.HAL_GetTick   stm32g0xx_hal.o
    0x0800339c   0x0800339c   0x00000018   Code   RO          766    .text.HAL_IncTick   stm32g0xx_hal.o
    0x080033b4   0x080033b4   0x0000003c   Code   RO          756    .text.HAL_Init      stm32g0xx_hal.o
    0x080033f0   0x080033f0   0x00000080   Code   RO          758    .text.HAL_InitTick  stm32g0xx_hal.o
    0x08003470   0x08003470   0x00000038   Code   RO           55    .text.HAL_MspInit   stm32g0xx_hal_msp.o
    0x080034a8   0x080034a8   0x0000001c   Code   RO          701    .text.HAL_NVIC_SetPriority  stm32g0xx_hal_cortex.o
    0x080034c4   0x080034c4   0x0000007c   Code   RO          688    .text.HAL_PWREx_ControlVoltageScaling  stm32g0xx_hal_pwr_ex.o
    0x08003540   0x08003540   0x00000228   Code   RO          462    .text.HAL_RCCEx_PeriphCLKConfig  stm32g0xx_hal_rcc_ex.o
    0x08003768   0x08003768   0x00000254   Code   RO          425    .text.HAL_RCC_ClockConfig  stm32g0xx_hal_rcc.o
    0x080039bc   0x080039bc   0x0000000c   Code   RO          431    .text.HAL_RCC_GetHCLKFreq  stm32g0xx_hal_rcc.o
    0x080039c8   0x080039c8   0x00000028   Code   RO          433    .text.HAL_RCC_GetPCLK1Freq  stm32g0xx_hal_rcc.o
    0x080039f0   0x080039f0   0x00000120   Code   RO          427    .text.HAL_RCC_GetSysClockFreq  stm32g0xx_hal_rcc.o
    0x08003b10   0x08003b10   0x0000069c   Code   RO          423    .text.HAL_RCC_OscConfig  stm32g0xx_hal_rcc.o
    0x080041ac   0x080041ac   0x00000010   Code   RO          717    .text.HAL_SYSTICK_Config  stm32g0xx_hal_cortex.o
    0x080041bc   0x080041bc   0x0000007a   Code   RO         1209    .text.HAL_UARTEx_DisableFifoMode  stm32g0xx_hal_uart_ex.o
    0x08004236   0x08004236   0x00000090   Code   RO         1213    .text.HAL_UARTEx_SetRxFifoThreshold  stm32g0xx_hal_uart_ex.o
    0x080042c6   0x080042c6   0x00000090   Code   RO         1211    .text.HAL_UARTEx_SetTxFifoThreshold  stm32g0xx_hal_uart_ex.o
    0x08004356   0x08004356   0x000000b4   Code   RO         1039    .text.HAL_UART_Init  stm32g0xx_hal_uart.o
    0x0800440a   0x0800440a   0x00000002   PAD
    0x0800440c   0x0800440c   0x000000a4   Code   RO           65    .text.HAL_UART_MspInit  stm32g0xx_hal_msp.o
    0x080044b0   0x080044b0   0x00000160   Code   RO         1059    .text.HAL_UART_Transmit  stm32g0xx_hal_uart.o
    0x08004610   0x08004610   0x00000004   Code   RO           40    .text.HardFault_Handler  stm32g0xx_it.o
    0x08004614   0x08004614   0x0000004c   Code   RO           86    .text.I2C_Ack       i2c.o
    0x08004660   0x08004660   0x00000038   Code   RO           76    .text.I2C_Delay     i2c.o
    0x08004698   0x08004698   0x00000044   Code   RO           88    .text.I2C_NAck      i2c.o
    0x080046dc   0x080046dc   0x00000078   Code   RO           94    .text.I2C_Read_Byte  i2c.o
    0x08004754   0x08004754   0x000000f0   Code   RO          102    .text.I2C_Read_NByte  i2c.o
    0x08004844   0x08004844   0x0000007c   Code   RO           92    .text.I2C_Send_Byte  i2c.o
    0x080048c0   0x080048c0   0x00000050   Code   RO           80    .text.I2C_Soft_Init  i2c.o
    0x08004910   0x08004910   0x00000070   Code   RO           84    .text.I2C_Start     i2c.o
    0x08004980   0x08004980   0x00000084   Code   RO           82    .text.I2C_Stop      i2c.o
    0x08004a04   0x08004a04   0x00000084   Code   RO           90    .text.I2C_Wait_Ack  i2c.o
    0x08004a88   0x08004a88   0x00000018   Code   RO          300    .text.LL_ADC_Disable  stm32g0xx_hal_adc.o
    0x08004aa0   0x08004aa0   0x00000018   Code   RO          393    .text.LL_ADC_Disable  stm32g0xx_hal_adc_ex.o
    0x08004ab8   0x08004ab8   0x00000018   Code   RO          370    .text.LL_ADC_Enable  stm32g0xx_hal_adc.o
    0x08004ad0   0x08004ad0   0x00000018   Code   RO          389    .text.LL_ADC_Enable  stm32g0xx_hal_adc_ex.o
    0x08004ae8   0x08004ae8   0x0000001c   Code   RO          260    .text.LL_ADC_EnableInternalRegulator  stm32g0xx_hal_adc.o
    0x08004b04   0x08004b04   0x00000012   Code   RO          387    .text.LL_ADC_GetCalibrationFactor  stm32g0xx_hal_adc_ex.o
    0x08004b16   0x08004b16   0x00000012   Code   RO          332    .text.LL_ADC_GetCommonPathInternalCh  stm32g0xx_hal_adc.o
    0x08004b28   0x08004b28   0x0000001c   Code   RO          268    .text.LL_ADC_GetSamplingTimeCommonChannels  stm32g0xx_hal_adc.o
    0x08004b44   0x08004b44   0x00000014   Code   RO          385    .text.LL_ADC_IsCalibrationOnGoing  stm32g0xx_hal_adc_ex.o
    0x08004b58   0x08004b58   0x00000012   Code   RO          366    .text.LL_ADC_IsDisableOngoing  stm32g0xx_hal_adc.o
    0x08004b6a   0x08004b6a   0x00000010   Code   RO          264    .text.LL_ADC_IsEnabled  stm32g0xx_hal_adc.o
    0x08004b7a   0x08004b7a   0x00000010   Code   RO          381    .text.LL_ADC_IsEnabled  stm32g0xx_hal_adc_ex.o
    0x08004b8a   0x08004b8a   0x00000014   Code   RO          258    .text.LL_ADC_IsInternalRegulatorEnabled  stm32g0xx_hal_adc.o
    0x08004b9e   0x08004b9e   0x00000012   Code   RO          262    .text.LL_ADC_REG_IsConversionOngoing  stm32g0xx_hal_adc.o
    0x08004bb0   0x08004bb0   0x0000001c   Code   RO          326    .text.LL_ADC_REG_SetSequencerChAdd  stm32g0xx_hal_adc.o
    0x08004bcc   0x08004bcc   0x00000020   Code   RO          336    .text.LL_ADC_REG_SetSequencerChRem  stm32g0xx_hal_adc.o
    0x08004bec   0x08004bec   0x0000002e   Code   RO          328    .text.LL_ADC_REG_SetSequencerRanks  stm32g0xx_hal_adc.o
    0x08004c1a   0x08004c1a   0x00000002   PAD
    0x08004c1c   0x08004c1c   0x0000001c   Code   RO          284    .text.LL_ADC_REG_StartConversion  stm32g0xx_hal_adc.o
    0x08004c38   0x08004c38   0x0000001c   Code   RO          391    .text.LL_ADC_SetCalibrationFactor  stm32g0xx_hal_adc_ex.o
    0x08004c54   0x08004c54   0x00000028   Code   RO          330    .text.LL_ADC_SetChannelSamplingTime  stm32g0xx_hal_adc.o
    0x08004c7c   0x08004c7c   0x0000001c   Code   RO          334    .text.LL_ADC_SetCommonPathInternalCh  stm32g0xx_hal_adc.o
    0x08004c98   0x08004c98   0x00000026   Code   RO          266    .text.LL_ADC_SetSamplingTimeCommonChannels  stm32g0xx_hal_adc.o
    0x08004cbe   0x08004cbe   0x0000001a   Code   RO          383    .text.LL_ADC_StartCalibration  stm32g0xx_hal_adc_ex.o
    0x08004cd8   0x08004cd8   0x00000010   Code   RO          435    .text.LL_RCC_GetAPB1Prescaler  stm32g0xx_hal_rcc.o
    0x08004ce8   0x08004ce8   0x00000088   Code   RO           19    .text.MX_ADC1_Init  main.o
    0x08004d70   0x08004d70   0x0000005c   Code   RO           15    .text.MX_GPIO_Init  main.o
    0x08004dcc   0x08004dcc   0x00000080   Code   RO           17    .text.MX_USART1_UART_Init  main.o
    0x08004e4c   0x08004e4c   0x00000004   Code   RO           38    .text.NMI_Handler   stm32g0xx_it.o
    0x08004e50   0x08004e50   0x00000002   Code   RO           44    .text.PendSV_Handler  stm32g0xx_it.o
    0x08004e52   0x08004e52   0x00000002   PAD
    0x08004e54   0x08004e54   0x00000094   Code   RO          200    .text.SEGGER_RTT_ConfigDownBuffer  segger_rtt.o
    0x08004ee8   0x08004ee8   0x00000094   Code   RO          198    .text.SEGGER_RTT_ConfigUpBuffer  segger_rtt.o
    0x08004f7c   0x08004f7c   0x000000bc   Code   RO          212    .text.SEGGER_RTT_SetTerminal  segger_rtt.o
    0x08005038   0x08005038   0x00000048   Code   RO          174    .text.SEGGER_RTT_Write  segger_rtt.o
    0x08005080   0x08005080   0x000000b0   Code   RO          170    .text.SEGGER_RTT_WriteNoLock  segger_rtt.o
    0x08005130   0x08005130   0x0000001e   Code   RO          176    .text.SEGGER_RTT_WriteString  segger_rtt.o
    0x0800514e   0x0800514e   0x0000002c   Code   RO          244    .text.SEGGER_RTT_printf  segger_rtt_printf.o
    0x0800517a   0x0800517a   0x00000002   PAD
    0x0800517c   0x0800517c   0x0000033e   Code   RO          236    .text.SEGGER_RTT_vprintf  segger_rtt_printf.o
    0x080054ba   0x080054ba   0x00000002   Code   RO           42    .text.SVC_Handler   stm32g0xx_it.o
    0x080054bc   0x080054bc   0x00000050   Code   RO          719    .text.SysTick_Config  stm32g0xx_hal_cortex.o
    0x0800550c   0x0800550c   0x00000008   Code   RO           46    .text.SysTick_Handler  stm32g0xx_it.o
    0x08005514   0x08005514   0x0000007e   Code   RO           13    .text.SystemClock_Config  main.o
    0x08005592   0x08005592   0x00000002   Code   RO         1232    .text.SystemInit    system_stm32g0xx.o
    0x08005594   0x08005594   0x00000094   Code   RO         1207    .text.UARTEx_SetNbDataToProcess  stm32g0xx_hal_uart_ex.o
    0x08005628   0x08005628   0x0000015a   Code   RO         1045    .text.UART_AdvFeatureConfig  stm32g0xx_hal_uart.o
    0x08005782   0x08005782   0x00000002   PAD
    0x08005784   0x08005784   0x000000ac   Code   RO         1047    .text.UART_CheckIdleState  stm32g0xx_hal_uart.o
    0x08005830   0x08005830   0x000002cc   Code   RO         1043    .text.UART_SetConfig  stm32g0xx_hal_uart.o
    0x08005afc   0x08005afc   0x00000192   Code   RO         1061    .text.UART_WaitOnFlagUntilTimeout  stm32g0xx_hal_uart.o
    0x08005c8e   0x08005c8e   0x00000002   PAD
    0x08005c90   0x08005c90   0x00000094   Code   RO          150    .text._DoInit       segger_rtt.o
    0x08005d24   0x08005d24   0x0000003e   Code   RO          164    .text._GetAvailWriteSpace  segger_rtt.o
    0x08005d62   0x08005d62   0x000001e2   Code   RO          240    .text._PrintInt     segger_rtt_printf.o
    0x08005f44   0x08005f44   0x000001c8   Code   RO          242    .text._PrintUnsigned  segger_rtt_printf.o
    0x0800610c   0x0800610c   0x00000074   Code   RO          238    .text._StoreChar    segger_rtt_printf.o
    0x08006180   0x08006180   0x000000e0   Code   RO          168    .text._WriteBlocking  segger_rtt.o
    0x08006260   0x08006260   0x00000084   Code   RO          166    .text._WriteNoCheck  segger_rtt.o
    0x080062e4   0x080062e4   0x00000084   Code   RO          703    .text.__NVIC_SetPriority  stm32g0xx_hal_cortex.o
    0x08006368   0x08006368   0x00000214   Code   RO          138    .text.bq34z100_get_all_info  i2c.o
    0x0800657c   0x0800657c   0x00000028   Code   RO          118    .text.bq34z100_get_average_current  i2c.o
    0x080065a4   0x080065a4   0x00000024   Code   RO          130    .text.bq34z100_get_cycle_count  i2c.o
    0x080065c8   0x080065c8   0x00000024   Code   RO          136    .text.bq34z100_get_flags  i2c.o
    0x080065ec   0x080065ec   0x00000024   Code   RO          114    .text.bq34z100_get_full_charge_capacity  i2c.o
    0x08006610   0x08006610   0x00000028   Code   RO          134    .text.bq34z100_get_recommended_charge_current  i2c.o
    0x08006638   0x08006638   0x00000024   Code   RO          112    .text.bq34z100_get_remaining_capacity  i2c.o
    0x0800665c   0x0800665c   0x00000024   Code   RO          110    .text.bq34z100_get_soc  i2c.o
    0x08006680   0x08006680   0x00000024   Code   RO          122    .text.bq34z100_get_soh  i2c.o
    0x080066a4   0x080066a4   0x00000028   Code   RO          120    .text.bq34z100_get_temperature  i2c.o
    0x080066cc   0x080066cc   0x00000024   Code   RO          124    .text.bq34z100_get_time_to_empty  i2c.o
    0x080066f0   0x080066f0   0x00000024   Code   RO          126    .text.bq34z100_get_time_to_full  i2c.o
    0x08006714   0x08006714   0x00000024   Code   RO          116    .text.bq34z100_get_voltage  i2c.o
    0x08006738   0x08006738   0x00000138   Code   RO           11    .text.main          main.o
    0x08006870   0x08006870   0x00000030   Code   RO         1441    i.__ARM_common_ll_muluu  c_p.l(btod.o)
    0x080068a0   0x080068a0   0x0000002c   Code   RO         1462    i.__ARM_fpclassify  m_ps.l(fpclassify.o)
    0x080068cc   0x080068cc   0x0000000e   Code   RO         1343    i._is_digit         c_p.l(__printf_wp.o)
    0x080068da   0x080068da   0x00000002   PAD
    0x080068dc   0x080068dc   0x0000002c   Code   RO         1446    locale$$code        c_p.l(lc_numeric_c.o)
    0x08006908   0x08006908   0x0000002c   Code   RO         1475    locale$$code        c_p.l(lc_ctype_c.o)
    0x08006934   0x08006934   0x000000b0   Code   RO         1278    x$fpl$fmul          fz_ps.l(fmul.o)
    0x080069e4   0x080069e4   0x00000010   Code   RO         1376    x$fpl$printf1       fz_ps.l(printf1.o)
    0x080069f4   0x080069f4   0x00000010   Code   RO         1378    x$fpl$printf2       fz_ps.l(printf2.o)
    0x08006a04   0x08006a04   0x00000000   Code   RO         1384    x$fpl$usenofp       fz_ps.l(usenofp.o)
    0x08006a04   0x08006a04   0x00000040   Data   RO         1274    .constdata          fz_ps.l(fdiv.o)
    0x08006a44   0x08006a44   0x00000008   Data   RO         1302    .constdata          c_p.l(_printf_wctomb.o)
    0x08006a4c   0x08006a4c   0x00000028   Data   RO         1331    .constdata          c_p.l(_printf_hex_int_ll_ptr.o)
    0x08006a74   0x08006a74   0x00000011   Data   RO         1351    .constdata          c_p.l(__printf_flags_ss_wp.o)
    0x08006a85   0x08006a85   0x00000026   Data   RO         1411    .constdata          c_p.l(_printf_fp_hex.o)
    0x08006aab   0x08006aab   0x00000001   PAD
    0x08006aac   0x08006aac   0x00000094   Data   RO         1437    .constdata          c_p.l(bigflt0.o)
    0x08006b40   0x08006b40   0x00000040   Data   RO         1237    .rodata.AHBPrescTable  system_stm32g0xx.o
    0x08006b80   0x08006b80   0x00000020   Data   RO         1238    .rodata.APBPrescTable  system_stm32g0xx.o
    0x08006ba0   0x08006ba0   0x00000008   Data   RO         1224    .rodata.UARTEx_SetNbDataToProcess.denominator  stm32g0xx_hal_uart_ex.o
    0x08006ba8   0x08006ba8   0x00000008   Data   RO         1223    .rodata.UARTEx_SetNbDataToProcess.numerator  stm32g0xx_hal_uart_ex.o
    0x08006bb0   0x08006bb0   0x00000018   Data   RO         1179    .rodata.UARTPrescTable  stm32g0xx_hal_uart.o
    0x08006bc8   0x08006bc8   0x00000011   Data   RO          225    .rodata._DoInit._aInitStr  segger_rtt.o
    0x08006bd9   0x08006bd9   0x00000010   Data   RO          246    .rodata._PrintUnsigned._aV2C  segger_rtt_printf.o
    0x08006be9   0x08006be9   0x0000002b   Data   RO           26    .rodata.str1.1      main.o
    0x08006c14   0x08006c14   0x00000127   Data   RO          140    .rodata.str1.1      i2c.o
    0x08006d3b   0x08006d3b   0x00000009   Data   RO          226    .rodata.str1.1      segger_rtt.o
    0x08006d44   0x08006d44   0x00000020   Data   RO         1610    Region$$Table       anon$$obj.o
    0x08006d64   0x08006d64   0x0000001c   Data   RO         1445    locale$$data        c_p.l(lc_numeric_c.o)
    0x08006d80   0x08006d80   0x00000110   Data   RO         1474    locale$$data        c_p.l(lc_ctype_c.o)


    Execution Region RW_IRAM1 (Exec base: 0x20000000, Load base: 0x08006e90, Size: 0x00000c50, Max: 0x00002000, ABSOLUTE)

    Exec Addr    Load Addr    Size         Type   Attr      Idx    E Section Name        Object

    0x20000000   0x08006e90   0x00000004   Data   RW         1236    .data.SystemCoreClock  system_stm32g0xx.o
    0x20000004   0x08006e94   0x00000010   Data   RW          223    .data._aTerminalId  segger_rtt.o
    0x20000014   0x08006ea4   0x00000001   Data   RW          815    .data.uwTickFreq    stm32g0xx_hal.o
    0x20000015   0x08006ea5   0x00000003   PAD
    0x20000018   0x08006ea8   0x00000004   Data   RW          814    .data.uwTickPrio    stm32g0xx_hal.o
    0x2000001c   0x08006eac   0x00000004   PAD
    0x20000020        -       0x00000060   Zero   RW         1465    .bss                c_p.l(libspace.o)
    0x20000080        -       0x00000001   Zero   RW          224    .bss._ActiveTerminal  segger_rtt.o
    0x20000081   0x08006eac   0x00000003   PAD
    0x20000084        -       0x000000a8   Zero   RW          222    .bss._SEGGER_RTT    segger_rtt.o
    0x2000012c        -       0x00000010   Zero   RW          228    .bss._acDownBuffer  segger_rtt.o
    0x2000013c        -       0x00000400   Zero   RW          227    .bss._acUpBuffer    segger_rtt.o
    0x2000053c        -       0x00000018   Zero   RW           23    .bss.batt_info      main.o
    0x20000554        -       0x00000064   Zero   RW           27    .bss.hadc1          main.o
    0x200005b8        -       0x00000094   Zero   RW           28    .bss.huart1         main.o
    0x2000064c        -       0x00000004   Zero   RW          816    .bss.uwTick         stm32g0xx_hal.o
    0x20000650        -       0x00000200   Zero   RW            2    HEAP                startup_stm32g030xx.o
    0x20000850        -       0x00000400   Zero   RW            1    STACK               startup_stm32g030xx.o


==============================================================================

Image component sizes


      Code (inc. data)   RO Data    RW Data    ZI Data      Debug   Object Name

      2116         76        295          0          0       8791   i2c.o
       808         64         43          0        272      10421   main.o
      1328         32         26         16       1209      13806   segger_rtt.o
      1928         60         16          0          0       3953   segger_rtt_printf.o
        56         26        192          0       1536        612   startup_stm32g030xx.o
       284         20          0          5          4       6429   stm32g0xx_hal.o
      3092         92          0          0          0      17151   stm32g0xx_hal_adc.o
       584         12          0          0          0       6707   stm32g0xx_hal_adc_ex.o
       256         20          0          0          0       6052   stm32g0xx_hal_cortex.o
       770         32          0          0          0       4370   stm32g0xx_hal_gpio.o
       336         32          0          0          0       9185   stm32g0xx_hal_msp.o
       124         12          0          0          0       3939   stm32g0xx_hal_pwr_ex.o
      2644        124          0          0          0       8833   stm32g0xx_hal_rcc.o
       552         16          0          0          0       5358   stm32g0xx_hal_rcc_ex.o
      2168        124         24          0          0      40371   stm32g0xx_hal_uart.o
       558          8         16          0          0       9731   stm32g0xx_hal_uart_ex.o
        20          0          0          0          0        695   stm32g0xx_it.o
         2          0         96          4          0       1860   system_stm32g0xx.o

    ----------------------------------------------------------------------
     17646        750        740         28       3028     158264   Object Totals
         0          0         32          0          0          0   (incl. Generated)
        20          0          0          3          7          0   (incl. Padding)

    ----------------------------------------------------------------------

      Code (inc. data)   RO Data    RW Data    ZI Data      Debug   Library Member Name

         8          0          0          0          0         68   __main.o
       392          6         17          0          0         76   __printf_flags_ss_wp.o
        14          0          0          0          0         60   __printf_wp.o
         0          0          0          0          0          0   __rtentry.o
        12          0          0          0          0          0   __rtentry2.o
         6          0          0          0          0          0   __rtentry4.o
        60          8          0          0          0          0   __scatter.o
        26          0          0          0          0          0   __scatter_copy.o
        28          0          0          0          0          0   __scatter_zi.o
        66          0          0          0          0         76   _c16rtomb.o
        10          0          0          0          0          0   _printf_a.o
        10          0          0          0          0          0   _printf_c.o
        46          0          0          0          0        100   _printf_char.o
        48          6          0          0          0         88   _printf_char_common.o
        38          0          0          0          0         60   _printf_charcount.o
        10          0          0          0          0          0   _printf_d.o
       108         18          0          0          0         76   _printf_dec.o
        10          0          0          0          0          0   _printf_e.o
        10          0          0          0          0          0   _printf_f.o
      1044         12          0          0          0        116   _printf_fp_dec.o
       728         10         38          0          0         84   _printf_fp_hex.o
       136         16          0          0          0         76   _printf_fp_infnan.o
        10          0          0          0          0          0   _printf_g.o
       152          4         40          0          0        148   _printf_hex_int_ll_ptr.o
        10          0          0          0          0          0   _printf_i.o
       176          0          0          0          0         84   _printf_intcommon.o
        10          0          0          0          0          0   _printf_l.o
        10          0          0          0          0          0   _printf_lc.o
        10          0          0          0          0          0   _printf_ll.o
        10          0          0          0          0          0   _printf_lld.o
        10          0          0          0          0          0   _printf_lli.o
        10          0          0          0          0          0   _printf_llo.o
        10          0          0          0          0          0   _printf_llu.o
        10          0          0          0          0          0   _printf_llx.o
       112         18          0          0          0         76   _printf_longlong_dec.o
        10          0          0          0          0          0   _printf_ls.o
        10          0          0          0          0          0   _printf_n.o
        10          0          0          0          0          0   _printf_o.o
       112         10          0          0          0        112   _printf_oct_int_ll.o
        10          0          0          0          0          0   _printf_p.o
        78          0          0          0          0        100   _printf_pad.o
         2          0          0          0          0          0   _printf_percent.o
         4          0          0          0          0          0   _printf_percent_end.o
        10          0          0          0          0          0   _printf_s.o
        82          0          0          0          0         72   _printf_str.o
        36          0          0          0          0         76   _printf_truncate.o
        10          0          0          0          0          0   _printf_u.o
        46          0          0          0          0        100   _printf_wchar.o
       188          6          8          0          0         80   _printf_wctomb.o
        10          0          0          0          0          0   _printf_x.o
        10          0          0          0          0         60   _sputc.o
       364          4          0          0          0         92   aeabi_sdiv.o
       216          6        148          0          0         80   bigflt0.o
      1456         30          0          0          0        336   btod.o
        16          0          0          0          0         68   exit.o
         6          0          0          0          0        136   heapauxi.o
         0          0          0          0          0          0   indicate_semi.o
        44         10        272          0          0         76   lc_ctype_c.o
        44         10         28          0          0         76   lc_numeric_c.o
         2          0          0          0          0          0   libinit.o
        30          0          0          0          0          0   libinit2.o
         2          0          0          0          0          0   libshutdown.o
         2          0          0          0          0          0   libshutdown2.o
         8          4          0          0         96         68   libspace.o
       122          0          0          0          0         72   lludiv10.o
        16          4          0          0          0         76   rt_ctype_table.o
         8          4          0          0          0         68   rt_locale_intlibspace.o
        64          0          0          0          0        108   rt_memclr.o
       186          0          0          0          0        144   rt_memcpy.o
         2          0          0          0          0          0   rtexit.o
        10          0          0          0          0          0   rtexit2.o
        40          0          0          0          0         60   rtudiv10.o
        44          4          0          0          0         84   sprintf.o
       136          4          0          0          0         72   strcmp.o
        68          6          0          0          0         72   strlen.o
        12          4          0          0          0         60   sys_exit.o
        62          0          0          0          0         80   sys_stackheap_outer.o
         2          0          0          0          0         68   use_no_semi.o
       124          4          0          0          0         72   d2f.o
       856         20          0          0          0        208   daddsub.o
       584         26          0          0          0         84   dmul.o
        84          4          0          0          0         60   f2d.o
       352         10         64          0          0         92   fdiv.o
        94          0          0          0          0         92   fflti.o
       176          4          0          0          0         80   fmul.o
        16          4          0          0          0         76   printf1.o
        16          4          0          0          0         76   printf2.o
         0          0          0          0          0          0   usenofp.o
        44          4          0          0          0         60   fpclassify.o

    ----------------------------------------------------------------------
      9302        284        616          0         96       4584   Library Totals
        16          0          1          0          0          0   (incl. Padding)

    ----------------------------------------------------------------------

      Code (inc. data)   RO Data    RW Data    ZI Data      Debug   Library Name

      6940        204        551          0         96       3684   c_p.l
      2302         76         64          0          0        840   fz_ps.l
        44          4          0          0          0         60   m_ps.l

    ----------------------------------------------------------------------
      9302        284        616          0         96       4584   Library Totals

    ----------------------------------------------------------------------

==============================================================================


      Code (inc. data)   RO Data    RW Data    ZI Data      Debug   

     26948       1034       1356         28       3124     160340   Grand Totals
     26948       1034       1356         28       3124     160340   ELF Image Totals
     26948       1034       1356         28          0          0   ROM Totals

==============================================================================

    Total RO  Size (Code + RO Data)                28304 (  27.64kB)
    Total RW  Size (RW Data + ZI Data)              3152 (   3.08kB)
    Total ROM Size (Code + RO Data + RW Data)      28332 (  27.67kB)

==============================================================================

