Component: Arm Compiler for Embedded 6.18 Tool: armlink [5e4cc100]

==============================================================================

Section Cross References

    startup_stm32g030xx.o(STACK) refers (Special) to heapauxi.o(.text) for __use_two_region_memory
    startup_stm32g030xx.o(HEAP) refers (Special) to heapauxi.o(.text) for __use_two_region_memory
    startup_stm32g030xx.o(RESET) refers (Special) to heapauxi.o(.text) for __use_two_region_memory
    startup_stm32g030xx.o(RESET) refers to startup_stm32g030xx.o(STACK) for __initial_sp
    startup_stm32g030xx.o(RESET) refers to startup_stm32g030xx.o(.text) for Reset_Handler
    startup_stm32g030xx.o(RESET) refers to stm32g0xx_it.o(.text.NMI_Handler) for NMI_Handler
    startup_stm32g030xx.o(RESET) refers to stm32g0xx_it.o(.text.HardFault_Handler) for HardFault_Handler
    startup_stm32g030xx.o(RESET) refers to stm32g0xx_it.o(.text.SVC_Handler) for SVC_Handler
    startup_stm32g030xx.o(RESET) refers to stm32g0xx_it.o(.text.PendSV_Handler) for PendSV_Handler
    startup_stm32g030xx.o(RESET) refers to stm32g0xx_it.o(.text.SysTick_Handler) for SysTick_Handler
    startup_stm32g030xx.o(.text) refers (Special) to heapauxi.o(.text) for __use_two_region_memory
    startup_stm32g030xx.o(.text) refers to system_stm32g0xx.o(.text.SystemInit) for SystemInit
    startup_stm32g030xx.o(.text) refers to __main.o(!!!main) for __main
    startup_stm32g030xx.o(.text) refers to startup_stm32g030xx.o(HEAP) for Heap_Mem
    startup_stm32g030xx.o(.text) refers to startup_stm32g030xx.o(STACK) for Stack_Mem
    main.o(.text.main) refers to stm32g0xx_hal.o(.text.HAL_Init) for HAL_Init
    main.o(.text.main) refers to main.o(.text.SystemClock_Config) for SystemClock_Config
    main.o(.text.main) refers to i2c.o(.text.I2C_Soft_Init) for I2C_Soft_Init
    main.o(.text.main) refers to segger_rtt_printf.o(.text.SEGGER_RTT_printf) for SEGGER_RTT_printf
    main.o(.text.main) refers to i2c.o(.text.bq34z100_get_all_info) for bq34z100_get_all_info
    main.o(.text.main) refers to stm32g0xx_hal.o(.text.HAL_Delay) for HAL_Delay
    main.o(.text.main) refers to main.o(.rodata.str1.1) for [Anonymous Symbol]
    main.o(.text.main) refers to main.o(.bss.batt_info) for batt_info
    main.o(.ARM.exidx.text.main) refers to main.o(.text.main) for [Anonymous Symbol]
    main.o(.text.SystemClock_Config) refers to rt_memclr.o(.text) for __aeabi_memclr4
    main.o(.text.SystemClock_Config) refers to stm32g0xx_hal_pwr_ex.o(.text.HAL_PWREx_ControlVoltageScaling) for HAL_PWREx_ControlVoltageScaling
    main.o(.text.SystemClock_Config) refers to stm32g0xx_hal_rcc.o(.text.HAL_RCC_OscConfig) for HAL_RCC_OscConfig
    main.o(.text.SystemClock_Config) refers to main.o(.text.Error_Handler) for Error_Handler
    main.o(.text.SystemClock_Config) refers to stm32g0xx_hal_rcc.o(.text.HAL_RCC_ClockConfig) for HAL_RCC_ClockConfig
    main.o(.ARM.exidx.text.SystemClock_Config) refers to main.o(.text.SystemClock_Config) for [Anonymous Symbol]
    main.o(.ARM.exidx.text.Error_Handler) refers to main.o(.text.Error_Handler) for [Anonymous Symbol]
    stm32g0xx_it.o(.ARM.exidx.text.NMI_Handler) refers to stm32g0xx_it.o(.text.NMI_Handler) for [Anonymous Symbol]
    stm32g0xx_it.o(.ARM.exidx.text.HardFault_Handler) refers to stm32g0xx_it.o(.text.HardFault_Handler) for [Anonymous Symbol]
    stm32g0xx_it.o(.ARM.exidx.text.SVC_Handler) refers to stm32g0xx_it.o(.text.SVC_Handler) for [Anonymous Symbol]
    stm32g0xx_it.o(.ARM.exidx.text.PendSV_Handler) refers to stm32g0xx_it.o(.text.PendSV_Handler) for [Anonymous Symbol]
    stm32g0xx_it.o(.text.SysTick_Handler) refers to stm32g0xx_hal.o(.text.HAL_IncTick) for HAL_IncTick
    stm32g0xx_it.o(.ARM.exidx.text.SysTick_Handler) refers to stm32g0xx_it.o(.text.SysTick_Handler) for [Anonymous Symbol]
    stm32g0xx_hal_msp.o(.ARM.exidx.text.HAL_MspInit) refers to stm32g0xx_hal_msp.o(.text.HAL_MspInit) for [Anonymous Symbol]
    stm32g0xx_hal_msp.o(.text.HAL_ADC_MspInit) refers to stm32g0xx_hal_gpio.o(.text.HAL_GPIO_Init) for HAL_GPIO_Init
    stm32g0xx_hal_msp.o(.ARM.exidx.text.HAL_ADC_MspInit) refers to stm32g0xx_hal_msp.o(.text.HAL_ADC_MspInit) for [Anonymous Symbol]
    stm32g0xx_hal_msp.o(.text.HAL_ADC_MspDeInit) refers to stm32g0xx_hal_gpio.o(.text.HAL_GPIO_DeInit) for HAL_GPIO_DeInit
    stm32g0xx_hal_msp.o(.ARM.exidx.text.HAL_ADC_MspDeInit) refers to stm32g0xx_hal_msp.o(.text.HAL_ADC_MspDeInit) for [Anonymous Symbol]
    stm32g0xx_hal_msp.o(.text.HAL_I2C_MspInit) refers to stm32g0xx_hal_gpio.o(.text.HAL_GPIO_Init) for HAL_GPIO_Init
    stm32g0xx_hal_msp.o(.ARM.exidx.text.HAL_I2C_MspInit) refers to stm32g0xx_hal_msp.o(.text.HAL_I2C_MspInit) for [Anonymous Symbol]
    stm32g0xx_hal_msp.o(.text.HAL_I2C_MspDeInit) refers to stm32g0xx_hal_gpio.o(.text.HAL_GPIO_DeInit) for HAL_GPIO_DeInit
    stm32g0xx_hal_msp.o(.ARM.exidx.text.HAL_I2C_MspDeInit) refers to stm32g0xx_hal_msp.o(.text.HAL_I2C_MspDeInit) for [Anonymous Symbol]
[...]
    Removing stm32g0xx_hal_i2c.o(.text.HAL_I2C_AbortCpltCallback), (8 bytes).
    Removing stm32g0xx_hal_i2c.o(.ARM.exidx.text.HAL_I2C_AbortCpltCallback), (8 bytes).
    Removing stm32g0xx_hal_i2c.o(.text.HAL_I2C_GetState), (14 bytes).
    Removing stm32g0xx_hal_i2c.o(.ARM.exidx.text.HAL_I2C_GetState), (8 bytes).
    Removing stm32g0xx_hal_i2c.o(.text.HAL_I2C_GetMode), (14 bytes).
    Removing stm32g0xx_hal_i2c.o(.ARM.exidx.text.HAL_I2C_GetMode), (8 bytes).
    Removing stm32g0xx_hal_i2c.o(.text.HAL_I2C_GetError), (12 bytes).
    Removing stm32g0xx_hal_i2c.o(.ARM.exidx.text.HAL_I2C_GetError), (8 bytes).
    Removing stm32g0xx_hal_i2c.o(.text.I2C_ITMasterSeqCplt), (126 bytes).
    Removing stm32g0xx_hal_i2c.o(.ARM.exidx.text.I2C_ITMasterSeqCplt), (8 bytes).
    Removing stm32g0xx_hal_i2c.o(.text.I2C_ITMasterCplt), (436 bytes).
    Removing stm32g0xx_hal_i2c.o(.ARM.exidx.text.I2C_ITMasterCplt), (8 bytes).
    Removing stm32g0xx_hal_i2c.o(.text.I2C_ITSlaveCplt), (568 bytes).
    Removing stm32g0xx_hal_i2c.o(.ARM.exidx.text.I2C_ITSlaveCplt), (8 bytes).
    Removing stm32g0xx_hal_i2c.o(.text.I2C_ITListenCplt), (160 bytes).
    Removing stm32g0xx_hal_i2c.o(.ARM.exidx.text.I2C_ITListenCplt), (8 bytes).
    Removing stm32g0xx_hal_i2c.o(.text.I2C_ITSlaveSeqCplt), (202 bytes).
    Removing stm32g0xx_hal_i2c.o(.ARM.exidx.text.I2C_ITSlaveSeqCplt), (8 bytes).
    Removing stm32g0xx_hal_i2c.o(.text.I2C_ITAddrCplt), (304 bytes).
    Removing stm32g0xx_hal_i2c.o(.ARM.exidx.text.I2C_ITAddrCplt), (8 bytes).
    Removing stm32g0xx_hal_i2c.o(.text.I2C_TreatErrorCallback), (82 bytes).
    Removing stm32g0xx_hal_i2c.o(.ARM.exidx.text.I2C_TreatErrorCallback), (8 bytes).
    Removing stm32g0xx_hal_i2c.o(.text.I2C_IsErrorOccurred), (504 bytes).
    Removing stm32g0xx_hal_i2c.o(.ARM.exidx.text.I2C_IsErrorOccurred), (8 bytes).
    Removing stm32g0xx_hal_i2c_ex.o(.text), (0 bytes).
    Removing stm32g0xx_hal_i2c_ex.o(.text.HAL_I2CEx_ConfigAnalogFilter), (150 bytes).
    Removing stm32g0xx_hal_i2c_ex.o(.ARM.exidx.text.HAL_I2CEx_ConfigAnalogFilter), (8 bytes).
    Removing stm32g0xx_hal_i2c_ex.o(.text.HAL_I2CEx_ConfigDigitalFilter), (160 bytes).
    Removing stm32g0xx_hal_i2c_ex.o(.ARM.exidx.text.HAL_I2CEx_ConfigDigitalFilter), (8 bytes).
    Removing stm32g0xx_hal_i2c_ex.o(.text.HAL_I2CEx_EnableWakeUp), (136 bytes).
    Removing stm32g0xx_hal_i2c_ex.o(.ARM.exidx.text.HAL_I2CEx_EnableWakeUp), (8 bytes).
    Removing stm32g0xx_hal_i2c_ex.o(.text.HAL_I2CEx_DisableWakeUp), (136 bytes).
    Removing stm32g0xx_hal_i2c_ex.o(.ARM.exidx.text.HAL_I2CEx_DisableWakeUp), (8 bytes).
    Removing stm32g0xx_hal_i2c_ex.o(.text.HAL_I2CEx_EnableFastModePlus), (48 bytes).
    Removing stm32g0xx_hal_i2c_ex.o(.ARM.exidx.text.HAL_I2CEx_EnableFastModePlus), (8 bytes).
    Removing stm32g0xx_hal_i2c_ex.o(.text.HAL_I2CEx_DisableFastModePlus), (48 bytes).
    Removing stm32g0xx_hal_i2c_ex.o(.ARM.exidx.text.HAL_I2CEx_DisableFastModePlus), (8 bytes).
    Removing stm32g0xx_hal_tim.o(.text), (0 bytes).
    Removing stm32g0xx_hal_tim_ex.o(.text), (0 bytes).
    Removing stm32g0xx_hal_uart.o(.text), (0 bytes).
    Removing stm32g0xx_hal_uart.o(.text.HAL_UART_Init), (180 bytes).
    Removing stm32g0xx_hal_uart.o(.ARM.exidx.text.HAL_UART_Init), (8 bytes).
    Removing stm32g0xx_hal_uart.o(.text.HAL_UART_MspInit), (8 bytes).
    Removing stm32g0xx_hal_uart.o(.ARM.exidx.text.HAL_UART_MspInit), (8 bytes).
    Removing stm32g0xx_hal_uart.o(.text.UART_SetConfig), (716 bytes).
    Removing stm32g0xx_hal_uart.o(.ARM.exidx.text.UART_SetConfig), (8 bytes).
    Removing stm32g0xx_hal_uart.o(.text.UART_AdvFeatureConfig), (346 bytes).
    Removing stm32g0xx_hal_uart.o(.ARM.exidx.text.UART_AdvFeatureConfig), (8 bytes).
    Removing stm32g0xx_hal_uart.o(.text.UART_CheckIdleState), (172 bytes).
    Removing stm32g0xx_hal_uart.o(.ARM.exidx.text.UART_CheckIdleState), (8 bytes).
    Removing stm32g0xx_hal_uart.o(.text.HAL_HalfDuplex_Init), (178 bytes).
    Removing stm32g0xx_hal_uart.o(.ARM.exidx.text.HAL_HalfDuplex_Init), (8 bytes).
    Removing stm32g0xx_hal_uart.o(.text.HAL_LIN_Init), (238 bytes).
    Removing stm32g0xx_hal_uart.o(.ARM.exidx.text.HAL_LIN_Init), (8 bytes).
    Removing stm32g0xx_hal_uart.o(.text.HAL_MultiProcessor_Init), (230 bytes).
    Removing stm32g0xx_hal_uart.o(.ARM.exidx.text.HAL_MultiProcessor_Init), (8 bytes).
    Removing stm32g0xx_hal_uart.o(.text.HAL_UART_DeInit), (128 bytes).
    Removing stm32g0xx_hal_uart.o(.ARM.exidx.text.HAL_UART_DeInit), (8 bytes).
    Removing stm32g0xx_hal_uart.o(.text.HAL_UART_MspDeInit), (8 bytes).
    Removing stm32g0xx_hal_uart.o(.ARM.exidx.text.HAL_UART_MspDeInit), (8 bytes).
    Removing stm32g0xx_hal_uart.o(.text.HAL_UART_Transmit), (352 bytes).
    Removing stm32g0xx_hal_uart.o(.ARM.exidx.text.HAL_UART_Transmit), (8 bytes).
    Removing stm32g0xx_hal_uart.o(.text.UART_WaitOnFlagUntilTimeout), (402 bytes).
    Removing stm32g0xx_hal_uart.o(.ARM.exidx.text.UART_WaitOnFlagUntilTimeout), (8 bytes).
    Removing stm32g0xx_hal_uart.o(.text.HAL_UART_Receive), (492 bytes).
    Removing stm32g0xx_hal_uart.o(.ARM.exidx.text.HAL_UART_Receive), (8 bytes).
    Removing stm32g0xx_hal_uart.o(.text.HAL_UART_Transmit_IT), (368 bytes).
    Removing stm32g0xx_hal_uart.o(.ARM.exidx.text.HAL_UART_Transmit_IT), (8 bytes).
    Removing stm32g0xx_hal_uart.o(.text.UART_TxISR_16BIT_FIFOEN), (224 bytes).
    Removing stm32g0xx_hal_uart.o(.ARM.exidx.text.UART_TxISR_16BIT_FIFOEN), (8 bytes).
    Removing stm32g0xx_hal_uart.o(.text.UART_TxISR_8BIT_FIFOEN), (210 bytes).
    Removing stm32g0xx_hal_uart.o(.ARM.exidx.text.UART_TxISR_8BIT_FIFOEN), (8 bytes).
    Removing stm32g0xx_hal_uart.o(.text.UART_TxISR_16BIT), (172 bytes).
    Removing stm32g0xx_hal_uart.o(.ARM.exidx.text.UART_TxISR_16BIT), (8 bytes).
    Removing stm32g0xx_hal_uart.o(.text.UART_TxISR_8BIT), (158 bytes).
    Removing stm32g0xx_hal_uart.o(.ARM.exidx.text.UART_TxISR_8BIT), (8 bytes).
    Removing stm32g0xx_hal_uart.o(.text.HAL_UART_Receive_IT), (198 bytes).
    Removing stm32g0xx_hal_uart.o(.ARM.exidx.text.HAL_UART_Receive_IT), (8 bytes).
    Removing stm32g0xx_hal_uart.o(.text.UART_Start_Receive_IT), (604 bytes).
    Removing stm32g0xx_hal_uart.o(.ARM.exidx.text.UART_Start_Receive_IT), (8 bytes).
    Removing stm32g0xx_hal_uart.o(.text.HAL_UART_Transmit_DMA), (316 bytes).
    Removing stm32g0xx_hal_uart.o(.ARM.exidx.text.HAL_UART_Transmit_DMA), (8 bytes).
    Removing stm32g0xx_hal_uart.o(.text.UART_DMATransmitCplt), (140 bytes).
    Removing stm32g0xx_hal_uart.o(.ARM.exidx.text.UART_DMATransmitCplt), (8 bytes).
    Removing stm32g0xx_hal_uart.o(.text.UART_DMATxHalfCplt), (22 bytes).
    Removing stm32g0xx_hal_uart.o(.ARM.exidx.text.UART_DMATxHalfCplt), (8 bytes).
    Removing stm32g0xx_hal_uart.o(.text.UART_DMAError), (126 bytes).
    Removing stm32g0xx_hal_uart.o(.ARM.exidx.text.UART_DMAError), (8 bytes).
    Removing stm32g0xx_hal_uart.o(.text.HAL_UART_Receive_DMA), (198 bytes).
    Removing stm32g0xx_hal_uart.o(.ARM.exidx.text.HAL_UART_Receive_DMA), (8 bytes).
    Removing stm32g0xx_hal_uart.o(.text.UART_Start_Receive_DMA), (316 bytes).
    Removing stm32g0xx_hal_uart.o(.ARM.exidx.text.UART_Start_Receive_DMA), (8 bytes).
    Removing stm32g0xx_hal_uart.o(.text.HAL_UART_DMAPause), (256 bytes).
    Removing stm32g0xx_hal_uart.o(.ARM.exidx.text.HAL_UART_DMAPause), (8 bytes).
    Removing stm32g0xx_hal_uart.o(.text.HAL_UART_DMAResume), (240 bytes).
    Removing stm32g0xx_hal_uart.o(.ARM.exidx.text.HAL_UART_DMAResume), (8 bytes).
    Removing stm32g0xx_hal_uart.o(.text.HAL_UART_DMAStop), (312 bytes).
    Removing stm32g0xx_hal_uart.o(.ARM.exidx.text.HAL_UART_DMAStop), (8 bytes).
    Removing stm32g0xx_hal_uart.o(.text.UART_EndTxTransfer), (108 bytes).
    Removing stm32g0xx_hal_uart.o(.ARM.exidx.text.UART_EndTxTransfer), (8 bytes).
    Removing stm32g0xx_hal_uart.o(.text.UART_EndRxTransfer), (184 bytes).
    Removing stm32g0xx_hal_uart.o(.ARM.exidx.text.UART_EndRxTransfer), (8 bytes).
    Removing stm32g0xx_hal_uart.o(.text.HAL_UART_Abort), (528 bytes).
    Removing stm32g0xx_hal_uart.o(.ARM.exidx.text.HAL_UART_Abort), (8 bytes).
    Removing stm32g0xx_hal_uart.o(.text.HAL_UART_AbortTransmit), (286 bytes).
    Removing stm32g0xx_hal_uart.o(.ARM.exidx.text.HAL_UART_AbortTransmit), (8 bytes).
    Removing stm32g0xx_hal_uart.o(.text.HAL_UART_AbortReceive), (352 bytes).
    Removing stm32g0xx_hal_uart.o(.ARM.exidx.text.HAL_UART_AbortReceive), (8 bytes).
    Removing stm32g0xx_hal_uart.o(.text.HAL_UART_Abort_IT), (608 bytes).
    Removing stm32g0xx_hal_uart.o(.ARM.exidx.text.HAL_UART_Abort_IT), (8 bytes).
    Removing stm32g0xx_hal_uart.o(.text.UART_DMATxAbortCallback), (138 bytes).
    Removing stm32g0xx_hal_uart.o(.ARM.exidx.text.UART_DMATxAbortCallback), (8 bytes).
    Removing stm32g0xx_hal_uart.o(.text.UART_DMARxAbortCallback), (118 bytes).
    Removing stm32g0xx_hal_uart.o(.ARM.exidx.text.UART_DMARxAbortCallback), (8 bytes).
    Removing stm32g0xx_hal_uart.o(.text.HAL_UART_AbortCpltCallback), (8 bytes).
    Removing stm32g0xx_hal_uart.o(.ARM.exidx.text.HAL_UART_AbortCpltCallback), (8 bytes).
    Removing stm32g0xx_hal_uart.o(.text.HAL_UART_AbortTransmit_IT), (300 bytes).
    Removing stm32g0xx_hal_uart.o(.ARM.exidx.text.HAL_UART_AbortTransmit_IT), (8 bytes).
    Removing stm32g0xx_hal_uart.o(.text.UART_DMATxOnlyAbortCallback), (66 bytes).
    Removing stm32g0xx_hal_uart.o(.ARM.exidx.text.UART_DMATxOnlyAbortCallback), (8 bytes).
    Removing stm32g0xx_hal_uart.o(.text.HAL_UART_AbortTransmitCpltCallback), (8 bytes).
    Removing stm32g0xx_hal_uart.o(.ARM.exidx.text.HAL_UART_AbortTransmitCpltCallback), (8 bytes).
    Removing stm32g0xx_hal_uart.o(.text.HAL_UART_AbortReceive_IT), (376 bytes).
    Removing stm32g0xx_hal_uart.o(.ARM.exidx.text.HAL_UART_AbortReceive_IT), (8 bytes).
    Removing stm32g0xx_hal_uart.o(.text.UART_DMARxOnlyAbortCallback), (62 bytes).
    Removing stm32g0xx_hal_uart.o(.ARM.exidx.text.UART_DMARxOnlyAbortCallback), (8 bytes).
    Removing stm32g0xx_hal_uart.o(.text.HAL_UART_AbortReceiveCpltCallback), (8 bytes).
    Removing stm32g0xx_hal_uart.o(.ARM.exidx.text.HAL_UART_AbortReceiveCpltCallback), (8 bytes).
    Removing stm32g0xx_hal_uart.o(.text.HAL_UART_IRQHandler), (1420 bytes).
    Removing stm32g0xx_hal_uart.o(.ARM.exidx.text.HAL_UART_IRQHandler), (8 bytes).
    Removing stm32g0xx_hal_uart.o(.text.UART_DMAAbortOnError), (36 bytes).
    Removing stm32g0xx_hal_uart.o(.ARM.exidx.text.UART_DMAAbortOnError), (8 bytes).
    Removing stm32g0xx_hal_uart.o(.text.HAL_UART_ErrorCallback), (8 bytes).
    Removing stm32g0xx_hal_uart.o(.ARM.exidx.text.HAL_UART_ErrorCallback), (8 bytes).
    Removing stm32g0xx_hal_uart.o(.text.HAL_UARTEx_RxEventCallback), (12 bytes).
    Removing stm32g0xx_hal_uart.o(.ARM.exidx.text.HAL_UARTEx_RxEventCallback), (8 bytes).
    Removing stm32g0xx_hal_uart.o(.text.UART_EndTransmit_IT), (76 bytes).
    Removing stm32g0xx_hal_uart.o(.ARM.exidx.text.UART_EndTransmit_IT), (8 bytes).
    Removing stm32g0xx_hal_uart.o(.text.HAL_UART_TxCpltCallback), (8 bytes).
    Removing stm32g0xx_hal_uart.o(.ARM.exidx.text.HAL_UART_TxCpltCallback), (8 bytes).
    Removing stm32g0xx_hal_uart.o(.text.HAL_UART_TxHalfCpltCallback), (8 bytes).
    Removing stm32g0xx_hal_uart.o(.ARM.exidx.text.HAL_UART_TxHalfCpltCallback), (8 bytes).
    Removing stm32g0xx_hal_uart.o(.text.HAL_UART_RxCpltCallback), (8 bytes).
    Removing stm32g0xx_hal_uart.o(.ARM.exidx.text.HAL_UART_RxCpltCallback), (8 bytes).
    Removing stm32g0xx_hal_uart.o(.text.HAL_UART_RxHalfCpltCallback), (8 bytes).
    Removing stm32g0xx_hal_uart.o(.ARM.exidx.text.HAL_UART_RxHalfCpltCallback), (8 bytes).
    Removing stm32g0xx_hal_uart.o(.text.HAL_UART_ReceiverTimeout_Config), (32 bytes).
    Removing stm32g0xx_hal_uart.o(.ARM.exidx.text.HAL_UART_ReceiverTimeout_Config), (8 bytes).
    Removing stm32g0xx_hal_uart.o(.text.HAL_UART_EnableReceiverTimeout), (114 bytes).
    Removing stm32g0xx_hal_uart.o(.ARM.exidx.text.HAL_UART_EnableReceiverTimeout), (8 bytes).
    Removing stm32g0xx_hal_uart.o(.text.HAL_UART_DisableReceiverTimeout), (114 bytes).
    Removing stm32g0xx_hal_uart.o(.ARM.exidx.text.HAL_UART_DisableReceiverTimeout), (8 bytes).
    Removing stm32g0xx_hal_uart.o(.text.HAL_MultiProcessor_EnableMuteMode), (122 bytes).
    Removing stm32g0xx_hal_uart.o(.ARM.exidx.text.HAL_MultiProcessor_EnableMuteMode), (8 bytes).
    Removing stm32g0xx_hal_uart.o(.text.HAL_MultiProcessor_DisableMuteMode), (122 bytes).
    Removing stm32g0xx_hal_uart.o(.ARM.exidx.text.HAL_MultiProcessor_DisableMuteMode), (8 bytes).
    Removing stm32g0xx_hal_uart.o(.text.HAL_MultiProcessor_EnterMuteMode), (20 bytes).
    Removing stm32g0xx_hal_uart.o(.ARM.exidx.text.HAL_MultiProcessor_EnterMuteMode), (8 bytes).
    Removing stm32g0xx_hal_uart.o(.text.HAL_HalfDuplex_EnableTransmitter), (174 bytes).
    Removing stm32g0xx_hal_uart.o(.ARM.exidx.text.HAL_HalfDuplex_EnableTransmitter), (8 bytes).
    Removing stm32g0xx_hal_uart.o(.text.HAL_HalfDuplex_EnableReceiver), (174 bytes).
    Removing stm32g0xx_hal_uart.o(.ARM.exidx.text.HAL_HalfDuplex_EnableReceiver), (8 bytes).
    Removing stm32g0xx_hal_uart.o(.text.HAL_LIN_SendBreak), (92 bytes).
    Removing stm32g0xx_hal_uart.o(.ARM.exidx.text.HAL_LIN_SendBreak), (8 bytes).
    Removing stm32g0xx_hal_uart.o(.text.HAL_UART_GetState), (30 bytes).
    Removing stm32g0xx_hal_uart.o(.ARM.exidx.text.HAL_UART_GetState), (8 bytes).
    Removing stm32g0xx_hal_uart.o(.text.HAL_UART_GetError), (14 bytes).
    Removing stm32g0xx_hal_uart.o(.ARM.exidx.text.HAL_UART_GetError), (8 bytes).
    Removing stm32g0xx_hal_uart.o(.text.UART_RxISR_16BIT_FIFOEN), (732 bytes).
    Removing stm32g0xx_hal_uart.o(.ARM.exidx.text.UART_RxISR_16BIT_FIFOEN), (8 bytes).
    Removing stm32g0xx_hal_uart.o(.text.UART_RxISR_8BIT_FIFOEN), (728 bytes).
    Removing stm32g0xx_hal_uart.o(.ARM.exidx.text.UART_RxISR_8BIT_FIFOEN), (8 bytes).
    Removing stm32g0xx_hal_uart.o(.text.UART_RxISR_16BIT), (324 bytes).
    Removing stm32g0xx_hal_uart.o(.ARM.exidx.text.UART_RxISR_16BIT), (8 bytes).
    Removing stm32g0xx_hal_uart.o(.text.UART_RxISR_8BIT), (320 bytes).
    Removing stm32g0xx_hal_uart.o(.ARM.exidx.text.UART_RxISR_8BIT), (8 bytes).
    Removing stm32g0xx_hal_uart.o(.text.UART_DMAReceiveCplt), (278 bytes).
    Removing stm32g0xx_hal_uart.o(.ARM.exidx.text.UART_DMAReceiveCplt), (8 bytes).
    Removing stm32g0xx_hal_uart.o(.text.UART_DMARxHalfCplt), (54 bytes).
    Removing stm32g0xx_hal_uart.o(.ARM.exidx.text.UART_DMARxHalfCplt), (8 bytes).
    Removing stm32g0xx_hal_uart.o(.rodata.UARTPrescTable), (24 bytes).
    Removing stm32g0xx_hal_uart_ex.o(.text), (0 bytes).
    Removing stm32g0xx_hal_uart_ex.o(.text.HAL_RS485Ex_Init), (220 bytes).
    Removing stm32g0xx_hal_uart_ex.o(.ARM.exidx.text.HAL_RS485Ex_Init), (8 bytes).
    Removing stm32g0xx_hal_uart_ex.o(.text.HAL_UARTEx_WakeupCallback), (8 bytes).
    Removing stm32g0xx_hal_uart_ex.o(.ARM.exidx.text.HAL_UARTEx_WakeupCallback), (8 bytes).
    Removing stm32g0xx_hal_uart_ex.o(.text.HAL_UARTEx_RxFifoFullCallback), (8 bytes).
    Removing stm32g0xx_hal_uart_ex.o(.ARM.exidx.text.HAL_UARTEx_RxFifoFullCallback), (8 bytes).
    Removing stm32g0xx_hal_uart_ex.o(.text.HAL_UARTEx_TxFifoEmptyCallback), (8 bytes).
    Removing stm32g0xx_hal_uart_ex.o(.ARM.exidx.text.HAL_UARTEx_TxFifoEmptyCallback), (8 bytes).
    Removing stm32g0xx_hal_uart_ex.o(.text.HAL_MultiProcessorEx_AddressLength_Set), (94 bytes).
    Removing stm32g0xx_hal_uart_ex.o(.ARM.exidx.text.HAL_MultiProcessorEx_AddressLength_Set), (8 bytes).
    Removing stm32g0xx_hal_uart_ex.o(.text.HAL_UARTEx_StopModeWakeUpSourceConfig), (208 bytes).
    Removing stm32g0xx_hal_uart_ex.o(.ARM.exidx.text.HAL_UARTEx_StopModeWakeUpSourceConfig), (8 bytes).
    Removing stm32g0xx_hal_uart_ex.o(.text.UARTEx_Wakeup_AddressConfig), (58 bytes).
    Removing stm32g0xx_hal_uart_ex.o(.ARM.exidx.text.UARTEx_Wakeup_AddressConfig), (8 bytes).
    Removing stm32g0xx_hal_uart_ex.o(.text.HAL_UARTEx_EnableStopMode), (112 bytes).
    Removing stm32g0xx_hal_uart_ex.o(.ARM.exidx.text.HAL_UARTEx_EnableStopMode), (8 bytes).
    Removing stm32g0xx_hal_uart_ex.o(.text.HAL_UARTEx_DisableStopMode), (112 bytes).
    Removing stm32g0xx_hal_uart_ex.o(.ARM.exidx.text.HAL_UARTEx_DisableStopMode), (8 bytes).
    Removing stm32g0xx_hal_uart_ex.o(.text.HAL_UARTEx_EnableFifoMode), (132 bytes).
    Removing stm32g0xx_hal_uart_ex.o(.ARM.exidx.text.HAL_UARTEx_EnableFifoMode), (8 bytes).
    Removing stm32g0xx_hal_uart_ex.o(.text.UARTEx_SetNbDataToProcess), (148 bytes).
    Removing stm32g0xx_hal_uart_ex.o(.ARM.exidx.text.UARTEx_SetNbDataToProcess), (8 bytes).
    Removing stm32g0xx_hal_uart_ex.o(.text.HAL_UARTEx_DisableFifoMode), (122 bytes).
    Removing stm32g0xx_hal_uart_ex.o(.ARM.exidx.text.HAL_UARTEx_DisableFifoMode), (8 bytes).
    Removing stm32g0xx_hal_uart_ex.o(.text.HAL_UARTEx_SetTxFifoThreshold), (144 bytes).
    Removing stm32g0xx_hal_uart_ex.o(.ARM.exidx.text.HAL_UARTEx_SetTxFifoThreshold), (8 bytes).
    Removing stm32g0xx_hal_uart_ex.o(.text.HAL_UARTEx_SetRxFifoThreshold), (144 bytes).
    Removing stm32g0xx_hal_uart_ex.o(.ARM.exidx.text.HAL_UARTEx_SetRxFifoThreshold), (8 bytes).
    Removing stm32g0xx_hal_uart_ex.o(.text.HAL_UARTEx_ReceiveToIdle), (624 bytes).
    Removing stm32g0xx_hal_uart_ex.o(.ARM.exidx.text.HAL_UARTEx_ReceiveToIdle), (8 bytes).
    Removing stm32g0xx_hal_uart_ex.o(.text.HAL_UARTEx_ReceiveToIdle_IT), (234 bytes).
    Removing stm32g0xx_hal_uart_ex.o(.ARM.exidx.text.HAL_UARTEx_ReceiveToIdle_IT), (8 bytes).
    Removing stm32g0xx_hal_uart_ex.o(.text.HAL_UARTEx_ReceiveToIdle_DMA), (234 bytes).
    Removing stm32g0xx_hal_uart_ex.o(.ARM.exidx.text.HAL_UARTEx_ReceiveToIdle_DMA), (8 bytes).
    Removing stm32g0xx_hal_uart_ex.o(.text.HAL_UARTEx_GetRxEventType), (12 bytes).
    Removing stm32g0xx_hal_uart_ex.o(.ARM.exidx.text.HAL_UARTEx_GetRxEventType), (8 bytes).
    Removing stm32g0xx_hal_uart_ex.o(.rodata.UARTEx_SetNbDataToProcess.numerator), (8 bytes).
    Removing stm32g0xx_hal_uart_ex.o(.rodata.UARTEx_SetNbDataToProcess.denominator), (8 bytes).
    Removing system_stm32g0xx.o(.text), (0 bytes).
    Removing system_stm32g0xx.o(.ARM.exidx.text.SystemInit), (8 bytes).
    Removing system_stm32g0xx.o(.text.SystemCoreClockUpdate), (380 bytes).
    Removing system_stm32g0xx.o(.ARM.exidx.text.SystemCoreClockUpdate), (8 bytes).
    Removing system_stm32g0xx.o(.rodata.APBPrescTable), (32 bytes).

1004 unused section(s) (total 73909 bytes) removed from the image.

==============================================================================

Image Symbol Table

    Local Symbols

    Symbol Name                              Value     Ov Type        Size  Object(Section)

    ../clib/angel/boardlib.s                 0x00000000   Number         0  boardinit1.o ABSOLUTE
    ../clib/angel/boardlib.s                 0x00000000   Number         0  boardinit2.o ABSOLUTE
    ../clib/angel/boardlib.s                 0x00000000   Number         0  boardinit3.o ABSOLUTE
    ../clib/angel/boardlib.s                 0x00000000   Number         0  boardshut.o ABSOLUTE
    ../clib/angel/handlers.s                 0x00000000   Number         0  __scatter_copy.o ABSOLUTE
    ../clib/angel/handlers.s                 0x00000000   Number         0  __scatter_zi.o ABSOLUTE
    ../clib/angel/kernel.s                   0x00000000   Number         0  __rtentry.o ABSOLUTE
    ../clib/angel/kernel.s                   0x00000000   Number         0  __rtentry2.o ABSOLUTE
    ../clib/angel/kernel.s                   0x00000000   Number         0  __rtentry4.o ABSOLUTE
    ../clib/angel/kernel.s                   0x00000000   Number         0  rtexit.o ABSOLUTE
    ../clib/angel/kernel.s                   0x00000000   Number         0  rtexit2.o ABSOLUTE
    ../clib/angel/rt.s                       0x00000000   Number         0  aeabi_idiv0.o ABSOLUTE
    ../clib/angel/rt.s                       0x00000000   Number         0  aeabi_idiv0_sigfpe.o ABSOLUTE
    ../clib/angel/rt.s                       0x00000000   Number         0  rt_div0.o ABSOLUTE
    ../clib/angel/rt.s                       0x00000000   Number         0  rt_raise.o ABSOLUTE
    ../clib/angel/scatterp.s                 0x00000000   Number         0  __scatter.o ABSOLUTE
    ../clib/angel/startup.s                  0x00000000   Number         0  __main.o ABSOLUTE
    ../clib/angel/sys.s                      0x00000000   Number         0  sys_stackheap_outer.o ABSOLUTE
    ../clib/angel/sys.s                      0x00000000   Number         0  libspace.o ABSOLUTE
    ../clib/angel/sys.s                      0x00000000   Number         0  tempstk.o ABSOLUTE
    ../clib/angel/sys.s                      0x00000000   Number         0  use_no_semi.o ABSOLUTE
    ../clib/angel/sys.s                      0x00000000   Number         0  indicate_semi.o ABSOLUTE
    ../clib/angel/sysapp.c                   0x00000000   Number         0  sys_exit.o ABSOLUTE
    ../clib/angel/sysapp.c                   0x00000000   Number         0  sys_exit_hlt.o ABSOLUTE
    ../clib/angel/sysapp.c                   0x00000000   Number         0  sys_wrch.o ABSOLUTE
    ../clib/angel/sysapp.c                   0x00000000   Number         0  sys_wrch_hlt.o ABSOLUTE
    ../clib/angel/sysapp.c                   0x00000000   Number         0  sys_command.o ABSOLUTE
    ../clib/angel/sysapp.c                   0x00000000   Number         0  sys_command_hlt.o ABSOLUTE
    ../clib/armsys.c                         0x00000000   Number         0  argv_veneer.o ABSOLUTE
    ../clib/armsys.c                         0x00000000   Number         0  _get_argv_nomalloc.o ABSOLUTE
    ../clib/armsys.c                         0x00000000   Number         0  no_argv.o ABSOLUTE
    ../clib/division.s                       0x00000000   Number         0  aeabi_sdiv.o ABSOLUTE
    ../clib/division.s                       0x00000000   Number         0  aeabi_sdiv_div0.o ABSOLUTE
    ../clib/heapalloc.c                      0x00000000   Number         0  hrguard.o ABSOLUTE
    ../clib/heapaux.c                        0x00000000   Number         0  heapauxi.o ABSOLUTE
    ../clib/libinit.s                        0x00000000   Number         0  libinit.o ABSOLUTE
    ../clib/libinit.s                        0x00000000   Number         0  libinit2.o ABSOLUTE
    ../clib/libinit.s                        0x00000000   Number         0  libshutdown.o ABSOLUTE
    ../clib/libinit.s                        0x00000000   Number         0  libshutdown2.o ABSOLUTE
    ../clib/memcpset.c                       0x00000000   Number         0  rt_memcpy.o ABSOLUTE
    ../clib/memcpset.c                       0x00000000   Number         0  rt_memcpy.o ABSOLUTE
    ../clib/memcpset.c                       0x00000000   Number         0  rt_memclr.o ABSOLUTE
    ../clib/signal.c                         0x00000000   Number         0  defsig_fpe_outer.o ABSOLUTE
    ../clib/signal.c                         0x00000000   Number         0  defsig_fpe_formal.o ABSOLUTE
    ../clib/signal.c                         0x00000000   Number         0  defsig_exit.o ABSOLUTE
    ../clib/signal.c                         0x00000000   Number         0  defsig_fpe_inner.o ABSOLUTE
    ../clib/signal.c                         0x00000000   Number         0  __raise.o ABSOLUTE
    ../clib/signal.c                         0x00000000   Number         0  defsig_general.o ABSOLUTE
    ../clib/signal.c                         0x00000000   Number         0  defsig_abrt_inner.o ABSOLUTE
    ../clib/signal.c                         0x00000000   Number         0  defsig_rtred_inner.o ABSOLUTE
    ../clib/signal.c                         0x00000000   Number         0  defsig_rtmem_inner.o ABSOLUTE
    ../clib/signal.c                         0x00000000   Number         0  defsig_rtmem_outer.o ABSOLUTE
    ../clib/signal.c                         0x00000000   Number         0  defsig_rtmem_formal.o ABSOLUTE
    ../clib/signal.c                         0x00000000   Number         0  defsig_stak_inner.o ABSOLUTE
    ../clib/signal.c                         0x00000000   Number         0  defsig_pvfn_inner.o ABSOLUTE
    ../clib/signal.c                         0x00000000   Number         0  defsig_cppl_inner.o ABSOLUTE
    ../clib/signal.c                         0x00000000   Number         0  defsig_segv_inner.o ABSOLUTE
    ../clib/signal.c                         0x00000000   Number         0  defsig_other.o ABSOLUTE
    ../clib/signal.s                         0x00000000   Number         0  defsig.o ABSOLUTE
    ../clib/stdlib.c                         0x00000000   Number         0  exit.o ABSOLUTE
    ../clib/string.c                         0x00000000   Number         0  strlen.o ABSOLUTE
    ../fplib/cfplib/fpinit.c                 0x00000000   Number         0  fpinit.o ABSOLUTE
    SEGGER_RTT.c                             0x00000000   Number         0  segger_rtt.o ABSOLUTE
    SEGGER_RTT_printf.c                      0x00000000   Number         0  segger_rtt_printf.o ABSOLUTE
    dc.s                                     0x00000000   Number         0  dc.o ABSOLUTE
    i2c.c                                    0x00000000   Number         0  i2c.o ABSOLUTE
    main.c                                   0x00000000   Number         0  main.o ABSOLUTE
    startup_stm32g030xx.s                    0x00000000   Number         0  startup_stm32g030xx.o ABSOLUTE
    stm32g0xx_hal.c                          0x00000000   Number         0  stm32g0xx_hal.o ABSOLUTE
    stm32g0xx_hal_adc.c                      0x00000000   Number         0  stm32g0xx_hal_adc.o ABSOLUTE
    stm32g0xx_hal_adc_ex.c                   0x00000000   Number         0  stm32g0xx_hal_adc_ex.o ABSOLUTE
    stm32g0xx_hal_cortex.c                   0x00000000   Number         0  stm32g0xx_hal_cortex.o ABSOLUTE
    stm32g0xx_hal_dma.c                      0x00000000   Number         0  stm32g0xx_hal_dma.o ABSOLUTE
    stm32g0xx_hal_dma_ex.c                   0x00000000   Number         0  stm32g0xx_hal_dma_ex.o ABSOLUTE
    stm32g0xx_hal_exti.c                     0x00000000   Number         0  stm32g0xx_hal_exti.o ABSOLUTE
    stm32g0xx_hal_flash.c                    0x00000000   Number         0  stm32g0xx_hal_flash.o ABSOLUTE
    stm32g0xx_hal_flash_ex.c                 0x00000000   Number         0  stm32g0xx_hal_flash_ex.o ABSOLUTE
    stm32g0xx_hal_gpio.c                     0x00000000   Number         0  stm32g0xx_hal_gpio.o ABSOLUTE
    stm32g0xx_hal_i2c.c                      0x00000000   Number         0  stm32g0xx_hal_i2c.o ABSOLUTE
    stm32g0xx_hal_i2c_ex.c                   0x00000000   Number         0  stm32g0xx_hal_i2c_ex.o ABSOLUTE
    stm32g0xx_hal_msp.c                      0x00000000   Number         0  stm32g0xx_hal_msp.o ABSOLUTE
    stm32g0xx_hal_pwr.c                      0x00000000   Number         0  stm32g0xx_hal_pwr.o ABSOLUTE
    stm32g0xx_hal_pwr_ex.c                   0x00000000   Number         0  stm32g0xx_hal_pwr_ex.o ABSOLUTE
    stm32g0xx_hal_rcc.c                      0x00000000   Number         0  stm32g0xx_hal_rcc.o ABSOLUTE
    stm32g0xx_hal_rcc_ex.c                   0x00000000   Number         0  stm32g0xx_hal_rcc_ex.o ABSOLUTE
    stm32g0xx_hal_tim.c                      0x00000000   Number         0  stm32g0xx_hal_tim.o ABSOLUTE
    stm32g0xx_hal_tim_ex.c                   0x00000000   Number         0  stm32g0xx_hal_tim_ex.o ABSOLUTE
    stm32g0xx_hal_uart.c                     0x00000000   Number         0  stm32g0xx_hal_uart.o ABSOLUTE
    stm32g0xx_hal_uart_ex.c                  0x00000000   Number         0  stm32g0xx_hal_uart_ex.o ABSOLUTE
    stm32g0xx_it.c                           0x00000000   Number         0  stm32g0xx_it.o ABSOLUTE
    stm32g0xx_ll_adc.c                       0x00000000   Number         0  stm32g0xx_ll_adc.o ABSOLUTE
    stm32g0xx_ll_dma.c                       0x00000000   Number         0  stm32g0xx_ll_dma.o ABSOLUTE
    stm32g0xx_ll_rcc.c                       0x00000000   Number         0  stm32g0xx_ll_rcc.o ABSOLUTE
    system_stm32g0xx.c                       0x00000000   Number         0  system_stm32g0xx.o ABSOLUTE
    RESET                                    0x08000000   Section      192  startup_stm32g030xx.o(RESET)
    !!!main                                  0x080000c0   Section        8  __main.o(!!!main)
    !!!scatter                               0x080000c8   Section       60  __scatter.o(!!!scatter)
    !!handler_copy                           0x08000104   Section       26  __scatter_copy.o(!!handler_copy)
    !!handler_zi                             0x08000120   Section       28  __scatter_zi.o(!!handler_zi)
    .ARM.Collect$$libinit$$00000000          0x0800013c   Section        2  libinit.o(.ARM.Collect$$libinit$$00000000)
    .ARM.Collect$$libinit$$00000002          0x0800013e   Section        0  libinit2.o(.ARM.Collect$$libinit$$00000002)
    .ARM.Collect$$libinit$$00000004          0x0800013e   Section        0  libinit2.o(.ARM.Collect$$libinit$$00000004)
    .ARM.Collect$$libinit$$00000006          0x0800013e   Section        0  libinit2.o(.ARM.Collect$$libinit$$00000006)
    .ARM.Collect$$libinit$$0000000C          0x0800013e   Section        0  libinit2.o(.ARM.Collect$$libinit$$0000000C)
    .ARM.Collect$$libinit$$0000000E          0x0800013e   Section        0  libinit2.o(.ARM.Collect$$libinit$$0000000E)
    .ARM.Collect$$libinit$$00000010          0x0800013e   Section        0  libinit2.o(.ARM.Collect$$libinit$$00000010)
    .ARM.Collect$$libinit$$00000013          0x0800013e   Section        0  libinit2.o(.ARM.Collect$$libinit$$00000013)
    .ARM.Collect$$libinit$$00000015          0x0800013e   Section        0  libinit2.o(.ARM.Collect$$libinit$$00000015)
    .ARM.Collect$$libinit$$00000017          0x0800013e   Section        0  libinit2.o(.ARM.Collect$$libinit$$00000017)
    .ARM.Collect$$libinit$$00000019          0x0800013e   Section        0  libinit2.o(.ARM.Collect$$libinit$$00000019)
    .ARM.Collect$$libinit$$0000001B          0x0800013e   Section        0  libinit2.o(.ARM.Collect$$libinit$$0000001B)
    .ARM.Collect$$libinit$$0000001D          0x0800013e   Section        0  libinit2.o(.ARM.Collect$$libinit$$0000001D)
    .ARM.Collect$$libinit$$0000001F          0x0800013e   Section        0  libinit2.o(.ARM.Collect$$libinit$$0000001F)
    .ARM.Collect$$libinit$$00000021          0x0800013e   Section        0  libinit2.o(.ARM.Collect$$libinit$$00000021)
    .ARM.Collect$$libinit$$00000023          0x0800013e   Section        0  libinit2.o(.ARM.Collect$$libinit$$00000023)
    .ARM.Collect$$libinit$$00000025          0x0800013e   Section        0  libinit2.o(.ARM.Collect$$libinit$$00000025)
    .ARM.Collect$$libinit$$00000027          0x0800013e   Section        0  libinit2.o(.ARM.Collect$$libinit$$00000027)
    .ARM.Collect$$libinit$$0000002E          0x0800013e   Section        0  libinit2.o(.ARM.Collect$$libinit$$0000002E)
    .ARM.Collect$$libinit$$00000030          0x0800013e   Section        0  libinit2.o(.ARM.Collect$$libinit$$00000030)
    .ARM.Collect$$libinit$$00000032          0x0800013e   Section        0  libinit2.o(.ARM.Collect$$libinit$$00000032)
    .ARM.Collect$$libinit$$00000034          0x0800013e   Section        0  libinit2.o(.ARM.Collect$$libinit$$00000034)
    .ARM.Collect$$libinit$$00000035          0x0800013e   Section        2  libinit2.o(.ARM.Collect$$libinit$$00000035)
    .ARM.Collect$$libshutdown$$00000000      0x08000140   Section        2  libshutdown.o(.ARM.Collect$$libshutdown$$00000000)
    .ARM.Collect$$libshutdown$$00000002      0x08000142   Section        0  libshutdown2.o(.ARM.Collect$$libshutdown$$00000002)
    .ARM.Collect$$libshutdown$$00000004      0x08000142   Section        0  libshutdown2.o(.ARM.Collect$$libshutdown$$00000004)
    .ARM.Collect$$libshutdown$$00000007      0x08000142   Section        0  libshutdown2.o(.ARM.Collect$$libshutdown$$00000007)
    .ARM.Collect$$libshutdown$$0000000A      0x08000142   Section        0  libshutdown2.o(.ARM.Collect$$libshutdown$$0000000A)
    .ARM.Collect$$libshutdown$$0000000C      0x08000142   Section        0  libshutdown2.o(.ARM.Collect$$libshutdown$$0000000C)
    .ARM.Collect$$libshutdown$$0000000F      0x08000142   Section        0  libshutdown2.o(.ARM.Collect$$libshutdown$$0000000F)
    .ARM.Collect$$libshutdown$$00000010      0x08000142   Section        2  libshutdown2.o(.ARM.Collect$$libshutdown$$00000010)
    .ARM.Collect$$rtentry$$00000000          0x08000144   Section        0  __rtentry.o(.ARM.Collect$$rtentry$$00000000)
    .ARM.Collect$$rtentry$$00000002          0x08000144   Section        0  __rtentry2.o(.ARM.Collect$$rtentry$$00000002)
    .ARM.Collect$$rtentry$$00000004          0x08000144   Section        6  __rtentry4.o(.ARM.Collect$$rtentry$$00000004)
    .ARM.Collect$$rtentry$$00000009          0x0800014a   Section        0  __rtentry2.o(.ARM.Collect$$rtentry$$00000009)
    .ARM.Collect$$rtentry$$0000000A          0x0800014a   Section        4  __rtentry2.o(.ARM.Collect$$rtentry$$0000000A)
    .ARM.Collect$$rtentry$$0000000C          0x0800014e   Section        0  __rtentry2.o(.ARM.Collect$$rtentry$$0000000C)
    .ARM.Collect$$rtentry$$0000000D          0x0800014e   Section        8  __rtentry2.o(.ARM.Collect$$rtentry$$0000000D)
    .ARM.Collect$$rtexit$$00000000           0x08000156   Section        2  rtexit.o(.ARM.Collect$$rtexit$$00000000)
    .ARM.Collect$$rtexit$$00000002           0x08000158   Section        0  rtexit2.o(.ARM.Collect$$rtexit$$00000002)
    .ARM.Collect$$rtexit$$00000003           0x08000158   Section        4  rtexit2.o(.ARM.Collect$$rtexit$$00000003)
    .ARM.Collect$$rtexit$$00000004           0x0800015c   Section        6  rtexit2.o(.ARM.Collect$$rtexit$$00000004)
    .emb_text                                0x08000164   Section       56  rt_memcpy.o(.emb_text)
    .text                                    0x0800019c   Section       56  startup_stm32g030xx.o(.text)
    .text                                    0x080001d4   Section        0  rt_memcpy.o(.text)
    .text                                    0x08000256   Section        0  rt_memclr.o(.text)
    .text                                    0x08000298   Section      364  aeabi_sdiv.o(.text)
    .text                                    0x08000404   Section        0  heapauxi.o(.text)
    .text                                    0x0800040a   Section       62  sys_stackheap_outer.o(.text)
    .text                                    0x08000448   Section        0  exit.o(.text)
    .text                                    0x08000458   Section        8  libspace.o(.text)
    .text                                    0x08000460   Section        0  sys_exit.o(.text)
    .text                                    0x0800046c   Section        2  use_no_semi.o(.text)
    [Anonymous Symbol]                       0x0800046e   Section        0  main.o(.text.Error_Handler)
    .text                                    0x0800046e   Section        0  indicate_semi.o(.text)
    [Anonymous Symbol]                       0x0800047c   Section        0  stm32g0xx_hal.o(.text.HAL_Delay)
    [Anonymous Symbol]                       0x080004bc   Section        0  stm32g0xx_hal_gpio.o(.text.HAL_GPIO_Init)
    __arm_cp.0_0                             0x0800076c   Number         4  stm32g0xx_hal_gpio.o(.text.HAL_GPIO_Init)
    __arm_cp.0_1                             0x08000770   Number         4  stm32g0xx_hal_gpio.o(.text.HAL_GPIO_Init)
    __arm_cp.0_2                             0x08000774   Number         4  stm32g0xx_hal_gpio.o(.text.HAL_GPIO_Init)
    __arm_cp.0_3                             0x08000778   Number         4  stm32g0xx_hal_gpio.o(.text.HAL_GPIO_Init)
    __arm_cp.0_4                             0x0800077c   Number         4  stm32g0xx_hal_gpio.o(.text.HAL_GPIO_Init)
    __arm_cp.0_5                             0x08000780   Number         4  stm32g0xx_hal_gpio.o(.text.HAL_GPIO_Init)
    __arm_cp.0_6                             0x08000784   Number         4  stm32g0xx_hal_gpio.o(.text.HAL_GPIO_Init)
    __arm_cp.0_7                             0x08000788   Number         4  stm32g0xx_hal_gpio.o(.text.HAL_GPIO_Init)
    [Anonymous Symbol]                       0x0800078c   Section        0  stm32g0xx_hal_gpio.o(.text.HAL_GPIO_ReadPin)
    [Anonymous Symbol]                       0x080007c0   Section        0  stm32g0xx_hal.o(.text.HAL_GetTick)
    [Anonymous Symbol]                       0x080007c8   Section        0  stm32g0xx_hal.o(.text.HAL_IncTick)
    __arm_cp.5_0                             0x080007d8   Number         4  stm32g0xx_hal.o(.text.HAL_IncTick)
    __arm_cp.5_1                             0x080007dc   Number         4  stm32g0xx_hal.o(.text.HAL_IncTick)
    [Anonymous Symbol]                       0x080007e0   Section        0  stm32g0xx_hal.o(.text.HAL_Init)
    [Anonymous Symbol]                       0x08000818   Section        0  stm32g0xx_hal.o(.text.HAL_InitTick)
    __arm_cp.1_0                             0x08000890   Number         4  stm32g0xx_hal.o(.text.HAL_InitTick)
    [Anonymous Symbol]                       0x08000894   Section        0  stm32g0xx_hal_msp.o(.text.HAL_MspInit)
    __arm_cp.0_0                             0x080008c8   Number         4  stm32g0xx_hal_msp.o(.text.HAL_MspInit)
    __arm_cp.0_1                             0x080008cc   Number         4  stm32g0xx_hal_msp.o(.text.HAL_MspInit)
    [Anonymous Symbol]                       0x080008d0   Section        0  stm32g0xx_hal_cortex.o(.text.HAL_NVIC_SetPriority)
    [Anonymous Symbol]                       0x080008ec   Section        0  stm32g0xx_hal_pwr_ex.o(.text.HAL_PWREx_ControlVoltageScaling)
    __arm_cp.13_0                            0x0800095c   Number         4  stm32g0xx_hal_pwr_ex.o(.text.HAL_PWREx_ControlVoltageScaling)
    __arm_cp.13_2                            0x08000960   Number         4  stm32g0xx_hal_pwr_ex.o(.text.HAL_PWREx_ControlVoltageScaling)
    __arm_cp.13_3                            0x08000964   Number         4  stm32g0xx_hal_pwr_ex.o(.text.HAL_PWREx_ControlVoltageScaling)
    [Anonymous Symbol]                       0x08000968   Section        0  stm32g0xx_hal_rcc.o(.text.HAL_RCC_ClockConfig)
    __arm_cp.2_0                             0x08000ba4   Number         4  stm32g0xx_hal_rcc.o(.text.HAL_RCC_ClockConfig)
    __arm_cp.2_2                             0x08000ba8   Number         4  stm32g0xx_hal_rcc.o(.text.HAL_RCC_ClockConfig)
    __arm_cp.2_3                             0x08000bac   Number         4  stm32g0xx_hal_rcc.o(.text.HAL_RCC_ClockConfig)
    __arm_cp.2_5                             0x08000bb0   Number         4  stm32g0xx_hal_rcc.o(.text.HAL_RCC_ClockConfig)
    __arm_cp.2_6                             0x08000bb4   Number         4  stm32g0xx_hal_rcc.o(.text.HAL_RCC_ClockConfig)
    __arm_cp.2_7                             0x08000bb8   Number         4  stm32g0xx_hal_rcc.o(.text.HAL_RCC_ClockConfig)
    __arm_cp.2_8                             0x08000bbc   Number         4  stm32g0xx_hal_rcc.o(.text.HAL_RCC_ClockConfig)
    [Anonymous Symbol]                       0x08000bc0   Section        0  stm32g0xx_hal_rcc.o(.text.HAL_RCC_GetSysClockFreq)
    __arm_cp.3_0                             0x08000ccc   Number         4  stm32g0xx_hal_rcc.o(.text.HAL_RCC_GetSysClockFreq)
    __arm_cp.3_1                             0x08000cd0   Number         4  stm32g0xx_hal_rcc.o(.text.HAL_RCC_GetSysClockFreq)
    __arm_cp.3_2                             0x08000cd4   Number         4  stm32g0xx_hal_rcc.o(.text.HAL_RCC_GetSysClockFreq)
    __arm_cp.3_3                             0x08000cd8   Number         4  stm32g0xx_hal_rcc.o(.text.HAL_RCC_GetSysClockFreq)
    __arm_cp.3_4                             0x08000cdc   Number         4  stm32g0xx_hal_rcc.o(.text.HAL_RCC_GetSysClockFreq)
    [Anonymous Symbol]                       0x08000ce0   Section        0  stm32g0xx_hal_rcc.o(.text.HAL_RCC_OscConfig)
    __arm_cp.1_17                            0x08001114   Number         4  stm32g0xx_hal_rcc.o(.text.HAL_RCC_OscConfig)
    __arm_cp.1_18                            0x08001118   Number         4  stm32g0xx_hal_rcc.o(.text.HAL_RCC_OscConfig)
    __arm_cp.1_19                            0x0800111c   Number         4  stm32g0xx_hal_rcc.o(.text.HAL_RCC_OscConfig)
    __arm_cp.1_20                            0x08001120   Number         4  stm32g0xx_hal_rcc.o(.text.HAL_RCC_OscConfig)
    __arm_cp.1_0                             0x08001354   Number         4  stm32g0xx_hal_rcc.o(.text.HAL_RCC_OscConfig)
    __arm_cp.1_1                             0x08001358   Number         4  stm32g0xx_hal_rcc.o(.text.HAL_RCC_OscConfig)
    __arm_cp.1_2                             0x0800135c   Number         4  stm32g0xx_hal_rcc.o(.text.HAL_RCC_OscConfig)
    __arm_cp.1_7                             0x08001360   Number         4  stm32g0xx_hal_rcc.o(.text.HAL_RCC_OscConfig)
    __arm_cp.1_8                             0x08001364   Number         4  stm32g0xx_hal_rcc.o(.text.HAL_RCC_OscConfig)
    __arm_cp.1_9                             0x08001368   Number         4  stm32g0xx_hal_rcc.o(.text.HAL_RCC_OscConfig)
    __arm_cp.1_10                            0x0800136c   Number         4  stm32g0xx_hal_rcc.o(.text.HAL_RCC_OscConfig)
    __arm_cp.1_11                            0x08001370   Number         4  stm32g0xx_hal_rcc.o(.text.HAL_RCC_OscConfig)
    __arm_cp.1_12                            0x08001374   Number         4  stm32g0xx_hal_rcc.o(.text.HAL_RCC_OscConfig)
    __arm_cp.1_13                            0x08001378   Number         4  stm32g0xx_hal_rcc.o(.text.HAL_RCC_OscConfig)
    [Anonymous Symbol]                       0x0800137c   Section        0  stm32g0xx_hal_cortex.o(.text.HAL_SYSTICK_Config)
    [Anonymous Symbol]                       0x0800138c   Section        0  stm32g0xx_it.o(.text.HardFault_Handler)
    [Anonymous Symbol]                       0x08001390   Section        0  i2c.o(.text.I2C_Ack)
    [Anonymous Symbol]                       0x080013dc   Section        0  i2c.o(.text.I2C_Delay)
    [Anonymous Symbol]                       0x08001414   Section        0  i2c.o(.text.I2C_NAck)
    __arm_cp.6_1                             0x08001454   Number         4  i2c.o(.text.I2C_NAck)
    [Anonymous Symbol]                       0x08001458   Section        0  i2c.o(.text.I2C_Read_Byte)
    [Anonymous Symbol]                       0x080014d0   Section        0  i2c.o(.text.I2C_Read_NByte)
    [Anonymous Symbol]                       0x080015c0   Section        0  i2c.o(.text.I2C_Send_Byte)
    [Anonymous Symbol]                       0x0800163c   Section        0  i2c.o(.text.I2C_Soft_Init)
    __arm_cp.2_0                             0x08001688   Number         4  i2c.o(.text.I2C_Soft_Init)
    [Anonymous Symbol]                       0x0800168c   Section        0  i2c.o(.text.I2C_Start)
    __arm_cp.4_0                             0x080016f4   Number         4  i2c.o(.text.I2C_Start)
    __arm_cp.4_1                             0x080016f8   Number         4  i2c.o(.text.I2C_Start)
    [Anonymous Symbol]                       0x080016fc   Section        0  i2c.o(.text.I2C_Stop)
    [Anonymous Symbol]                       0x08001780   Section        0  i2c.o(.text.I2C_Wait_Ack)
    __arm_cp.7_0                             0x08001800   Number         4  i2c.o(.text.I2C_Wait_Ack)
    [Anonymous Symbol]                       0x08001804   Section        0  stm32g0xx_it.o(.text.NMI_Handler)
    [Anonymous Symbol]                       0x08001808   Section        0  stm32g0xx_it.o(.text.PendSV_Handler)
    [Anonymous Symbol]                       0x0800180c   Section        0  segger_rtt.o(.text.SEGGER_RTT_Write)
    [Anonymous Symbol]                       0x08001854   Section        0  segger_rtt.o(.text.SEGGER_RTT_WriteNoLock)
    __arm_cp.11_0                            0x08001900   Number         4  segger_rtt.o(.text.SEGGER_RTT_WriteNoLock)
    [Anonymous Symbol]                       0x08001904   Section        0  segger_rtt_printf.o(.text.SEGGER_RTT_printf)
    [Anonymous Symbol]                       0x08001930   Section        0  segger_rtt_printf.o(.text.SEGGER_RTT_vprintf)
    [Anonymous Symbol]                       0x08001c6e   Section        0  stm32g0xx_it.o(.text.SVC_Handler)
    SysTick_Config                           0x08001c71   Thumb Code    68  stm32g0xx_hal_cortex.o(.text.SysTick_Config)
    [Anonymous Symbol]                       0x08001c70   Section        0  stm32g0xx_hal_cortex.o(.text.SysTick_Config)
    __arm_cp.9_0                             0x08001cb4   Number         4  stm32g0xx_hal_cortex.o(.text.SysTick_Config)
    __arm_cp.9_1                             0x08001cb8   Number         4  stm32g0xx_hal_cortex.o(.text.SysTick_Config)
    __arm_cp.9_2                             0x08001cbc   Number         4  stm32g0xx_hal_cortex.o(.text.SysTick_Config)
    [Anonymous Symbol]                       0x08001cc0   Section        0  stm32g0xx_it.o(.text.SysTick_Handler)
    [Anonymous Symbol]                       0x08001cc8   Section        0  main.o(.text.SystemClock_Config)
    [Anonymous Symbol]                       0x08001d46   Section        0  system_stm32g0xx.o(.text.SystemInit)
    _DoInit                                  0x08001d49   Thumb Code   128  segger_rtt.o(.text._DoInit)
    [Anonymous Symbol]                       0x08001d48   Section        0  segger_rtt.o(.text._DoInit)
    __arm_cp.1_0                             0x08001dc8   Number         4  segger_rtt.o(.text._DoInit)
    __arm_cp.1_1                             0x08001dcc   Number         4  segger_rtt.o(.text._DoInit)
    __arm_cp.1_2                             0x08001dd0   Number         4  segger_rtt.o(.text._DoInit)
    __arm_cp.1_3                             0x08001dd4   Number         4  segger_rtt.o(.text._DoInit)
    __arm_cp.1_4                             0x08001dd8   Number         4  segger_rtt.o(.text._DoInit)
    _GetAvailWriteSpace                      0x08001ddd   Thumb Code    62  segger_rtt.o(.text._GetAvailWriteSpace)
    [Anonymous Symbol]                       0x08001ddc   Section        0  segger_rtt.o(.text._GetAvailWriteSpace)
    _PrintInt                                0x08001e1b   Thumb Code   482  segger_rtt_printf.o(.text._PrintInt)
    [Anonymous Symbol]                       0x08001e1a   Section        0  segger_rtt_printf.o(.text._PrintInt)
    _PrintUnsigned                           0x08001ffd   Thumb Code   452  segger_rtt_printf.o(.text._PrintUnsigned)
    [Anonymous Symbol]                       0x08001ffc   Section        0  segger_rtt_printf.o(.text._PrintUnsigned)
    __arm_cp.3_0                             0x080021c0   Number         4  segger_rtt_printf.o(.text._PrintUnsigned)
    _StoreChar                               0x080021c5   Thumb Code   116  segger_rtt_printf.o(.text._StoreChar)
    [Anonymous Symbol]                       0x080021c4   Section        0  segger_rtt_printf.o(.text._StoreChar)
    _WriteBlocking                           0x08002239   Thumb Code   224  segger_rtt.o(.text._WriteBlocking)
    [Anonymous Symbol]                       0x08002238   Section        0  segger_rtt.o(.text._WriteBlocking)
    _WriteNoCheck                            0x08002319   Thumb Code   132  segger_rtt.o(.text._WriteNoCheck)
    [Anonymous Symbol]                       0x08002318   Section        0  segger_rtt.o(.text._WriteNoCheck)
    __NVIC_SetPriority                       0x0800239d   Thumb Code   124  stm32g0xx_hal_cortex.o(.text.__NVIC_SetPriority)
    [Anonymous Symbol]                       0x0800239c   Section        0  stm32g0xx_hal_cortex.o(.text.__NVIC_SetPriority)
    __arm_cp.1_0                             0x08002418   Number         4  stm32g0xx_hal_cortex.o(.text.__NVIC_SetPriority)
    __arm_cp.1_1                             0x0800241c   Number         4  stm32g0xx_hal_cortex.o(.text.__NVIC_SetPriority)
    [Anonymous Symbol]                       0x08002420   Section        0  i2c.o(.text.bq34z100_get_all_info)
    __arm_cp.31_0                            0x0800258c   Number         4  i2c.o(.text.bq34z100_get_all_info)
    __arm_cp.31_1                            0x08002590   Number         4  i2c.o(.text.bq34z100_get_all_info)
    __arm_cp.31_2                            0x08002594   Number         4  i2c.o(.text.bq34z100_get_all_info)
    __arm_cp.31_3                            0x08002598   Number         4  i2c.o(.text.bq34z100_get_all_info)
    __arm_cp.31_4                            0x0800259c   Number         4  i2c.o(.text.bq34z100_get_all_info)
    __arm_cp.31_5                            0x080025a0   Number         4  i2c.o(.text.bq34z100_get_all_info)
    __arm_cp.31_6                            0x080025a4   Number         4  i2c.o(.text.bq34z100_get_all_info)
    __arm_cp.31_7                            0x080025a8   Number         4  i2c.o(.text.bq34z100_get_all_info)
    __arm_cp.31_8                            0x080025ac   Number         4  i2c.o(.text.bq34z100_get_all_info)
    __arm_cp.31_9                            0x080025b0   Number         4  i2c.o(.text.bq34z100_get_all_info)
    __arm_cp.31_10                           0x080025b4   Number         4  i2c.o(.text.bq34z100_get_all_info)
    __arm_cp.31_11                           0x080025b8   Number         4  i2c.o(.text.bq34z100_get_all_info)
    __arm_cp.31_12                           0x080025bc   Number         4  i2c.o(.text.bq34z100_get_all_info)
    [Anonymous Symbol]                       0x080025c0   Section        0  i2c.o(.text.bq34z100_get_average_current)
    [Anonymous Symbol]                       0x080025e8   Section        0  i2c.o(.text.bq34z100_get_cycle_count)
    [Anonymous Symbol]                       0x0800260c   Section        0  i2c.o(.text.bq34z100_get_flags)
    [Anonymous Symbol]                       0x08002630   Section        0  i2c.o(.text.bq34z100_get_full_charge_capacity)
    [Anonymous Symbol]                       0x08002654   Section        0  i2c.o(.text.bq34z100_get_recommended_charge_current)
    [Anonymous Symbol]                       0x0800267c   Section        0  i2c.o(.text.bq34z100_get_remaining_capacity)
    [Anonymous Symbol]                       0x080026a0   Section        0  i2c.o(.text.bq34z100_get_soc)
    [Anonymous Symbol]                       0x080026c4   Section        0  i2c.o(.text.bq34z100_get_soh)
    [Anonymous Symbol]                       0x080026e8   Section        0  i2c.o(.text.bq34z100_get_temperature)
    [Anonymous Symbol]                       0x08002710   Section        0  i2c.o(.text.bq34z100_get_time_to_empty)
    [Anonymous Symbol]                       0x08002734   Section        0  i2c.o(.text.bq34z100_get_time_to_full)
    [Anonymous Symbol]                       0x08002758   Section        0  i2c.o(.text.bq34z100_get_voltage)
    [Anonymous Symbol]                       0x0800277c   Section        0  main.o(.text.main)
    __arm_cp.0_0                             0x080027ac   Number         4  main.o(.text.main)
    __arm_cp.0_1                             0x080027b0   Number         4  main.o(.text.main)
    _DoInit._aInitStr                        0x080027f4   Data          17  segger_rtt.o(.rodata._DoInit._aInitStr)
    [Anonymous Symbol]                       0x080027f4   Section        0  segger_rtt.o(.rodata._DoInit._aInitStr)
    _PrintUnsigned._aV2C                     0x08002805   Data          16  segger_rtt_printf.o(.rodata._PrintUnsigned._aV2C)
    [Anonymous Symbol]                       0x08002805   Section        0  segger_rtt_printf.o(.rodata._PrintUnsigned._aV2C)
    [Anonymous Symbol]                       0x08002815   Section        0  main.o(.rodata.str1.1)
    [Anonymous Symbol]                       0x08002843   Section        0  i2c.o(.rodata.str1.1)
    [Anonymous Symbol]                       0x0800293a   Section        0  segger_rtt.o(.rodata.str1.1)
    .bss                                     0x20000010   Section       96  libspace.o(.bss)
    _acDownBuffer                            0x20000118   Data          16  segger_rtt.o(.bss._acDownBuffer)
    [Anonymous Symbol]                       0x20000118   Section        0  segger_rtt.o(.bss._acDownBuffer)
    _acUpBuffer                              0x20000128   Data        1024  segger_rtt.o(.bss._acUpBuffer)
    [Anonymous Symbol]                       0x20000128   Section        0  segger_rtt.o(.bss._acUpBuffer)
    Heap_Mem                                 0x20000548   Data         512  startup_stm32g030xx.o(HEAP)
    HEAP                                     0x20000548   Section      512  startup_stm32g030xx.o(HEAP)
    Stack_Mem                                0x20000748   Data        1024  startup_stm32g030xx.o(STACK)
    STACK                                    0x20000748   Section     1024  startup_stm32g030xx.o(STACK)
    __initial_sp                             0x20000b48   Data           0  startup_stm32g030xx.o(STACK)

    Global Symbols

    Symbol Name                              Value     Ov Type        Size  Object(Section)

    BuildAttributes$$THM_ISAv3M$S$PE$A:L22$X:L11$S22$IEEE1$IW$~IW$USESV6$~STKCKD$USESV7$~SHL$OSPACE$ROPI$EBA8$UX$STANDARDLIB$REQ8$PRES8$EABIv2 0x00000000   Number         0  anon$$obj.o ABSOLUTE
    __ARM_exceptions_init                     - Undefined Weak Reference
    __alloca_initialize                       - Undefined Weak Reference
    __arm_preinit_                            - Undefined Weak Reference
    __arm_relocate_pie_                       - Undefined Weak Reference
    __cpp_initialize__aeabi_                  - Undefined Weak Reference
    __cxa_finalize                            - Undefined Weak Reference
    __rt_locale                               - Undefined Weak Reference
    __sigvec_lookup                           - Undefined Weak Reference
    _atexit_init                              - Undefined Weak Reference
    _call_atexit_fns                          - Undefined Weak Reference
    _clock_init                               - Undefined Weak Reference
    _fp_trap_init                             - Undefined Weak Reference
    _fp_trap_shutdown                         - Undefined Weak Reference
    _get_lc_collate                           - Undefined Weak Reference
    _get_lc_ctype                             - Undefined Weak Reference
    _get_lc_monetary                          - Undefined Weak Reference
    _get_lc_numeric                           - Undefined Weak Reference
    _get_lc_time                              - Undefined Weak Reference
    _getenv_init                              - Undefined Weak Reference
    _handle_redirection                       - Undefined Weak Reference
    _init_alloc                               - Undefined Weak Reference
    _init_user_alloc                          - Undefined Weak Reference
    _initio                                   - Undefined Weak Reference
    _rand_init                                - Undefined Weak Reference
    _signal_finish                            - Undefined Weak Reference
    _signal_init                              - Undefined Weak Reference
    _terminate_alloc                          - Undefined Weak Reference
    _terminate_user_alloc                     - Undefined Weak Reference
    _terminateio                              - Undefined Weak Reference
    __Vectors_Size                           0x000000c0   Number         0  startup_stm32g030xx.o ABSOLUTE
    __Vectors                                0x08000000   Data           4  startup_stm32g030xx.o(RESET)
    __Vectors_End                            0x080000c0   Data           0  startup_stm32g030xx.o(RESET)
    __main                                   0x080000c1   Thumb Code     8  __main.o(!!!main)
    __scatterload                            0x080000c9   Thumb Code     0  __scatter.o(!!!scatter)
    __scatterload_rt2                        0x080000c9   Thumb Code    52  __scatter.o(!!!scatter)
    __scatterload_rt2_thumb_only             0x080000c9   Thumb Code     0  __scatter.o(!!!scatter)
    __scatterload_null                       0x080000d9   Thumb Code     0  __scatter.o(!!!scatter)
    __scatterload_copy                       0x08000105   Thumb Code    26  __scatter_copy.o(!!handler_copy)
    __scatterload_zeroinit                   0x08000121   Thumb Code    28  __scatter_zi.o(!!handler_zi)
    __rt_lib_init                            0x0800013d   Thumb Code     0  libinit.o(.ARM.Collect$$libinit$$00000000)
    __rt_lib_init_alloca_1                   0x0800013f   Thumb Code     0  libinit2.o(.ARM.Collect$$libinit$$00000030)
    __rt_lib_init_argv_1                     0x0800013f   Thumb Code     0  libinit2.o(.ARM.Collect$$libinit$$0000002E)
    __rt_lib_init_atexit_1                   0x0800013f   Thumb Code     0  libinit2.o(.ARM.Collect$$libinit$$0000001D)
    __rt_lib_init_clock_1                    0x0800013f   Thumb Code     0  libinit2.o(.ARM.Collect$$libinit$$00000023)
    __rt_lib_init_cpp_1                      0x0800013f   Thumb Code     0  libinit2.o(.ARM.Collect$$libinit$$00000034)
    __rt_lib_init_exceptions_1               0x0800013f   Thumb Code     0  libinit2.o(.ARM.Collect$$libinit$$00000032)
    __rt_lib_init_fp_1                       0x0800013f   Thumb Code     0  libinit2.o(.ARM.Collect$$libinit$$00000002)
    __rt_lib_init_fp_trap_1                  0x0800013f   Thumb Code     0  libinit2.o(.ARM.Collect$$libinit$$00000021)
    __rt_lib_init_getenv_1                   0x0800013f   Thumb Code     0  libinit2.o(.ARM.Collect$$libinit$$00000025)
    __rt_lib_init_heap_1                     0x0800013f   Thumb Code     0  libinit2.o(.ARM.Collect$$libinit$$0000000C)
    __rt_lib_init_lc_collate_1               0x0800013f   Thumb Code     0  libinit2.o(.ARM.Collect$$libinit$$00000013)
    __rt_lib_init_lc_ctype_1                 0x0800013f   Thumb Code     0  libinit2.o(.ARM.Collect$$libinit$$00000015)
    __rt_lib_init_lc_monetary_1              0x0800013f   Thumb Code     0  libinit2.o(.ARM.Collect$$libinit$$00000017)
    __rt_lib_init_lc_numeric_1               0x0800013f   Thumb Code     0  libinit2.o(.ARM.Collect$$libinit$$00000019)
    __rt_lib_init_lc_time_1                  0x0800013f   Thumb Code     0  libinit2.o(.ARM.Collect$$libinit$$0000001B)
    __rt_lib_init_preinit_1                  0x0800013f   Thumb Code     0  libinit2.o(.ARM.Collect$$libinit$$00000006)
    __rt_lib_init_rand_1                     0x0800013f   Thumb Code     0  libinit2.o(.ARM.Collect$$libinit$$00000010)
    __rt_lib_init_relocate_pie_1             0x0800013f   Thumb Code     0  libinit2.o(.ARM.Collect$$libinit$$00000004)
    __rt_lib_init_return                     0x0800013f   Thumb Code     0  libinit2.o(.ARM.Collect$$libinit$$00000035)
    __rt_lib_init_signal_1                   0x0800013f   Thumb Code     0  libinit2.o(.ARM.Collect$$libinit$$0000001F)
    __rt_lib_init_stdio_1                    0x0800013f   Thumb Code     0  libinit2.o(.ARM.Collect$$libinit$$00000027)
    __rt_lib_init_user_alloc_1               0x0800013f   Thumb Code     0  libinit2.o(.ARM.Collect$$libinit$$0000000E)
    __rt_lib_shutdown                        0x08000141   Thumb Code     0  libshutdown.o(.ARM.Collect$$libshutdown$$00000000)
    __rt_lib_shutdown_cpp_1                  0x08000143   Thumb Code     0  libshutdown2.o(.ARM.Collect$$libshutdown$$00000002)
    __rt_lib_shutdown_fp_trap_1              0x08000143   Thumb Code     0  libshutdown2.o(.ARM.Collect$$libshutdown$$00000007)
    __rt_lib_shutdown_heap_1                 0x08000143   Thumb Code     0  libshutdown2.o(.ARM.Collect$$libshutdown$$0000000F)
    __rt_lib_shutdown_return                 0x08000143   Thumb Code     0  libshutdown2.o(.ARM.Collect$$libshutdown$$00000010)
    __rt_lib_shutdown_signal_1               0x08000143   Thumb Code     0  libshutdown2.o(.ARM.Collect$$libshutdown$$0000000A)
    __rt_lib_shutdown_stdio_1                0x08000143   Thumb Code     0  libshutdown2.o(.ARM.Collect$$libshutdown$$00000004)
    __rt_lib_shutdown_user_alloc_1           0x08000143   Thumb Code     0  libshutdown2.o(.ARM.Collect$$libshutdown$$0000000C)
    __rt_entry                               0x08000145   Thumb Code     0  __rtentry.o(.ARM.Collect$$rtentry$$00000000)
    __rt_entry_presh_1                       0x08000145   Thumb Code     0  __rtentry2.o(.ARM.Collect$$rtentry$$00000002)
    __rt_entry_sh                            0x08000145   Thumb Code     0  __rtentry4.o(.ARM.Collect$$rtentry$$00000004)
    __rt_entry_li                            0x0800014b   Thumb Code     0  __rtentry2.o(.ARM.Collect$$rtentry$$0000000A)
    __rt_entry_postsh_1                      0x0800014b   Thumb Code     0  __rtentry2.o(.ARM.Collect$$rtentry$$00000009)
    __rt_entry_main                          0x0800014f   Thumb Code     0  __rtentry2.o(.ARM.Collect$$rtentry$$0000000D)
    __rt_entry_postli_1                      0x0800014f   Thumb Code     0  __rtentry2.o(.ARM.Collect$$rtentry$$0000000C)
    __rt_exit                                0x08000157   Thumb Code     0  rtexit.o(.ARM.Collect$$rtexit$$00000000)
    __rt_exit_ls                             0x08000159   Thumb Code     0  rtexit2.o(.ARM.Collect$$rtexit$$00000003)
    __rt_exit_prels_1                        0x08000159   Thumb Code     0  rtexit2.o(.ARM.Collect$$rtexit$$00000002)
    __rt_exit_exit                           0x0800015d   Thumb Code     0  rtexit2.o(.ARM.Collect$$rtexit$$00000004)
    __aeabi_memcpy4                          0x08000165   Thumb Code    56  rt_memcpy.o(.emb_text)
    __aeabi_memcpy8                          0x08000165   Thumb Code     0  rt_memcpy.o(.emb_text)
    Reset_Handler                            0x0800019d   Thumb Code     8  startup_stm32g030xx.o(.text)
    ADC1_IRQHandler                          0x080001af   Thumb Code     0  startup_stm32g030xx.o(.text)
    DMA1_Ch4_5_DMAMUX1_OVR_IRQHandler        0x080001af   Thumb Code     0  startup_stm32g030xx.o(.text)
    DMA1_Channel1_IRQHandler                 0x080001af   Thumb Code     0  startup_stm32g030xx.o(.text)
    DMA1_Channel2_3_IRQHandler               0x080001af   Thumb Code     0  startup_stm32g030xx.o(.text)
    EXTI0_1_IRQHandler                       0x080001af   Thumb Code     0  startup_stm32g030xx.o(.text)
    EXTI2_3_IRQHandler                       0x080001af   Thumb Code     0  startup_stm32g030xx.o(.text)
    EXTI4_15_IRQHandler                      0x080001af   Thumb Code     0  startup_stm32g030xx.o(.text)
    FLASH_IRQHandler                         0x080001af   Thumb Code     0  startup_stm32g030xx.o(.text)
    I2C1_IRQHandler                          0x080001af   Thumb Code     0  startup_stm32g030xx.o(.text)
    I2C2_IRQHandler                          0x080001af   Thumb Code     0  startup_stm32g030xx.o(.text)
    RCC_IRQHandler                           0x080001af   Thumb Code     0  startup_stm32g030xx.o(.text)
    RTC_TAMP_IRQHandler                      0x080001af   Thumb Code     0  startup_stm32g030xx.o(.text)
    SPI1_IRQHandler                          0x080001af   Thumb Code     0  startup_stm32g030xx.o(.text)
    SPI2_IRQHandler                          0x080001af   Thumb Code     0  startup_stm32g030xx.o(.text)
    TIM14_IRQHandler                         0x080001af   Thumb Code     0  startup_stm32g030xx.o(.text)
    TIM16_IRQHandler                         0x080001af   Thumb Code     0  startup_stm32g030xx.o(.text)
    TIM17_IRQHandler                         0x080001af   Thumb Code     0  startup_stm32g030xx.o(.text)
    TIM1_BRK_UP_TRG_COM_IRQHandler           0x080001af   Thumb Code     0  startup_stm32g030xx.o(.text)
    TIM1_CC_IRQHandler                       0x080001af   Thumb Code     0  startup_stm32g030xx.o(.text)
    TIM3_IRQHandler                          0x080001af   Thumb Code     0  startup_stm32g030xx.o(.text)
    USART1_IRQHandler                        0x080001af   Thumb Code     0  startup_stm32g030xx.o(.text)
    USART2_IRQHandler                        0x080001af   Thumb Code     0  startup_stm32g030xx.o(.text)
    WWDG_IRQHandler                          0x080001af   Thumb Code     0  startup_stm32g030xx.o(.text)
    __user_initial_stackheap                 0x080001b1   Thumb Code     0  startup_stm32g030xx.o(.text)
    __aeabi_memcpy                           0x080001d5   Thumb Code   130  rt_memcpy.o(.text)
    __rt_memcpy                              0x080001d5   Thumb Code     0  rt_memcpy.o(.text)
    _memset_w                                0x08000257   Thumb Code    26  rt_memclr.o(.text)
    _memset                                  0x08000271   Thumb Code    30  rt_memclr.o(.text)
    __aeabi_memclr                           0x0800028f   Thumb Code     4  rt_memclr.o(.text)
    __rt_memclr                              0x0800028f   Thumb Code     0  rt_memclr.o(.text)
    __aeabi_memclr4                          0x08000293   Thumb Code     0  rt_memclr.o(.text)
    __aeabi_memclr8                          0x08000293   Thumb Code     0  rt_memclr.o(.text)
    __rt_memclr_w                            0x08000293   Thumb Code     4  rt_memclr.o(.text)
    __aeabi_uidiv                            0x08000299   Thumb Code     0  aeabi_sdiv.o(.text)
    __aeabi_uidivmod                         0x08000299   Thumb Code    20  aeabi_sdiv.o(.text)
    __aeabi_idiv                             0x080002ad   Thumb Code     0  aeabi_sdiv.o(.text)
    __aeabi_idivmod                          0x080002ad   Thumb Code   338  aeabi_sdiv.o(.text)
    __use_two_region_memory                  0x08000405   Thumb Code     2  heapauxi.o(.text)
    __rt_heap_escrow$2region                 0x08000407   Thumb Code     2  heapauxi.o(.text)
    __rt_heap_expand$2region                 0x08000409   Thumb Code     2  heapauxi.o(.text)
    __user_setup_stackheap                   0x0800040b   Thumb Code    62  sys_stackheap_outer.o(.text)
    exit                                     0x08000449   Thumb Code    16  exit.o(.text)
    __user_libspace                          0x08000459   Thumb Code     8  libspace.o(.text)
    __user_perproc_libspace                  0x08000459   Thumb Code     0  libspace.o(.text)
    __user_perthread_libspace                0x08000459   Thumb Code     0  libspace.o(.text)
    _sys_exit                                0x08000461   Thumb Code     8  sys_exit.o(.text)
    __I$use$semihosting                      0x0800046d   Thumb Code     0  use_no_semi.o(.text)
    __use_no_semihosting_swi                 0x0800046d   Thumb Code     2  use_no_semi.o(.text)
    Error_Handler                            0x0800046f   Thumb Code    14  main.o(.text.Error_Handler)
    __semihosting_library_function           0x0800046f   Thumb Code     0  indicate_semi.o(.text)
    HAL_Delay                                0x0800047d   Thumb Code    64  stm32g0xx_hal.o(.text.HAL_Delay)
    HAL_GPIO_Init                            0x080004bd   Thumb Code   688  stm32g0xx_hal_gpio.o(.text.HAL_GPIO_Init)
    HAL_GPIO_ReadPin                         0x0800078d   Thumb Code    50  stm32g0xx_hal_gpio.o(.text.HAL_GPIO_ReadPin)
    HAL_GetTick                              0x080007c1   Thumb Code     8  stm32g0xx_hal.o(.text.HAL_GetTick)
    HAL_IncTick                              0x080007c9   Thumb Code    16  stm32g0xx_hal.o(.text.HAL_IncTick)
    HAL_Init                                 0x080007e1   Thumb Code    56  stm32g0xx_hal.o(.text.HAL_Init)
    HAL_InitTick                             0x08000819   Thumb Code   120  stm32g0xx_hal.o(.text.HAL_InitTick)
    HAL_MspInit                              0x08000895   Thumb Code    52  stm32g0xx_hal_msp.o(.text.HAL_MspInit)
    HAL_NVIC_SetPriority                     0x080008d1   Thumb Code    28  stm32g0xx_hal_cortex.o(.text.HAL_NVIC_SetPriority)
    HAL_PWREx_ControlVoltageScaling          0x080008ed   Thumb Code   112  stm32g0xx_hal_pwr_ex.o(.text.HAL_PWREx_ControlVoltageScaling)
    HAL_RCC_ClockConfig                      0x08000969   Thumb Code   572  stm32g0xx_hal_rcc.o(.text.HAL_RCC_ClockConfig)
    HAL_RCC_GetSysClockFreq                  0x08000bc1   Thumb Code   268  stm32g0xx_hal_rcc.o(.text.HAL_RCC_GetSysClockFreq)
    HAL_RCC_OscConfig                        0x08000ce1   Thumb Code  1652  stm32g0xx_hal_rcc.o(.text.HAL_RCC_OscConfig)
    HAL_SYSTICK_Config                       0x0800137d   Thumb Code    16  stm32g0xx_hal_cortex.o(.text.HAL_SYSTICK_Config)
    HardFault_Handler                        0x0800138d   Thumb Code     4  stm32g0xx_it.o(.text.HardFault_Handler)
    I2C_Ack                                  0x08001391   Thumb Code    76  i2c.o(.text.I2C_Ack)
    I2C_Delay                                0x080013dd   Thumb Code    56  i2c.o(.text.I2C_Delay)
    I2C_NAck                                 0x08001415   Thumb Code    64  i2c.o(.text.I2C_NAck)
    I2C_Read_Byte                            0x08001459   Thumb Code   120  i2c.o(.text.I2C_Read_Byte)
    I2C_Read_NByte                           0x080014d1   Thumb Code   240  i2c.o(.text.I2C_Read_NByte)
    I2C_Send_Byte                            0x080015c1   Thumb Code   124  i2c.o(.text.I2C_Send_Byte)
    I2C_Soft_Init                            0x0800163d   Thumb Code    76  i2c.o(.text.I2C_Soft_Init)
    I2C_Start                                0x0800168d   Thumb Code   104  i2c.o(.text.I2C_Start)
    I2C_Stop                                 0x080016fd   Thumb Code   132  i2c.o(.text.I2C_Stop)
    I2C_Wait_Ack                             0x08001781   Thumb Code   128  i2c.o(.text.I2C_Wait_Ack)
    NMI_Handler                              0x08001805   Thumb Code     4  stm32g0xx_it.o(.text.NMI_Handler)
    PendSV_Handler                           0x08001809   Thumb Code     2  stm32g0xx_it.o(.text.PendSV_Handler)
    SEGGER_RTT_Write                         0x0800180d   Thumb Code    72  segger_rtt.o(.text.SEGGER_RTT_Write)
    SEGGER_RTT_WriteNoLock                   0x08001855   Thumb Code   172  segger_rtt.o(.text.SEGGER_RTT_WriteNoLock)
    SEGGER_RTT_printf                        0x08001905   Thumb Code    44  segger_rtt_printf.o(.text.SEGGER_RTT_printf)
    SEGGER_RTT_vprintf                       0x08001931   Thumb Code   830  segger_rtt_printf.o(.text.SEGGER_RTT_vprintf)
    SVC_Handler                              0x08001c6f   Thumb Code     2  stm32g0xx_it.o(.text.SVC_Handler)
    SysTick_Handler                          0x08001cc1   Thumb Code     8  stm32g0xx_it.o(.text.SysTick_Handler)
    SystemClock_Config                       0x08001cc9   Thumb Code   126  main.o(.text.SystemClock_Config)
    SystemInit                               0x08001d47   Thumb Code     2  system_stm32g0xx.o(.text.SystemInit)
    bq34z100_get_all_info                    0x08002421   Thumb Code   364  i2c.o(.text.bq34z100_get_all_info)
    bq34z100_get_average_current             0x080025c1   Thumb Code    40  i2c.o(.text.bq34z100_get_average_current)
    bq34z100_get_cycle_count                 0x080025e9   Thumb Code    36  i2c.o(.text.bq34z100_get_cycle_count)
    bq34z100_get_flags                       0x0800260d   Thumb Code    36  i2c.o(.text.bq34z100_get_flags)
    bq34z100_get_full_charge_capacity        0x08002631   Thumb Code    36  i2c.o(.text.bq34z100_get_full_charge_capacity)
    bq34z100_get_recommended_charge_current  0x08002655   Thumb Code    40  i2c.o(.text.bq34z100_get_recommended_charge_current)
    bq34z100_get_remaining_capacity          0x0800267d   Thumb Code    36  i2c.o(.text.bq34z100_get_remaining_capacity)
    bq34z100_get_soc                         0x080026a1   Thumb Code    36  i2c.o(.text.bq34z100_get_soc)
    bq34z100_get_soh                         0x080026c5   Thumb Code    36  i2c.o(.text.bq34z100_get_soh)
    bq34z100_get_temperature                 0x080026e9   Thumb Code    40  i2c.o(.text.bq34z100_get_temperature)
    bq34z100_get_time_to_empty               0x08002711   Thumb Code    36  i2c.o(.text.bq34z100_get_time_to_empty)
    bq34z100_get_time_to_full                0x08002735   Thumb Code    36  i2c.o(.text.bq34z100_get_time_to_full)
    bq34z100_get_voltage                     0x08002759   Thumb Code    36  i2c.o(.text.bq34z100_get_voltage)
    main                                     0x0800277d   Thumb Code    48  main.o(.text.main)
    AHBPrescTable                            0x080027b4   Data          64  system_stm32g0xx.o(.rodata.AHBPrescTable)
    Region$$Table$$Base                      0x08002944   Number         0  anon$$obj.o(Region$$Table)
    Region$$Table$$Limit                     0x08002964   Number         0  anon$$obj.o(Region$$Table)
    SystemCoreClock                          0x20000000   Data           4  system_stm32g0xx.o(.data.SystemCoreClock)
    uwTickFreq                               0x20000004   Data           1  stm32g0xx_hal.o(.data.uwTickFreq)
    uwTickPrio                               0x20000008   Data           4  stm32g0xx_hal.o(.data.uwTickPrio)
    __libspace_start                         0x20000010   Data          96  libspace.o(.bss)
    _SEGGER_RTT                              0x20000070   Data         168  segger_rtt.o(.bss._SEGGER_RTT)
    __temporary_stack_top$libspace           0x20000070   Data           0  libspace.o(.bss)
    batt_info                                0x20000528   Data          24  main.o(.bss.batt_info)
    uwTick                                   0x20000540   Data           4  stm32g0xx_hal.o(.bss.uwTick)



==============================================================================

Memory Map of the image

  Image Entry point : 0x080000c1

  Load Region LR_IROM1 (Base: 0x08000000, Size: 0x00002978, Max: 0x00008000, ABSOLUTE)

    Execution Region ER_IROM1 (Exec base: 0x08000000, Load base: 0x08000000, Size: 0x00002964, Max: 0x00008000, ABSOLUTE)

    Exec Addr    Load Addr    Size         Type   Attr      Idx    E Section Name        Object

    0x08000000   0x08000000   0x000000c0   Data   RO            3    RESET               startup_stm32g030xx.o
    0x080000c0   0x080000c0   0x00000008   Code   RO         1253  * !!!main             c_p.l(__main.o)
    0x080000c8   0x080000c8   0x0000003c   Code   RO         1430    !!!scatter          c_p.l(__scatter.o)
    0x08000104   0x08000104   0x0000001a   Code   RO         1432    !!handler_copy      c_p.l(__scatter_copy.o)
    0x0800011e   0x0800011e   0x00000002   PAD
    0x08000120   0x08000120   0x0000001c   Code   RO         1434    !!handler_zi        c_p.l(__scatter_zi.o)
    0x0800013c   0x0800013c   0x00000002   Code   RO         1291    .ARM.Collect$$libinit$$00000000  c_p.l(libinit.o)
    0x0800013e   0x0800013e   0x00000000   Code   RO         1305    .ARM.Collect$$libinit$$00000002  c_p.l(libinit2.o)
    0x0800013e   0x0800013e   0x00000000   Code   RO         1307    .ARM.Collect$$libinit$$00000004  c_p.l(libinit2.o)
    0x0800013e   0x0800013e   0x00000000   Code   RO         1309    .ARM.Collect$$libinit$$00000006  c_p.l(libinit2.o)
    0x0800013e   0x0800013e   0x00000000   Code   RO         1312    .ARM.Collect$$libinit$$0000000C  c_p.l(libinit2.o)
    0x0800013e   0x0800013e   0x00000000   Code   RO         1314    .ARM.Collect$$libinit$$0000000E  c_p.l(libinit2.o)
    0x0800013e   0x0800013e   0x00000000   Code   RO         1316    .ARM.Collect$$libinit$$00000010  c_p.l(libinit2.o)
    0x0800013e   0x0800013e   0x00000000   Code   RO         1319    .ARM.Collect$$libinit$$00000013  c_p.l(libinit2.o)
    0x0800013e   0x0800013e   0x00000000   Code   RO         1321    .ARM.Collect$$libinit$$00000015  c_p.l(libinit2.o)
    0x0800013e   0x0800013e   0x00000000   Code   RO         1323    .ARM.Collect$$libinit$$00000017  c_p.l(libinit2.o)
    0x0800013e   0x0800013e   0x00000000   Code   RO         1325    .ARM.Collect$$libinit$$00000019  c_p.l(libinit2.o)
    0x0800013e   0x0800013e   0x00000000   Code   RO         1327    .ARM.Collect$$libinit$$0000001B  c_p.l(libinit2.o)
    0x0800013e   0x0800013e   0x00000000   Code   RO         1329    .ARM.Collect$$libinit$$0000001D  c_p.l(libinit2.o)
    0x0800013e   0x0800013e   0x00000000   Code   RO         1331    .ARM.Collect$$libinit$$0000001F  c_p.l(libinit2.o)
    0x0800013e   0x0800013e   0x00000000   Code   RO         1333    .ARM.Collect$$libinit$$00000021  c_p.l(libinit2.o)
    0x0800013e   0x0800013e   0x00000000   Code   RO         1335    .ARM.Collect$$libinit$$00000023  c_p.l(libinit2.o)
    0x0800013e   0x0800013e   0x00000000   Code   RO         1337    .ARM.Collect$$libinit$$00000025  c_p.l(libinit2.o)
    0x0800013e   0x0800013e   0x00000000   Code   RO         1339    .ARM.Collect$$libinit$$00000027  c_p.l(libinit2.o)
    0x0800013e   0x0800013e   0x00000000   Code   RO         1343    .ARM.Collect$$libinit$$0000002E  c_p.l(libinit2.o)
    0x0800013e   0x0800013e   0x00000000   Code   RO         1345    .ARM.Collect$$libinit$$00000030  c_p.l(libinit2.o)
    0x0800013e   0x0800013e   0x00000000   Code   RO         1347    .ARM.Collect$$libinit$$00000032  c_p.l(libinit2.o)
    0x0800013e   0x0800013e   0x00000000   Code   RO         1349    .ARM.Collect$$libinit$$00000034  c_p.l(libinit2.o)
    0x0800013e   0x0800013e   0x00000002   Code   RO         1350    .ARM.Collect$$libinit$$00000035  c_p.l(libinit2.o)
    0x08000140   0x08000140   0x00000002   Code   RO         1385    .ARM.Collect$$libshutdown$$00000000  c_p.l(libshutdown.o)
    0x08000142   0x08000142   0x00000000   Code   RO         1413    .ARM.Collect$$libshutdown$$00000002  c_p.l(libshutdown2.o)
    0x08000142   0x08000142   0x00000000   Code   RO         1415    .ARM.Collect$$libshutdown$$00000004  c_p.l(libshutdown2.o)
    0x08000142   0x08000142   0x00000000   Code   RO         1418    .ARM.Collect$$libshutdown$$00000007  c_p.l(libshutdown2.o)
    0x08000142   0x08000142   0x00000000   Code   RO         1421    .ARM.Collect$$libshutdown$$0000000A  c_p.l(libshutdown2.o)
    0x08000142   0x08000142   0x00000000   Code   RO         1423    .ARM.Collect$$libshutdown$$0000000C  c_p.l(libshutdown2.o)
    0x08000142   0x08000142   0x00000000   Code   RO         1426    .ARM.Collect$$libshutdown$$0000000F  c_p.l(libshutdown2.o)
    0x08000142   0x08000142   0x00000002   Code   RO         1427    .ARM.Collect$$libshutdown$$00000010  c_p.l(libshutdown2.o)
    0x08000144   0x08000144   0x00000000   Code   RO         1255    .ARM.Collect$$rtentry$$00000000  c_p.l(__rtentry.o)
    0x08000144   0x08000144   0x00000000   Code   RO         1261    .ARM.Collect$$rtentry$$00000002  c_p.l(__rtentry2.o)
    0x08000144   0x08000144   0x00000006   Code   RO         1273    .ARM.Collect$$rtentry$$00000004  c_p.l(__rtentry4.o)
    0x0800014a   0x0800014a   0x00000000   Code   RO         1263    .ARM.Collect$$rtentry$$00000009  c_p.l(__rtentry2.o)
    0x0800014a   0x0800014a   0x00000004   Code   RO         1264    .ARM.Collect$$rtentry$$0000000A  c_p.l(__rtentry2.o)
    0x0800014e   0x0800014e   0x00000000   Code   RO         1266    .ARM.Collect$$rtentry$$0000000C  c_p.l(__rtentry2.o)
    0x0800014e   0x0800014e   0x00000008   Code   RO         1267    .ARM.Collect$$rtentry$$0000000D  c_p.l(__rtentry2.o)
    0x08000156   0x08000156   0x00000002   Code   RO         1296    .ARM.Collect$$rtexit$$00000000  c_p.l(rtexit.o)
    0x08000158   0x08000158   0x00000000   Code   RO         1356    .ARM.Collect$$rtexit$$00000002  c_p.l(rtexit2.o)
    0x08000158   0x08000158   0x00000004   Code   RO         1357    .ARM.Collect$$rtexit$$00000003  c_p.l(rtexit2.o)
    0x0800015c   0x0800015c   0x00000006   Code   RO         1358    .ARM.Collect$$rtexit$$00000004  c_p.l(rtexit2.o)
    0x08000162   0x08000162   0x00000002   PAD
    0x08000164   0x08000164   0x00000038   Code   RO         1241    .emb_text           c_p.l(rt_memcpy.o)
    0x0800019c   0x0800019c   0x00000038   Code   RO            4    .text               startup_stm32g030xx.o
    0x080001d4   0x080001d4   0x00000082   Code   RO         1242    .text               c_p.l(rt_memcpy.o)
    0x08000256   0x08000256   0x00000040   Code   RO         1245    .text               c_p.l(rt_memclr.o)
    0x08000296   0x08000296   0x00000002   PAD
    0x08000298   0x08000298   0x0000016c   Code   RO         1247    .text               c_p.l(aeabi_sdiv.o)
    0x08000404   0x08000404   0x00000006   Code   RO         1251    .text               c_p.l(heapauxi.o)
    0x0800040a   0x0800040a   0x0000003e   Code   RO         1277    .text               c_p.l(sys_stackheap_outer.o)
    0x08000448   0x08000448   0x00000010   Code   RO         1280    .text               c_p.l(exit.o)
    0x08000458   0x08000458   0x00000008   Code   RO         1292    .text               c_p.l(libspace.o)
    0x08000460   0x08000460   0x0000000c   Code   RO         1351    .text               c_p.l(sys_exit.o)
    0x0800046c   0x0800046c   0x00000002   Code   RO         1374    .text               c_p.l(use_no_semi.o)
    0x0800046e   0x0800046e   0x00000000   Code   RO         1376    .text               c_p.l(indicate_semi.o)
    0x0800046e   0x0800046e   0x0000000e   Code   RO           15    .text.Error_Handler  main.o
    0x0800047c   0x0800047c   0x00000040   Code   RO          768    .text.HAL_Delay     stm32g0xx_hal.o
    0x080004bc   0x080004bc   0x000002d0   Code   RO          543    .text.HAL_GPIO_Init  stm32g0xx_hal_gpio.o
    0x0800078c   0x0800078c   0x00000032   Code   RO          547    .text.HAL_GPIO_ReadPin  stm32g0xx_hal_gpio.o
    0x080007be   0x080007be   0x00000002   PAD
    0x080007c0   0x080007c0   0x00000008   Code   RO          760    .text.HAL_GetTick   stm32g0xx_hal.o
    0x080007c8   0x080007c8   0x00000018   Code   RO          758    .text.HAL_IncTick   stm32g0xx_hal.o
    0x080007e0   0x080007e0   0x00000038   Code   RO          748    .text.HAL_Init      stm32g0xx_hal.o
    0x08000818   0x08000818   0x0000007c   Code   RO          750    .text.HAL_InitTick  stm32g0xx_hal.o
    0x08000894   0x08000894   0x0000003c   Code   RO           47    .text.HAL_MspInit   stm32g0xx_hal_msp.o
    0x080008d0   0x080008d0   0x0000001c   Code   RO          693    .text.HAL_NVIC_SetPriority  stm32g0xx_hal_cortex.o
    0x080008ec   0x080008ec   0x0000007c   Code   RO          680    .text.HAL_PWREx_ControlVoltageScaling  stm32g0xx_hal_pwr_ex.o
    0x08000968   0x08000968   0x00000258   Code   RO          417    .text.HAL_RCC_ClockConfig  stm32g0xx_hal_rcc.o
    0x08000bc0   0x08000bc0   0x00000120   Code   RO          419    .text.HAL_RCC_GetSysClockFreq  stm32g0xx_hal_rcc.o
    0x08000ce0   0x08000ce0   0x0000069c   Code   RO          415    .text.HAL_RCC_OscConfig  stm32g0xx_hal_rcc.o
    0x0800137c   0x0800137c   0x00000010   Code   RO          709    .text.HAL_SYSTICK_Config  stm32g0xx_hal_cortex.o
    0x0800138c   0x0800138c   0x00000004   Code   RO           32    .text.HardFault_Handler  stm32g0xx_it.o
    0x08001390   0x08001390   0x0000004c   Code   RO           78    .text.I2C_Ack       i2c.o
    0x080013dc   0x080013dc   0x00000038   Code   RO           68    .text.I2C_Delay     i2c.o
    0x08001414   0x08001414   0x00000044   Code   RO           80    .text.I2C_NAck      i2c.o
    0x08001458   0x08001458   0x00000078   Code   RO           86    .text.I2C_Read_Byte  i2c.o
    0x080014d0   0x080014d0   0x000000f0   Code   RO           94    .text.I2C_Read_NByte  i2c.o
    0x080015c0   0x080015c0   0x0000007c   Code   RO           84    .text.I2C_Send_Byte  i2c.o
    0x0800163c   0x0800163c   0x00000050   Code   RO           72    .text.I2C_Soft_Init  i2c.o
    0x0800168c   0x0800168c   0x00000070   Code   RO           76    .text.I2C_Start     i2c.o
    0x080016fc   0x080016fc   0x00000084   Code   RO           74    .text.I2C_Stop      i2c.o
    0x08001780   0x08001780   0x00000084   Code   RO           82    .text.I2C_Wait_Ack  i2c.o
    0x08001804   0x08001804   0x00000004   Code   RO           30    .text.NMI_Handler   stm32g0xx_it.o
    0x08001808   0x08001808   0x00000002   Code   RO           36    .text.PendSV_Handler  stm32g0xx_it.o
    0x0800180a   0x0800180a   0x00000002   PAD
    0x0800180c   0x0800180c   0x00000048   Code   RO          166    .text.SEGGER_RTT_Write  segger_rtt.o
    0x08001854   0x08001854   0x000000b0   Code   RO          162    .text.SEGGER_RTT_WriteNoLock  segger_rtt.o
    0x08001904   0x08001904   0x0000002c   Code   RO          236    .text.SEGGER_RTT_printf  segger_rtt_printf.o
    0x08001930   0x08001930   0x0000033e   Code   RO          228    .text.SEGGER_RTT_vprintf  segger_rtt_printf.o
    0x08001c6e   0x08001c6e   0x00000002   Code   RO           34    .text.SVC_Handler   stm32g0xx_it.o
    0x08001c70   0x08001c70   0x00000050   Code   RO          711    .text.SysTick_Config  stm32g0xx_hal_cortex.o
    0x08001cc0   0x08001cc0   0x00000008   Code   RO           38    .text.SysTick_Handler  stm32g0xx_it.o
    0x08001cc8   0x08001cc8   0x0000007e   Code   RO           13    .text.SystemClock_Config  main.o
    0x08001d46   0x08001d46   0x00000002   Code   RO         1224    .text.SystemInit    system_stm32g0xx.o
    0x08001d48   0x08001d48   0x00000094   Code   RO          142    .text._DoInit       segger_rtt.o
    0x08001ddc   0x08001ddc   0x0000003e   Code   RO          156    .text._GetAvailWriteSpace  segger_rtt.o
    0x08001e1a   0x08001e1a   0x000001e2   Code   RO          232    .text._PrintInt     segger_rtt_printf.o
    0x08001ffc   0x08001ffc   0x000001c8   Code   RO          234    .text._PrintUnsigned  segger_rtt_printf.o
    0x080021c4   0x080021c4   0x00000074   Code   RO          230    .text._StoreChar    segger_rtt_printf.o
    0x08002238   0x08002238   0x000000e0   Code   RO          160    .text._WriteBlocking  segger_rtt.o
    0x08002318   0x08002318   0x00000084   Code   RO          158    .text._WriteNoCheck  segger_rtt.o
    0x0800239c   0x0800239c   0x00000084   Code   RO          695    .text.__NVIC_SetPriority  stm32g0xx_hal_cortex.o
    0x08002420   0x08002420   0x000001a0   Code   RO          130    .text.bq34z100_get_all_info  i2c.o
    0x080025c0   0x080025c0   0x00000028   Code   RO          110    .text.bq34z100_get_average_current  i2c.o
    0x080025e8   0x080025e8   0x00000024   Code   RO          122    .text.bq34z100_get_cycle_count  i2c.o
    0x0800260c   0x0800260c   0x00000024   Code   RO          128    .text.bq34z100_get_flags  i2c.o
    0x08002630   0x08002630   0x00000024   Code   RO          106    .text.bq34z100_get_full_charge_capacity  i2c.o
    0x08002654   0x08002654   0x00000028   Code   RO          126    .text.bq34z100_get_recommended_charge_current  i2c.o
    0x0800267c   0x0800267c   0x00000024   Code   RO          104    .text.bq34z100_get_remaining_capacity  i2c.o
    0x080026a0   0x080026a0   0x00000024   Code   RO          102    .text.bq34z100_get_soc  i2c.o
    0x080026c4   0x080026c4   0x00000024   Code   RO          114    .text.bq34z100_get_soh  i2c.o
    0x080026e8   0x080026e8   0x00000028   Code   RO          112    .text.bq34z100_get_temperature  i2c.o
    0x08002710   0x08002710   0x00000024   Code   RO          116    .text.bq34z100_get_time_to_empty  i2c.o
    0x08002734   0x08002734   0x00000024   Code   RO          118    .text.bq34z100_get_time_to_full  i2c.o
    0x08002758   0x08002758   0x00000024   Code   RO          108    .text.bq34z100_get_voltage  i2c.o
    0x0800277c   0x0800277c   0x00000038   Code   RO           11    .text.main          main.o
    0x080027b4   0x080027b4   0x00000040   Data   RO         1229    .rodata.AHBPrescTable  system_stm32g0xx.o
    0x080027f4   0x080027f4   0x00000011   Data   RO          217    .rodata._DoInit._aInitStr  segger_rtt.o
    0x08002805   0x08002805   0x00000010   Data   RO          238    .rodata._PrintUnsigned._aV2C  segger_rtt_printf.o
    0x08002815   0x08002815   0x0000002e   Data   RO           18    .rodata.str1.1      main.o
    0x08002843   0x08002843   0x000000f7   Data   RO          132    .rodata.str1.1      i2c.o
    0x0800293a   0x0800293a   0x00000009   Data   RO          218    .rodata.str1.1      segger_rtt.o
    0x08002943   0x08002943   0x00000001   PAD
    0x08002944   0x08002944   0x00000020   Data   RO         1429    Region$$Table       anon$$obj.o


    Execution Region RW_IRAM1 (Exec base: 0x20000000, Load base: 0x08002968, Size: 0x00000b48, Max: 0x00002000, ABSOLUTE)

    Exec Addr    Load Addr    Size         Type   Attr      Idx    E Section Name        Object

    0x20000000   0x08002968   0x00000004   Data   RW         1228    .data.SystemCoreClock  system_stm32g0xx.o
    0x20000004   0x0800296c   0x00000001   Data   RW          807    .data.uwTickFreq    stm32g0xx_hal.o
    0x20000005   0x0800296d   0x00000003   PAD
    0x20000008   0x08002970   0x00000004   Data   RW          806    .data.uwTickPrio    stm32g0xx_hal.o
    0x2000000c   0x08002974   0x00000004   PAD
    0x20000010        -       0x00000060   Zero   RW         1293    .bss                c_p.l(libspace.o)
    0x20000070        -       0x000000a8   Zero   RW          214    .bss._SEGGER_RTT    segger_rtt.o
    0x20000118        -       0x00000010   Zero   RW          220    .bss._acDownBuffer  segger_rtt.o
    0x20000128        -       0x00000400   Zero   RW          219    .bss._acUpBuffer    segger_rtt.o
    0x20000528        -       0x00000018   Zero   RW           17    .bss.batt_info      main.o
    0x20000540        -       0x00000004   Zero   RW          808    .bss.uwTick         stm32g0xx_hal.o
    0x20000544   0x08002974   0x00000004   PAD
    0x20000548        -       0x00000200   Zero   RW            2    HEAP                startup_stm32g030xx.o
    0x20000748        -       0x00000400   Zero   RW            1    STACK               startup_stm32g030xx.o


==============================================================================

Image component sizes


      Code (inc. data)   RO Data    RW Data    ZI Data      Debug   Object Name

      2000         72        247          0          0       8692   i2c.o
       196          8         46          0         24       8467   main.o
       814         24         26          0       1208      13806   segger_rtt.o
      1928         60         16          0          0       3953   segger_rtt_printf.o
        56         26        192          0       1536        612   startup_stm32g030xx.o
       276         12          0          5          4       6429   stm32g0xx_hal.o
       256         20          0          0          0       6052   stm32g0xx_hal_cortex.o
       770         32          0          0          0       4370   stm32g0xx_hal_gpio.o
        60          8          0          0          0       9185   stm32g0xx_hal_msp.o
       124         12          0          0          0       3939   stm32g0xx_hal_pwr_ex.o
      2580        116          0          0          0       8833   stm32g0xx_hal_rcc.o
        20          0          0          0          0        695   stm32g0xx_it.o
         2          0         64          4          0       1860   system_stm32g0xx.o

    ----------------------------------------------------------------------
      9086        390        624         12       2780      76893   Object Totals
         0          0         32          0          0          0   (incl. Generated)
         4          0          1          3          8          0   (incl. Padding)

    ----------------------------------------------------------------------

      Code (inc. data)   RO Data    RW Data    ZI Data      Debug   Library Member Name

         8          0          0          0          0         68   __main.o
         0          0          0          0          0          0   __rtentry.o
        12          0          0          0          0          0   __rtentry2.o
         6          0          0          0          0          0   __rtentry4.o
        60          8          0          0          0          0   __scatter.o
        26          0          0          0          0          0   __scatter_copy.o
        28          0          0          0          0          0   __scatter_zi.o
       364          4          0          0          0         92   aeabi_sdiv.o
        16          0          0          0          0         68   exit.o
         6          0          0          0          0        136   heapauxi.o
         0          0          0          0          0          0   indicate_semi.o
         2          0          0          0          0          0   libinit.o
         2          0          0          0          0          0   libinit2.o
         2          0          0          0          0          0   libshutdown.o
         2          0          0          0          0          0   libshutdown2.o
         8          4          0          0         96         68   libspace.o
        64          0          0          0          0        108   rt_memclr.o
       186          0          0          0          0        144   rt_memcpy.o
         2          0          0          0          0          0   rtexit.o
        10          0          0          0          0          0   rtexit2.o
        12          4          0          0          0         60   sys_exit.o
        62          0          0          0          0         80   sys_stackheap_outer.o
         2          0          0          0          0         68   use_no_semi.o

    ----------------------------------------------------------------------
       886         20          0          0         96        892   Library Totals
         6          0          0          0          0          0   (incl. Padding)

    ----------------------------------------------------------------------

      Code (inc. data)   RO Data    RW Data    ZI Data      Debug   Library Name

       880         20          0          0         96        892   c_p.l

    ----------------------------------------------------------------------
       886         20          0          0         96        892   Library Totals

    ----------------------------------------------------------------------

==============================================================================


      Code (inc. data)   RO Data    RW Data    ZI Data      Debug   

      9972        410        624         12       2876      77281   Grand Totals
      9972        410        624         12       2876      77281   ELF Image Totals
      9972        410        624         12          0          0   ROM Totals

==============================================================================

    Total RO  Size (Code + RO Data)                10596 (  10.35kB)
    Total RW  Size (RW Data + ZI Data)              2888 (   2.82kB)
    Total ROM Size (Code + RO Data + RW Data)      10608 (  10.36kB)

==============================================================================

